Archive member included to satisfy reference by file (symbol)

c:/st/stm32cubeide_1.8.0/stm32cubeide/plugins/com.st.stm32cube.ide.mcu.externaltools.gnu-tools-for-stm32.9-2020-q2-update.win32_2.0.0.202105311346/tools/bin/../lib/gcc/arm-none-eabi/9.3.1/../../../../arm-none-eabi/lib/thumb/v7e-m+fp/hard\libc_nano.a(lib_a-errno.o)
                              ./Core/Src/syscalls.o (__errno)
c:/st/stm32cubeide_1.8.0/stm32cubeide/plugins/com.st.stm32cube.ide.mcu.externaltools.gnu-tools-for-stm32.9-2020-q2-update.win32_2.0.0.202105311346/tools/bin/../lib/gcc/arm-none-eabi/9.3.1/../../../../arm-none-eabi/lib/thumb/v7e-m+fp/hard\libc_nano.a(lib_a-exit.o)
                              c:/st/stm32cubeide_1.8.0/stm32cubeide/plugins/com.st.stm32cube.ide.mcu.externaltools.gnu-tools-for-stm32.9-2020-q2-update.win32_2.0.0.202105311346/tools/bin/../lib/gcc/arm-none-eabi/9.3.1/../../../../arm-none-eabi/lib/thumb/v7e-m+fp/hard/crt0.o (exit)
c:/st/stm32cubeide_1.8.0/stm32cubeide/plugins/com.st.stm32cube.ide.mcu.externaltools.gnu-tools-for-stm32.9-2020-q2-update.win32_2.0.0.202105311346/tools/bin/../lib/gcc/arm-none-eabi/9.3.1/../../../../arm-none-eabi/lib/thumb/v7e-m+fp/hard\libc_nano.a(lib_a-impure.o)
                              c:/st/stm32cubeide_1.8.0/stm32cubeide/plugins/com.st.stm32cube.ide.mcu.externaltools.gnu-tools-for-stm32.9-2020-q2-update.win32_2.0.0.202105311346/tools/bin/../lib/gcc/arm-none-eabi/9.3.1/../../../../arm-none-eabi/lib/thumb/v7e-m+fp/hard\libc_nano.a(lib_a-exit.o) (_global_impure_ptr)
c:/st/stm32cubeide_1.8.0/stm32cubeide/plugins/com.st.stm32cube.ide.mcu.externaltools.gnu-tools-for-stm32.9-2020-q2-update.win32_2.0.0.202105311346/tools/bin/../lib/gcc/arm-none-eabi/9.3.1/../../../../arm-none-eabi/lib/thumb/v7e-m+fp/hard\libc_nano.a(lib_a-init.o)
                              c:/st/stm32cubeide_1.8.0/stm32cubeide/plugins/com.st.stm32cube.ide.mcu.externaltools.gnu-tools-for-stm32.9-2020-q2-update.win32_2.0.0.202105311346/tools/bin/../lib/gcc/arm-none-eabi/9.3.1/../../../../arm-none-eabi/lib/thumb/v7e-m+fp/hard/crt0.o (__libc_init_array)
c:/st/stm32cubeide_1.8.0/stm32cubeide/plugins/com.st.stm32cube.ide.mcu.externaltools.gnu-tools-for-stm32.9-2020-q2-update.win32_2.0.0.202105311346/tools/bin/../lib/gcc/arm-none-eabi/9.3.1/../../../../arm-none-eabi/lib/thumb/v7e-m+fp/hard\libc_nano.a(lib_a-memcmp.o)
                              ./thirdparty/SEGGER VIEW/OS/SEGGER_SYSVIEW_FreeRTOS.o (memcmp)
c:/st/stm32cubeide_1.8.0/stm32cubeide/plugins/com.st.stm32cube.ide.mcu.externaltools.gnu-tools-for-stm32.9-2020-q2-update.win32_2.0.0.202105311346/tools/bin/../lib/gcc/arm-none-eabi/9.3.1/../../../../arm-none-eabi/lib/thumb/v7e-m+fp/hard\libc_nano.a(lib_a-memcpy-stub.o)
                              ./thirdparty/FreeRTOS/queue.o (memcpy)
c:/st/stm32cubeide_1.8.0/stm32cubeide/plugins/com.st.stm32cube.ide.mcu.externaltools.gnu-tools-for-stm32.9-2020-q2-update.win32_2.0.0.202105311346/tools/bin/../lib/gcc/arm-none-eabi/9.3.1/../../../../arm-none-eabi/lib/thumb/v7e-m+fp/hard\libc_nano.a(lib_a-memset.o)
                              c:/st/stm32cubeide_1.8.0/stm32cubeide/plugins/com.st.stm32cube.ide.mcu.externaltools.gnu-tools-for-stm32.9-2020-q2-update.win32_2.0.0.202105311346/tools/bin/../lib/gcc/arm-none-eabi/9.3.1/../../../../arm-none-eabi/lib/thumb/v7e-m+fp/hard/crt0.o (memset)
c:/st/stm32cubeide_1.8.0/stm32cubeide/plugins/com.st.stm32cube.ide.mcu.externaltools.gnu-tools-for-stm32.9-2020-q2-update.win32_2.0.0.202105311346/tools/bin/../lib/gcc/arm-none-eabi/9.3.1/../../../../arm-none-eabi/lib/thumb/v7e-m+fp/hard\libc_nano.a(lib_a-snprintf.o)
                              ./Core/Src/main.o (snprintf)
c:/st/stm32cubeide_1.8.0/stm32cubeide/plugins/com.st.stm32cube.ide.mcu.externaltools.gnu-tools-for-stm32.9-2020-q2-update.win32_2.0.0.202105311346/tools/bin/../lib/gcc/arm-none-eabi/9.3.1/../../../../arm-none-eabi/lib/thumb/v7e-m+fp/hard\libc_nano.a(lib_a-strlen.o)
                              ./thirdparty/FreeRTOS/tasks.o (strlen)
c:/st/stm32cubeide_1.8.0/stm32cubeide/plugins/com.st.stm32cube.ide.mcu.externaltools.gnu-tools-for-stm32.9-2020-q2-update.win32_2.0.0.202105311346/tools/bin/../lib/gcc/arm-none-eabi/9.3.1/../../../../arm-none-eabi/lib/thumb/v7e-m+fp/hard\libc_nano.a(lib_a-nano-svfprintf.o)
                              c:/st/stm32cubeide_1.8.0/stm32cubeide/plugins/com.st.stm32cube.ide.mcu.externaltools.gnu-tools-for-stm32.9-2020-q2-update.win32_2.0.0.202105311346/tools/bin/../lib/gcc/arm-none-eabi/9.3.1/../../../../arm-none-eabi/lib/thumb/v7e-m+fp/hard\libc_nano.a(lib_a-snprintf.o) (_svfprintf_r)
c:/st/stm32cubeide_1.8.0/stm32cubeide/plugins/com.st.stm32cube.ide.mcu.externaltools.gnu-tools-for-stm32.9-2020-q2-update.win32_2.0.0.202105311346/tools/bin/../lib/gcc/arm-none-eabi/9.3.1/../../../../arm-none-eabi/lib/thumb/v7e-m+fp/hard\libc_nano.a(lib_a-nano-vfprintf_i.o)
[...]
Memory Configuration

Name             Origin             Length             Attributes
RAM              0x0000000020000000 0x0000000000020000 xrw
FLASH            0x0000000008000000 0x0000000000080000 xr
*default*        0x0000000000000000 0xffffffffffffffff

Linker script and memory map

LOAD c:/st/stm32cubeide_1.8.0/stm32cubeide/plugins/com.st.stm32cube.ide.mcu.externaltools.gnu-tools-for-stm32.9-2020-q2-update.win32_2.0.0.202105311346/tools/bin/../lib/gcc/arm-none-eabi/9.3.1/thumb/v7e-m+fp/hard/crti.o
LOAD c:/st/stm32cubeide_1.8.0/stm32cubeide/plugins/com.st.stm32cube.ide.mcu.externaltools.gnu-tools-for-stm32.9-2020-q2-update.win32_2.0.0.202105311346/tools/bin/../lib/gcc/arm-none-eabi/9.3.1/thumb/v7e-m+fp/hard/crtbegin.o
LOAD c:/st/stm32cubeide_1.8.0/stm32cubeide/plugins/com.st.stm32cube.ide.mcu.externaltools.gnu-tools-for-stm32.9-2020-q2-update.win32_2.0.0.202105311346/tools/bin/../lib/gcc/arm-none-eabi/9.3.1/../../../../arm-none-eabi/lib/thumb/v7e-m+fp/hard/crt0.o
LOAD ./Core/Src/main.o
LOAD ./Core/Src/stm32f4xx_hal_msp.o
LOAD ./Core/Src/stm32f4xx_hal_timebase_tim.o
LOAD ./Core/Src/stm32f4xx_it.o
LOAD ./Core/Src/syscalls.o
LOAD ./Core/Src/sysmem.o
LOAD ./Core/Src/system_stm32f4xx.o
LOAD ./Core/Startup/startup_stm32f411vetx.o
LOAD ./Drivers/STM32F4xx_HAL_Driver/Src/stm32f4xx_hal.o
LOAD ./Drivers/STM32F4xx_HAL_Driver/Src/stm32f4xx_hal_cortex.o
LOAD ./Drivers/STM32F4xx_HAL_Driver/Src/stm32f4xx_hal_dma.o
LOAD ./Drivers/STM32F4xx_HAL_Driver/Src/stm32f4xx_hal_dma_ex.o
LOAD ./Drivers/STM32F4xx_HAL_Driver/Src/stm32f4xx_hal_exti.o
LOAD ./Drivers/STM32F4xx_HAL_Driver/Src/stm32f4xx_hal_flash.o
LOAD ./Drivers/STM32F4xx_HAL_Driver/Src/stm32f4xx_hal_flash_ex.o
LOAD ./Drivers/STM32F4xx_HAL_Driver/Src/stm32f4xx_hal_flash_ramfunc.o
LOAD ./Drivers/STM32F4xx_HAL_Driver/Src/stm32f4xx_hal_gpio.o
LOAD ./Drivers/STM32F4xx_HAL_Driver/Src/stm32f4xx_hal_pwr.o
LOAD ./Drivers/STM32F4xx_HAL_Driver/Src/stm32f4xx_hal_pwr_ex.o
LOAD ./Drivers/STM32F4xx_HAL_Driver/Src/stm32f4xx_hal_rcc.o
LOAD ./Drivers/STM32F4xx_HAL_Driver/Src/stm32f4xx_hal_rcc_ex.o
LOAD ./Drivers/STM32F4xx_HAL_Driver/Src/stm32f4xx_hal_spi.o
LOAD ./Drivers/STM32F4xx_HAL_Driver/Src/stm32f4xx_hal_tim.o
LOAD ./Drivers/STM32F4xx_HAL_Driver/Src/stm32f4xx_hal_tim_ex.o
LOAD ./thirdparty/FreeRTOS/croutine.o
LOAD ./thirdparty/FreeRTOS/event_groups.o
LOAD ./thirdparty/FreeRTOS/list.o
LOAD ./thirdparty/FreeRTOS/queue.o
LOAD ./thirdparty/FreeRTOS/stream_buffer.o
LOAD ./thirdparty/FreeRTOS/tasks.o
LOAD ./thirdparty/FreeRTOS/timers.o
LOAD ./thirdparty/FreeRTOS/portable/GCC/ARM_CM4F/port.o
LOAD ./thirdparty/FreeRTOS/portable/MemMang/heap_4.o
LOAD ./thirdparty/SEGGER VIEW/CONFIG/SEGGER_SYSVIEW_Config_FreeRTOS.o
LOAD ./thirdparty/SEGGER VIEW/OS/SEGGER_SYSVIEW_FreeRTOS.o
LOAD ./thirdparty/SEGGER VIEW/REC/segger_uart.o
LOAD ./thirdparty/SEGGER VIEW/SEGGER/SEGGER_RTT.o
LOAD ./thirdparty/SEGGER VIEW/SEGGER/SEGGER_RTT_ASM_ARMv7M.o
LOAD ./thirdparty/SEGGER VIEW/SEGGER/SEGGER_RTT_printf.o
LOAD ./thirdparty/SEGGER VIEW/SEGGER/SEGGER_SYSVIEW.o
LOAD ./thirdparty/SEGGER VIEW/SEGGER/Syscalls/SEGGER_RTT_Syscalls_GCC.o
LOAD ./user_drivers/Src/keypad_4x4.o
LOAD ./user_drivers/Src/tm1638_led.o
START GROUP
LOAD c:/st/stm32cubeide_1.8.0/stm32cubeide/plugins/com.st.stm32cube.ide.mcu.externaltools.gnu-tools-for-stm32.9-2020-q2-update.win32_2.0.0.202105311346/tools/bin/../lib/gcc/arm-none-eabi/9.3.1/../../../../arm-none-eabi/lib/thumb/v7e-m+fp/hard\libc_nano.a
LOAD c:/st/stm32cubeide_1.8.0/stm32cubeide/plugins/com.st.stm32cube.ide.mcu.externaltools.gnu-tools-for-stm32.9-2020-q2-update.win32_2.0.0.202105311346/tools/bin/../lib/gcc/arm-none-eabi/9.3.1/../../../../arm-none-eabi/lib/thumb/v7e-m+fp/hard\libm.a
END GROUP
START GROUP
LOAD c:/st/stm32cubeide_1.8.0/stm32cubeide/plugins/com.st.stm32cube.ide.mcu.externaltools.gnu-tools-for-stm32.9-2020-q2-update.win32_2.0.0.202105311346/tools/bin/../lib/gcc/arm-none-eabi/9.3.1/thumb/v7e-m+fp/hard\libgcc.a
LOAD c:/st/stm32cubeide_1.8.0/stm32cubeide/plugins/com.st.stm32cube.ide.mcu.externaltools.gnu-tools-for-stm32.9-2020-q2-update.win32_2.0.0.202105311346/tools/bin/../lib/gcc/arm-none-eabi/9.3.1/../../../../arm-none-eabi/lib/thumb/v7e-m+fp/hard\libc_nano.a
END GROUP
START GROUP
LOAD c:/st/stm32cubeide_1.8.0/stm32cubeide/plugins/com.st.stm32cube.ide.mcu.externaltools.gnu-tools-for-stm32.9-2020-q2-update.win32_2.0.0.202105311346/tools/bin/../lib/gcc/arm-none-eabi/9.3.1/thumb/v7e-m+fp/hard\libgcc.a
LOAD c:/st/stm32cubeide_1.8.0/stm32cubeide/plugins/com.st.stm32cube.ide.mcu.externaltools.gnu-tools-for-stm32.9-2020-q2-update.win32_2.0.0.202105311346/tools/bin/../lib/gcc/arm-none-eabi/9.3.1/../../../../arm-none-eabi/lib/thumb/v7e-m+fp/hard\libc_nano.a
LOAD c:/st/stm32cubeide_1.8.0/stm32cubeide/plugins/com.st.stm32cube.ide.mcu.externaltools.gnu-tools-for-stm32.9-2020-q2-update.win32_2.0.0.202105311346/tools/bin/../lib/gcc/arm-none-eabi/9.3.1/../../../../arm-none-eabi/lib/thumb/v7e-m+fp/hard\libnosys.a
END GROUP
START GROUP
LOAD c:/st/stm32cubeide_1.8.0/stm32cubeide/plugins/com.st.stm32cube.ide.mcu.externaltools.gnu-tools-for-stm32.9-2020-q2-update.win32_2.0.0.202105311346/tools/bin/../lib/gcc/arm-none-eabi/9.3.1/thumb/v7e-m+fp/hard\libgcc.a
LOAD c:/st/stm32cubeide_1.8.0/stm32cubeide/plugins/com.st.stm32cube.ide.mcu.externaltools.gnu-tools-for-stm32.9-2020-q2-update.win32_2.0.0.202105311346/tools/bin/../lib/gcc/arm-none-eabi/9.3.1/../../../../arm-none-eabi/lib/thumb/v7e-m+fp/hard\libc_nano.a
LOAD c:/st/stm32cubeide_1.8.0/stm32cubeide/plugins/com.st.stm32cube.ide.mcu.externaltools.gnu-tools-for-stm32.9-2020-q2-update.win32_2.0.0.202105311346/tools/bin/../lib/gcc/arm-none-eabi/9.3.1/../../../../arm-none-eabi/lib/thumb/v7e-m+fp/hard\libnosys.a
END GROUP
LOAD c:/st/stm32cubeide_1.8.0/stm32cubeide/plugins/com.st.stm32cube.ide.mcu.externaltools.gnu-tools-for-stm32.9-2020-q2-update.win32_2.0.0.202105311346/tools/bin/../lib/gcc/arm-none-eabi/9.3.1/thumb/v7e-m+fp/hard/crtend.o
LOAD c:/st/stm32cubeide_1.8.0/stm32cubeide/plugins/com.st.stm32cube.ide.mcu.externaltools.gnu-tools-for-stm32.9-2020-q2-update.win32_2.0.0.202105311346/tools/bin/../lib/gcc/arm-none-eabi/9.3.1/thumb/v7e-m+fp/hard/crtn.o
                0x0000000020020000                _estack = (ORIGIN (RAM) + LENGTH (RAM))
                0x0000000000000200                _Min_Heap_Size = 0x200
                0x0000000000000400                _Min_Stack_Size = 0x400

.isr_vector     0x0000000008000000      0x198
                0x0000000008000000                . = ALIGN (0x4)
 *(.isr_vector)
 .isr_vector    0x0000000008000000      0x198 ./Core/Startup/startup_stm32f411vetx.o
                0x0000000008000000                g_pfnVectors
                0x0000000008000198                . = ALIGN (0x4)

.text           0x00000000080001a0     0x8594
                0x00000000080001a0                . = ALIGN (0x4)
 *(.text)
 .text          0x00000000080001a0       0x40 c:/st/stm32cubeide_1.8.0/stm32cubeide/plugins/com.st.stm32cube.ide.mcu.externaltools.gnu-tools-for-stm32.9-2020-q2-update.win32_2.0.0.202105311346/tools/bin/../lib/gcc/arm-none-eabi/9.3.1/thumb/v7e-m+fp/hard/crtbegin.o
 .text          0x00000000080001e0       0x94 ./thirdparty/SEGGER VIEW/SEGGER/SEGGER_RTT_ASM_ARMv7M.o
                0x00000000080001e0                SEGGER_RTT_ASM_WriteSkipNoLock
 *fill*         0x0000000008000274        0xc 
 .text          0x0000000008000280       0xa0 c:/st/stm32cubeide_1.8.0/stm32cubeide/plugins/com.st.stm32cube.ide.mcu.externaltools.gnu-tools-for-stm32.9-2020-q2-update.win32_2.0.0.202105311346/tools/bin/../lib/gcc/arm-none-eabi/9.3.1/../../../../arm-none-eabi/lib/thumb/v7e-m+fp/hard\libc_nano.a(lib_a-memchr.o)
                0x0000000008000280                memchr
 .text          0x0000000008000320       0x30 c:/st/stm32cubeide_1.8.0/stm32cubeide/plugins/com.st.stm32cube.ide.mcu.externaltools.gnu-tools-for-stm32.9-2020-q2-update.win32_2.0.0.202105311346/tools/bin/../lib/gcc/arm-none-eabi/9.3.1/thumb/v7e-m+fp/hard\libgcc.a(_aeabi_uldivmod.o)
                0x0000000008000320                __aeabi_uldivmod
 .text          0x0000000008000350      0x2c4 c:/st/stm32cubeide_1.8.0/stm32cubeide/plugins/com.st.stm32cube.ide.mcu.externaltools.gnu-tools-for-stm32.9-2020-q2-update.win32_2.0.0.202105311346/tools/bin/../lib/gcc/arm-none-eabi/9.3.1/thumb/v7e-m+fp/hard\libgcc.a(_udivmoddi4.o)
                0x0000000008000350                __udivmoddi4
 .text          0x0000000008000614        0x4 c:/st/stm32cubeide_1.8.0/stm32cubeide/plugins/com.st.stm32cube.ide.mcu.externaltools.gnu-tools-for-stm32.9-2020-q2-update.win32_2.0.0.202105311346/tools/bin/../lib/gcc/arm-none-eabi/9.3.1/thumb/v7e-m+fp/hard\libgcc.a(_dvmd_tls.o)
                0x0000000008000614                __aeabi_idiv0
                0x0000000008000614                __aeabi_ldiv0
 *(.text*)
 .text.main     0x0000000008000618       0xe0 ./Core/Src/main.o
                0x0000000008000618                main
 .text.SystemClock_Config
                0x00000000080006f8       0xd4 ./Core/Src/main.o
                0x00000000080006f8                SystemClock_Config
 .text.MX_SPI1_Init
                0x00000000080007cc       0x70 ./Core/Src/main.o
 .text.MX_GPIO_Init
                0x000000000800083c      0x148 ./Core/Src/main.o
 .text.handle_tm1638
                0x0000000008000984      0x128 ./Core/Src/main.o
 .text.handle_keypad
                0x0000000008000aac       0x5c ./Core/Src/main.o
 .text.HAL_TIM_PeriodElapsedCallback
                0x0000000008000b08       0x24 ./Core/Src/main.o
                0x0000000008000b08                HAL_TIM_PeriodElapsedCallback
 .text.Error_Handler
                0x0000000008000b2c        0xa ./Core/Src/main.o
                0x0000000008000b2c                Error_Handler
 *fill*         0x0000000008000b36        0x2 
 .text.HAL_MspInit
                0x0000000008000b38       0x50 ./Core/Src/stm32f4xx_hal_msp.o
                0x0000000008000b38                HAL_MspInit
 .text.HAL_SPI_MspInit
                0x0000000008000b88       0x90 ./Core/Src/stm32f4xx_hal_msp.o
                0x0000000008000b88                HAL_SPI_MspInit
 .text.HAL_InitTick
                0x0000000008000c18       0xb4 ./Core/Src/stm32f4xx_hal_timebase_tim.o
                0x0000000008000c18                HAL_InitTick
 .text.NMI_Handler
                0x0000000008000ccc        0x6 ./Core/Src/stm32f4xx_it.o
                0x0000000008000ccc                NMI_Handler
 .text.HardFault_Handler
                0x0000000008000cd2        0x6 ./Core/Src/stm32f4xx_it.o
                0x0000000008000cd2                HardFault_Handler
 .text.MemManage_Handler
                0x0000000008000cd8        0x6 ./Core/Src/stm32f4xx_it.o
                0x0000000008000cd8                MemManage_Handler
 .text.BusFault_Handler
                0x0000000008000cde        0x6 ./Core/Src/stm32f4xx_it.o
                0x0000000008000cde                BusFault_Handler
 .text.UsageFault_Handler
                0x0000000008000ce4        0x6 ./Core/Src/stm32f4xx_it.o
                0x0000000008000ce4                UsageFault_Handler
 .text.DebugMon_Handler
                0x0000000008000cea        0xe ./Core/Src/stm32f4xx_it.o
                0x0000000008000cea                DebugMon_Handler
 .text.EXTI0_IRQHandler
                0x0000000008000cf8        0xe ./Core/Src/stm32f4xx_it.o
                0x0000000008000cf8                EXTI0_IRQHandler
 *fill*         0x0000000008000d06        0x2 
 .text.TIM5_IRQHandler
                0x0000000008000d08       0x14 ./Core/Src/stm32f4xx_it.o
                0x0000000008000d08                TIM5_IRQHandler
 .text._sbrk    0x0000000008000d1c       0x6c ./Core/Src/sysmem.o
                0x0000000008000d1c                _sbrk
 .text.SystemInit
                0x0000000008000d88       0x24 ./Core/Src/system_stm32f4xx.o
                0x0000000008000d88                SystemInit
 .text.Reset_Handler
                0x0000000008000dac       0x50 ./Core/Startup/startup_stm32f411vetx.o
                0x0000000008000dac                Reset_Handler
 .text.Default_Handler
                0x0000000008000dfc        0x2 ./Core/Startup/startup_stm32f411vetx.o
                0x0000000008000dfc                RTC_Alarm_IRQHandler
                0x0000000008000dfc                EXTI2_IRQHandler
                0x0000000008000dfc                SPI4_IRQHandler
                0x0000000008000dfc                TIM1_CC_IRQHandler
                0x0000000008000dfc                DMA2_Stream5_IRQHandler
                0x0000000008000dfc                DMA1_Stream5_IRQHandler
                0x0000000008000dfc                PVD_IRQHandler
                0x0000000008000dfc                SDIO_IRQHandler
                0x0000000008000dfc                TAMP_STAMP_IRQHandler
                0x0000000008000dfc                EXTI3_IRQHandler
                0x0000000008000dfc                TIM1_UP_TIM10_IRQHandler
                0x0000000008000dfc                I2C3_ER_IRQHandler
                0x0000000008000dfc                I2C2_EV_IRQHandler
                0x0000000008000dfc                DMA1_Stream2_IRQHandler
                0x0000000008000dfc                FPU_IRQHandler
                0x0000000008000dfc                DMA2_Stream2_IRQHandler
                0x0000000008000dfc                SPI1_IRQHandler
                0x0000000008000dfc                TIM1_BRK_TIM9_IRQHandler
                0x0000000008000dfc                DMA2_Stream3_IRQHandler
                0x0000000008000dfc                USART6_IRQHandler
                0x0000000008000dfc                DMA2_Stream0_IRQHandler
                0x0000000008000dfc                TIM4_IRQHandler
                0x0000000008000dfc                I2C1_EV_IRQHandler
                0x0000000008000dfc                DMA1_Stream6_IRQHandler
                0x0000000008000dfc                DMA1_Stream1_IRQHandler
                0x0000000008000dfc                TIM3_IRQHandler
                0x0000000008000dfc                RCC_IRQHandler
                0x0000000008000dfc                Default_Handler
                0x0000000008000dfc                EXTI15_10_IRQHandler
                0x0000000008000dfc                ADC_IRQHandler
                0x0000000008000dfc                DMA1_Stream7_IRQHandler
                0x0000000008000dfc                SPI5_IRQHandler
                0x0000000008000dfc                DMA2_Stream7_IRQHandler
                0x0000000008000dfc                I2C3_EV_IRQHandler
                0x0000000008000dfc                EXTI9_5_IRQHandler
                0x0000000008000dfc                RTC_WKUP_IRQHandler
                0x0000000008000dfc                SPI2_IRQHandler
                0x0000000008000dfc                DMA1_Stream0_IRQHandler
                0x0000000008000dfc                EXTI4_IRQHandler
                0x0000000008000dfc                WWDG_IRQHandler
                0x0000000008000dfc                TIM2_IRQHandler
                0x0000000008000dfc                OTG_FS_WKUP_IRQHandler
                0x0000000008000dfc                TIM1_TRG_COM_TIM11_IRQHandler
                0x0000000008000dfc                EXTI1_IRQHandler
                0x0000000008000dfc                I2C2_ER_IRQHandler
                0x0000000008000dfc                DMA2_Stream1_IRQHandler
                0x0000000008000dfc                FLASH_IRQHandler
                0x0000000008000dfc                DMA2_Stream4_IRQHandler
                0x0000000008000dfc                USART1_IRQHandler
                0x0000000008000dfc                OTG_FS_IRQHandler
                0x0000000008000dfc                SPI3_IRQHandler
                0x0000000008000dfc                DMA1_Stream4_IRQHandler
                0x0000000008000dfc                I2C1_ER_IRQHandler
                0x0000000008000dfc                DMA2_Stream6_IRQHandler
                0x0000000008000dfc                DMA1_Stream3_IRQHandler
 *fill*         0x0000000008000dfe        0x2 
 .text.HAL_Init
                0x0000000008000e00       0x44 ./Drivers/STM32F4xx_HAL_Driver/Src/stm32f4xx_hal.o
                0x0000000008000e00                HAL_Init
 .text.HAL_IncTick
                0x0000000008000e44       0x28 ./Drivers/STM32F4xx_HAL_Driver/Src/stm32f4xx_hal.o
                0x0000000008000e44                HAL_IncTick
 .text.HAL_GetTick
                0x0000000008000e6c       0x18 ./Drivers/STM32F4xx_HAL_Driver/Src/stm32f4xx_hal.o
                0x0000000008000e6c                HAL_GetTick
 .text.HAL_Delay
                0x0000000008000e84       0x48 ./Drivers/STM32F4xx_HAL_Driver/Src/stm32f4xx_hal.o
                0x0000000008000e84                HAL_Delay
 .text.__NVIC_SetPriorityGrouping
                0x0000000008000ecc       0x48 ./Drivers/STM32F4xx_HAL_Driver/Src/stm32f4xx_hal_cortex.o
 .text.__NVIC_GetPriorityGrouping
                0x0000000008000f14       0x1c ./Drivers/STM32F4xx_HAL_Driver/Src/stm32f4xx_hal_cortex.o
 .text.__NVIC_EnableIRQ
                0x0000000008000f30       0x3c ./Drivers/STM32F4xx_HAL_Driver/Src/stm32f4xx_hal_cortex.o
 .text.__NVIC_SetPriority
                0x0000000008000f6c       0x54 ./Drivers/STM32F4xx_HAL_Driver/Src/stm32f4xx_hal_cortex.o
 .text.NVIC_EncodePriority
                0x0000000008000fc0       0x66 ./Drivers/STM32F4xx_HAL_Driver/Src/stm32f4xx_hal_cortex.o
 .text.HAL_NVIC_SetPriorityGrouping
                0x0000000008001026       0x16 ./Drivers/STM32F4xx_HAL_Driver/Src/stm32f4xx_hal_cortex.o
                0x0000000008001026                HAL_NVIC_SetPriorityGrouping
 .text.HAL_NVIC_SetPriority
                0x000000000800103c       0x38 ./Drivers/STM32F4xx_HAL_Driver/Src/stm32f4xx_hal_cortex.o
                0x000000000800103c                HAL_NVIC_SetPriority
 .text.HAL_NVIC_EnableIRQ
                0x0000000008001074       0x1c ./Drivers/STM32F4xx_HAL_Driver/Src/stm32f4xx_hal_cortex.o
                0x0000000008001074                HAL_NVIC_EnableIRQ
 .text.HAL_GPIO_Init
                0x0000000008001090      0x308 ./Drivers/STM32F4xx_HAL_Driver/Src/stm32f4xx_hal_gpio.o
                0x0000000008001090                HAL_GPIO_Init
 .text.HAL_GPIO_ReadPin
                0x0000000008001398       0x30 ./Drivers/STM32F4xx_HAL_Driver/Src/stm32f4xx_hal_gpio.o
                0x0000000008001398                HAL_GPIO_ReadPin
 .text.HAL_GPIO_WritePin
                0x00000000080013c8       0x32 ./Drivers/STM32F4xx_HAL_Driver/Src/stm32f4xx_hal_gpio.o
                0x00000000080013c8                HAL_GPIO_WritePin
 *fill*         0x00000000080013fa        0x2 
 .text.HAL_GPIO_EXTI_IRQHandler
                0x00000000080013fc       0x30 ./Drivers/STM32F4xx_HAL_Driver/Src/stm32f4xx_hal_gpio.o
                0x00000000080013fc                HAL_GPIO_EXTI_IRQHandler
 .text.HAL_GPIO_EXTI_Callback
                0x000000000800142c       0x16 ./Drivers/STM32F4xx_HAL_Driver/Src/stm32f4xx_hal_gpio.o
                0x000000000800142c                HAL_GPIO_EXTI_Callback
 *fill*         0x0000000008001442        0x2 
 .text.HAL_RCC_OscConfig
                0x0000000008001444      0x4f0 ./Drivers/STM32F4xx_HAL_Driver/Src/stm32f4xx_hal_rcc.o
                0x0000000008001444                HAL_RCC_OscConfig
 .text.HAL_RCC_ClockConfig
                0x0000000008001934      0x1cc ./Drivers/STM32F4xx_HAL_Driver/Src/stm32f4xx_hal_rcc.o
                0x0000000008001934                HAL_RCC_ClockConfig
 .text.HAL_RCC_GetSysClockFreq
                0x0000000008001b00      0x1c4 ./Drivers/STM32F4xx_HAL_Driver/Src/stm32f4xx_hal_rcc.o
                0x0000000008001b00                HAL_RCC_GetSysClockFreq
 .text.HAL_RCC_GetHCLKFreq
                0x0000000008001cc4       0x18 ./Drivers/STM32F4xx_HAL_Driver/Src/stm32f4xx_hal_rcc.o
                0x0000000008001cc4                HAL_RCC_GetHCLKFreq
 .text.HAL_RCC_GetPCLK1Freq
                0x0000000008001cdc       0x28 ./Drivers/STM32F4xx_HAL_Driver/Src/stm32f4xx_hal_rcc.o
                0x0000000008001cdc                HAL_RCC_GetPCLK1Freq
 .text.HAL_RCC_GetClockConfig
                0x0000000008001d04       0x64 ./Drivers/STM32F4xx_HAL_Driver/Src/stm32f4xx_hal_rcc.o
                0x0000000008001d04                HAL_RCC_GetClockConfig
 .text.HAL_SPI_Init
                0x0000000008001d68      0x112 ./Drivers/STM32F4xx_HAL_Driver/Src/stm32f4xx_hal_spi.o
                0x0000000008001d68                HAL_SPI_Init
 .text.HAL_SPI_Transmit
                0x0000000008001e7a      0x278 ./Drivers/STM32F4xx_HAL_Driver/Src/stm32f4xx_hal_spi.o
                0x0000000008001e7a                HAL_SPI_Transmit
 *fill*         0x00000000080020f2        0x2 
 .text.SPI_WaitFlagStateUntilTimeout
                0x00000000080020f4      0x110 ./Drivers/STM32F4xx_HAL_Driver/Src/stm32f4xx_hal_spi.o
 .text.SPI_EndRxTxTransaction
                0x0000000008002204       0x84 ./Drivers/STM32F4xx_HAL_Driver/Src/stm32f4xx_hal_spi.o
 .text.HAL_TIM_Base_Init
                0x0000000008002288       0x9e ./Drivers/STM32F4xx_HAL_Driver/Src/stm32f4xx_hal_tim.o
                0x0000000008002288                HAL_TIM_Base_Init
 .text.HAL_TIM_Base_MspInit
                0x0000000008002326       0x14 ./Drivers/STM32F4xx_HAL_Driver/Src/stm32f4xx_hal_tim.o
                0x0000000008002326                HAL_TIM_Base_MspInit
 *fill*         0x000000000800233a        0x2 
 .text.HAL_TIM_Base_Start_IT
                0x000000000800233c       0xc4 ./Drivers/STM32F4xx_HAL_Driver/Src/stm32f4xx_hal_tim.o
                0x000000000800233c                HAL_TIM_Base_Start_IT
 .text.HAL_TIM_IRQHandler
                0x0000000008002400      0x210 ./Drivers/STM32F4xx_HAL_Driver/Src/stm32f4xx_hal_tim.o
                0x0000000008002400                HAL_TIM_IRQHandler
 .text.HAL_TIM_OC_DelayElapsedCallback
                0x0000000008002610       0x14 ./Drivers/STM32F4xx_HAL_Driver/Src/stm32f4xx_hal_tim.o
                0x0000000008002610                HAL_TIM_OC_DelayElapsedCallback
 .text.HAL_TIM_IC_CaptureCallback
                0x0000000008002624       0x14 ./Drivers/STM32F4xx_HAL_Driver/Src/stm32f4xx_hal_tim.o
                0x0000000008002624                HAL_TIM_IC_CaptureCallback
 .text.HAL_TIM_PWM_PulseFinishedCallback
                0x0000000008002638       0x14 ./Drivers/STM32F4xx_HAL_Driver/Src/stm32f4xx_hal_tim.o
                0x0000000008002638                HAL_TIM_PWM_PulseFinishedCallback
 .text.HAL_TIM_TriggerCallback
                0x000000000800264c       0x14 ./Drivers/STM32F4xx_HAL_Driver/Src/stm32f4xx_hal_tim.o
                0x000000000800264c                HAL_TIM_TriggerCallback
 .text.TIM_Base_SetConfig
                0x0000000008002660      0x100 ./Drivers/STM32F4xx_HAL_Driver/Src/stm32f4xx_hal_tim.o
                0x0000000008002660                TIM_Base_SetConfig
 .text.HAL_TIMEx_CommutCallback
                0x0000000008002760       0x14 ./Drivers/STM32F4xx_HAL_Driver/Src/stm32f4xx_hal_tim_ex.o
                0x0000000008002760                HAL_TIMEx_CommutCallback
 .text.HAL_TIMEx_BreakCallback
                0x0000000008002774       0x14 ./Drivers/STM32F4xx_HAL_Driver/Src/stm32f4xx_hal_tim_ex.o
                0x0000000008002774                HAL_TIMEx_BreakCallback
 .text.vListInitialise
                0x0000000008002788       0x40 ./thirdparty/FreeRTOS/list.o
                0x0000000008002788                vListInitialise
 .text.vListInitialiseItem
                0x00000000080027c8       0x1a ./thirdparty/FreeRTOS/list.o
                0x00000000080027c8                vListInitialiseItem
 .text.vListInsertEnd
                0x00000000080027e2       0x48 ./thirdparty/FreeRTOS/list.o
                0x00000000080027e2                vListInsertEnd
 .text.vListInsert
                0x000000000800282a       0x72 ./thirdparty/FreeRTOS/list.o
                0x000000000800282a                vListInsert
 .text.uxListRemove
                0x000000000800289c       0x54 ./thirdparty/FreeRTOS/list.o
                0x000000000800289c                uxListRemove
 .text.xQueueGenericReset
                0x00000000080028f0       0xd0 ./thirdparty/FreeRTOS/queue.o
                0x00000000080028f0                xQueueGenericReset
 .text.xQueueGenericCreate
                0x00000000080029c0       0xbe ./thirdparty/FreeRTOS/queue.o
                0x00000000080029c0                xQueueGenericCreate
 .text.prvInitialiseNewQueue
                0x0000000008002a7e       0x52 ./thirdparty/FreeRTOS/queue.o
 .text.xQueueGenericSend
                0x0000000008002ad0      0x21c ./thirdparty/FreeRTOS/queue.o
                0x0000000008002ad0                xQueueGenericSend
 .text.xQueueReceive
                0x0000000008002cec      0x1f0 ./thirdparty/FreeRTOS/queue.o
                0x0000000008002cec                xQueueReceive
 .text.prvCopyDataToQueue
                0x0000000008002edc       0xd4 ./thirdparty/FreeRTOS/queue.o
 .text.prvCopyDataFromQueue
                0x0000000008002fb0       0x4c ./thirdparty/FreeRTOS/queue.o
 .text.prvUnlockQueue
                0x0000000008002ffc       0xa4 ./thirdparty/FreeRTOS/queue.o
 .text.prvIsQueueEmpty
                0x00000000080030a0       0x2c ./thirdparty/FreeRTOS/queue.o
 .text.prvIsQueueFull
                0x00000000080030cc       0x30 ./thirdparty/FreeRTOS/queue.o
 .text.xTaskCreate
                0x00000000080030fc       0x82 ./thirdparty/FreeRTOS/tasks.o
                0x00000000080030fc                xTaskCreate
 .text.prvInitialiseNewTask
                0x000000000800317e      0x12c ./thirdparty/FreeRTOS/tasks.o
 *fill*         0x00000000080032aa        0x2 
 .text.prvAddNewTaskToReadyList
                0x00000000080032ac      0x118 ./thirdparty/FreeRTOS/tasks.o
 .text.xTaskDelayUntil
                0x00000000080033c4      0x104 ./thirdparty/FreeRTOS/tasks.o
                0x00000000080033c4                xTaskDelayUntil
 .text.vTaskDelay
                0x00000000080034c8       0x70 ./thirdparty/FreeRTOS/tasks.o
                0x00000000080034c8                vTaskDelay
 .text.vTaskSuspend
                0x0000000008003538      0x15c ./thirdparty/FreeRTOS/tasks.o
                0x0000000008003538                vTaskSuspend
 .text.prvTaskIsTaskSuspended
                0x0000000008003694       0x64 ./thirdparty/FreeRTOS/tasks.o
 .text.vTaskResume
                0x00000000080036f8       0xd4 ./thirdparty/FreeRTOS/tasks.o
                0x00000000080036f8                vTaskResume
 .text.vTaskStartScheduler
                0x00000000080037cc       0xb8 ./thirdparty/FreeRTOS/tasks.o
                0x00000000080037cc                vTaskStartScheduler
 .text.vTaskSuspendAll
                0x0000000008003884       0x1c ./thirdparty/FreeRTOS/tasks.o
                0x0000000008003884                vTaskSuspendAll
 .text.xTaskResumeAll
                0x00000000080038a0      0x140 ./thirdparty/FreeRTOS/tasks.o
                0x00000000080038a0                xTaskResumeAll
 .text.xTaskGetTickCount
                0x00000000080039e0       0x20 ./thirdparty/FreeRTOS/tasks.o
                0x00000000080039e0                xTaskGetTickCount
 .text.xTaskGetTickCountFromISR
                0x0000000008003a00       0x24 ./thirdparty/FreeRTOS/tasks.o
                0x0000000008003a00                xTaskGetTickCountFromISR
 .text.xTaskIncrementTick
                0x0000000008003a24      0x178 ./thirdparty/FreeRTOS/tasks.o
                0x0000000008003a24                xTaskIncrementTick
 .text.vTaskSwitchContext
                0x0000000008003b9c       0xd4 ./thirdparty/FreeRTOS/tasks.o
                0x0000000008003b9c                vTaskSwitchContext
 .text.vTaskPlaceOnEventList
                0x0000000008003c70       0x48 ./thirdparty/FreeRTOS/tasks.o
                0x0000000008003c70                vTaskPlaceOnEventList
 .text.xTaskRemoveFromEventList
                0x0000000008003cb8       0xcc ./thirdparty/FreeRTOS/tasks.o
                0x0000000008003cb8                xTaskRemoveFromEventList
 .text.vTaskInternalSetTimeOutState
                0x0000000008003d84       0x2c ./thirdparty/FreeRTOS/tasks.o
                0x0000000008003d84                vTaskInternalSetTimeOutState
 .text.xTaskCheckForTimeOut
                0x0000000008003db0       0xcc ./thirdparty/FreeRTOS/tasks.o
                0x0000000008003db0                xTaskCheckForTimeOut
 .text.vTaskMissedYield
                0x0000000008003e7c       0x18 ./thirdparty/FreeRTOS/tasks.o
                0x0000000008003e7c                vTaskMissedYield
 .text.prvIdleTask
                0x0000000008003e94       0x30 ./thirdparty/FreeRTOS/tasks.o
 .text.prvInitialiseTaskLists
                0x0000000008003ec4       0x80 ./thirdparty/FreeRTOS/tasks.o
 .text.prvCheckTasksWaitingTermination
                0x0000000008003f44       0x5c ./thirdparty/FreeRTOS/tasks.o
 .text.prvDeleteTCB
                0x0000000008003fa0       0x20 ./thirdparty/FreeRTOS/tasks.o
 .text.prvResetNextTaskUnblockTime
                0x0000000008003fc0       0x38 ./thirdparty/FreeRTOS/tasks.o
 .text.xTaskPriorityDisinherit
                0x0000000008003ff8      0x100 ./thirdparty/FreeRTOS/tasks.o
                0x0000000008003ff8                xTaskPriorityDisinherit
 .text.prvAddCurrentTaskToDelayedList
                0x00000000080040f8       0xf0 ./thirdparty/FreeRTOS/tasks.o
 .text.pxPortInitialiseStack
                0x00000000080041e8       0x68 ./thirdparty/FreeRTOS/portable/GCC/ARM_CM4F/port.o
                0x00000000080041e8                pxPortInitialiseStack
 .text.prvTaskExitError
                0x0000000008004250       0x58 ./thirdparty/FreeRTOS/portable/GCC/ARM_CM4F/port.o
 *fill*         0x00000000080042a8        0x8 
 .text.SVC_Handler
                0x00000000080042b0       0x28 ./thirdparty/FreeRTOS/portable/GCC/ARM_CM4F/port.o
                0x00000000080042b0                SVC_Handler
 .text.prvPortStartFirstTask
                0x00000000080042d8       0x2c ./thirdparty/FreeRTOS/portable/GCC/ARM_CM4F/port.o
 .text.xPortStartScheduler
                0x0000000008004304      0x144 ./thirdparty/FreeRTOS/portable/GCC/ARM_CM4F/port.o
                0x0000000008004304                xPortStartScheduler
 .text.vInitPrioGroupValue
                0x0000000008004448       0xfc ./thirdparty/FreeRTOS/portable/GCC/ARM_CM4F/port.o
                0x0000000008004448                vInitPrioGroupValue
 .text.vPortEnterCritical
                0x0000000008004544       0x60 ./thirdparty/FreeRTOS/portable/GCC/ARM_CM4F/port.o
                0x0000000008004544                vPortEnterCritical
 .text.vPortExitCritical
                0x00000000080045a4       0x54 ./thirdparty/FreeRTOS/portable/GCC/ARM_CM4F/port.o
                0x00000000080045a4                vPortExitCritical
 *fill*         0x00000000080045f8        0x8 
 .text.PendSV_Handler
                0x0000000008004600       0x68 ./thirdparty/FreeRTOS/portable/GCC/ARM_CM4F/port.o
                0x0000000008004600                PendSV_Handler
 .text.SysTick_Handler
                0x0000000008004668       0x54 ./thirdparty/FreeRTOS/portable/GCC/ARM_CM4F/port.o
                0x0000000008004668                SysTick_Handler
 .text.vPortSetupTimerInterrupt
                0x00000000080046bc       0x48 ./thirdparty/FreeRTOS/portable/GCC/ARM_CM4F/port.o
                0x00000000080046bc                vPortSetupTimerInterrupt
 .text.vPortEnableVFP
                0x0000000008004704       0x18 ./thirdparty/FreeRTOS/portable/GCC/ARM_CM4F/port.o
 .text.vPortValidateInterruptPriority
                0x000000000800471c       0x80 ./thirdparty/FreeRTOS/portable/GCC/ARM_CM4F/port.o
                0x000000000800471c                vPortValidateInterruptPriority
 .text.pvPortMalloc
                0x000000000800479c      0x1c0 ./thirdparty/FreeRTOS/portable/MemMang/heap_4.o
                0x000000000800479c                pvPortMalloc
 .text.vPortFree
                0x000000000800495c       0xc4 ./thirdparty/FreeRTOS/portable/MemMang/heap_4.o
                0x000000000800495c                vPortFree
 .text.prvHeapInit
                0x0000000008004a20       0xc4 ./thirdparty/FreeRTOS/portable/MemMang/heap_4.o
 .text.prvInsertBlockIntoFreeList
                0x0000000008004ae4       0xb4 ./thirdparty/FreeRTOS/portable/MemMang/heap_4.o
 .text._cbSendSystemDesc
                0x0000000008004b98       0x1c ./thirdparty/SEGGER VIEW/CONFIG/SEGGER_SYSVIEW_Config_FreeRTOS.o
 .text.SEGGER_SYSVIEW_Conf
                0x0000000008004bb4       0x2c ./thirdparty/SEGGER VIEW/CONFIG/SEGGER_SYSVIEW_Config_FreeRTOS.o
                0x0000000008004bb4                SEGGER_SYSVIEW_Conf
 .text._cbSendTaskList
                0x0000000008004be0       0x90 ./thirdparty/SEGGER VIEW/OS/SEGGER_SYSVIEW_FreeRTOS.o
 .text._cbGetTime
                0x0000000008004c70       0x78 ./thirdparty/SEGGER VIEW/OS/SEGGER_SYSVIEW_FreeRTOS.o
 .text.SYSVIEW_AddTask
                0x0000000008004ce8       0xd0 ./thirdparty/SEGGER VIEW/OS/SEGGER_SYSVIEW_FreeRTOS.o
                0x0000000008004ce8                SYSVIEW_AddTask
 .text.SYSVIEW_SendTaskInfo
                0x0000000008004db8       0x42 ./thirdparty/SEGGER VIEW/OS/SEGGER_SYSVIEW_FreeRTOS.o
                0x0000000008004db8                SYSVIEW_SendTaskInfo
 *fill*         0x0000000008004dfa        0x2 
 .text.__NVIC_EnableIRQ
                0x0000000008004dfc       0x3c ./thirdparty/SEGGER VIEW/REC/segger_uart.o
 .text.__NVIC_SetPriority
                0x0000000008004e38       0x54 ./thirdparty/SEGGER VIEW/REC/segger_uart.o
 .text._StartSysView
                0x0000000008004e8c       0x1e ./thirdparty/SEGGER VIEW/REC/segger_uart.o
 *fill*         0x0000000008004eaa        0x2 
 .text._cbOnUARTRx
                0x0000000008004eac       0x40 ./thirdparty/SEGGER VIEW/REC/segger_uart.o
 .text._cbOnUARTTx
                0x0000000008004eec       0x64 ./thirdparty/SEGGER VIEW/REC/segger_uart.o
 .text.SEGGER_UART_init
                0x0000000008004f50       0x24 ./thirdparty/SEGGER VIEW/REC/segger_uart.o
                0x0000000008004f50                SEGGER_UART_init
 .text.USART2_IRQHandler
                0x0000000008004f74       0x94 ./thirdparty/SEGGER VIEW/REC/segger_uart.o
                0x0000000008004f74                USART2_IRQHandler
 .text.HIF_UART_EnableTXEInterrupt
                0x0000000008005008       0x20 ./thirdparty/SEGGER VIEW/REC/segger_uart.o
                0x0000000008005008                HIF_UART_EnableTXEInterrupt
 .text.HIF_UART_Init
                0x0000000008005028       0xf4 ./thirdparty/SEGGER VIEW/REC/segger_uart.o
                0x0000000008005028                HIF_UART_Init
 .text._DoInit  0x000000000800511c       0xb0 ./thirdparty/SEGGER VIEW/SEGGER/SEGGER_RTT.o
 .text._WriteBlocking
                0x00000000080051cc       0xba ./thirdparty/SEGGER VIEW/SEGGER/SEGGER_RTT.o
 .text._WriteNoCheck
                0x0000000008005286       0x90 ./thirdparty/SEGGER VIEW/SEGGER/SEGGER_RTT.o
 .text._GetAvailWriteSpace
                0x0000000008005316       0x46 ./thirdparty/SEGGER VIEW/SEGGER/SEGGER_RTT.o
 .text.SEGGER_RTT_ReadUpBufferNoLock
                0x000000000800535c      0x10c ./thirdparty/SEGGER VIEW/SEGGER/SEGGER_RTT.o
                0x000000000800535c                SEGGER_RTT_ReadUpBufferNoLock
 .text.SEGGER_RTT_ReadNoLock
                0x0000000008005468      0x10c ./thirdparty/SEGGER VIEW/SEGGER/SEGGER_RTT.o
                0x0000000008005468                SEGGER_RTT_ReadNoLock
 .text.SEGGER_RTT_WriteDownBufferNoLock
                0x0000000008005574       0xa0 ./thirdparty/SEGGER VIEW/SEGGER/SEGGER_RTT.o
                0x0000000008005574                SEGGER_RTT_WriteDownBufferNoLock
 .text.SEGGER_RTT_WriteDownBuffer
                0x0000000008005614       0x4c ./thirdparty/SEGGER VIEW/SEGGER/SEGGER_RTT.o
                0x0000000008005614                SEGGER_RTT_WriteDownBuffer
 .text.SEGGER_RTT_AllocUpBuffer
                0x0000000008005660      0x108 ./thirdparty/SEGGER VIEW/SEGGER/SEGGER_RTT.o
                0x0000000008005660                SEGGER_RTT_AllocUpBuffer
 .text.SEGGER_RTT_ConfigDownBuffer
                0x0000000008005768       0xe0 ./thirdparty/SEGGER VIEW/SEGGER/SEGGER_RTT.o
                0x0000000008005768                SEGGER_RTT_ConfigDownBuffer
 .text._EncodeStr
                0x0000000008005848       0x9a ./thirdparty/SEGGER VIEW/SEGGER/SEGGER_SYSVIEW.o
 .text._PreparePacket
                0x00000000080058e2       0x18 ./thirdparty/SEGGER VIEW/SEGGER/SEGGER_SYSVIEW.o
 *fill*         0x00000000080058fa        0x2 
 .text._HandleIncomingPacket
                0x00000000080058fc       0xe4 ./thirdparty/SEGGER VIEW/SEGGER/SEGGER_SYSVIEW.o
 .text._TrySendOverflowPacket
                0x00000000080059e0       0xe8 ./thirdparty/SEGGER VIEW/SEGGER/SEGGER_SYSVIEW.o
 .text._SendPacket
                0x0000000008005ac8      0x1d0 ./thirdparty/SEGGER VIEW/SEGGER/SEGGER_SYSVIEW.o
 .text._StoreChar
                0x0000000008005c98       0xf6 ./thirdparty/SEGGER VIEW/SEGGER/SEGGER_SYSVIEW.o
 *fill*         0x0000000008005d8e        0x2 
 .text._PrintUnsigned
                0x0000000008005d90      0x12c ./thirdparty/SEGGER VIEW/SEGGER/SEGGER_SYSVIEW.o
 .text._PrintInt
                0x0000000008005ebc      0x11e ./thirdparty/SEGGER VIEW/SEGGER/SEGGER_SYSVIEW.o
 *fill*         0x0000000008005fda        0x2 
 .text._VPrintTarget
                0x0000000008005fdc      0x3f0 ./thirdparty/SEGGER VIEW/SEGGER/SEGGER_SYSVIEW.o
 .text.SEGGER_SYSVIEW_Init
                0x00000000080063cc       0x88 ./thirdparty/SEGGER VIEW/SEGGER/SEGGER_SYSVIEW.o
                0x00000000080063cc                SEGGER_SYSVIEW_Init
 .text.SEGGER_SYSVIEW_SetRAMBase
                0x0000000008006454       0x20 ./thirdparty/SEGGER VIEW/SEGGER/SEGGER_SYSVIEW.o
                0x0000000008006454                SEGGER_SYSVIEW_SetRAMBase
 .text.SEGGER_SYSVIEW_RecordVoid
                0x0000000008006474       0x3c ./thirdparty/SEGGER VIEW/SEGGER/SEGGER_SYSVIEW.o
                0x0000000008006474                SEGGER_SYSVIEW_RecordVoid
 .text.SEGGER_SYSVIEW_RecordU32
                0x00000000080064b0       0x78 ./thirdparty/SEGGER VIEW/SEGGER/SEGGER_SYSVIEW.o
                0x00000000080064b0                SEGGER_SYSVIEW_RecordU32
 .text.SEGGER_SYSVIEW_RecordU32x2
                0x0000000008006528       0xb4 ./thirdparty/SEGGER VIEW/SEGGER/SEGGER_SYSVIEW.o
                0x0000000008006528                SEGGER_SYSVIEW_RecordU32x2
 .text.SEGGER_SYSVIEW_RecordU32x3
                0x00000000080065dc       0xec ./thirdparty/SEGGER VIEW/SEGGER/SEGGER_SYSVIEW.o
                0x00000000080065dc                SEGGER_SYSVIEW_RecordU32x3
 .text.SEGGER_SYSVIEW_RecordU32x4
                0x00000000080066c8      0x124 ./thirdparty/SEGGER VIEW/SEGGER/SEGGER_SYSVIEW.o
                0x00000000080066c8                SEGGER_SYSVIEW_RecordU32x4
 .text.SEGGER_SYSVIEW_Start
                0x00000000080067ec      0x178 ./thirdparty/SEGGER VIEW/SEGGER/SEGGER_SYSVIEW.o
                0x00000000080067ec                SEGGER_SYSVIEW_Start
 .text.SEGGER_SYSVIEW_Stop
                0x0000000008006964       0x4c ./thirdparty/SEGGER VIEW/SEGGER/SEGGER_SYSVIEW.o
                0x0000000008006964                SEGGER_SYSVIEW_Stop
 .text.SEGGER_SYSVIEW_GetSysDesc
                0x00000000080069b0      0x134 ./thirdparty/SEGGER VIEW/SEGGER/SEGGER_SYSVIEW.o
                0x00000000080069b0                SEGGER_SYSVIEW_GetSysDesc
 .text.SEGGER_SYSVIEW_SendTaskInfo
                0x0000000008006ae4      0x1c8 ./thirdparty/SEGGER VIEW/SEGGER/SEGGER_SYSVIEW.o
                0x0000000008006ae4                SEGGER_SYSVIEW_SendTaskInfo
 .text.SEGGER_SYSVIEW_SendTaskList
                0x0000000008006cac       0x28 ./thirdparty/SEGGER VIEW/SEGGER/SEGGER_SYSVIEW.o
                0x0000000008006cac                SEGGER_SYSVIEW_SendTaskList
 .text.SEGGER_SYSVIEW_SendSysDesc
                0x0000000008006cd4       0x48 ./thirdparty/SEGGER VIEW/SEGGER/SEGGER_SYSVIEW.o
                0x0000000008006cd4                SEGGER_SYSVIEW_SendSysDesc
 .text.SEGGER_SYSVIEW_RecordSystime
                0x0000000008006d1c       0x64 ./thirdparty/SEGGER VIEW/SEGGER/SEGGER_SYSVIEW.o
                0x0000000008006d1c                SEGGER_SYSVIEW_RecordSystime
 .text.SEGGER_SYSVIEW_RecordEnterISR
                0x0000000008006d80       0x84 ./thirdparty/SEGGER VIEW/SEGGER/SEGGER_SYSVIEW.o
                0x0000000008006d80                SEGGER_SYSVIEW_RecordEnterISR
 .text.SEGGER_SYSVIEW_RecordExitISR
                0x0000000008006e04       0x38 ./thirdparty/SEGGER VIEW/SEGGER/SEGGER_SYSVIEW.o
                0x0000000008006e04                SEGGER_SYSVIEW_RecordExitISR
 .text.SEGGER_SYSVIEW_RecordExitISRToScheduler
                0x0000000008006e3c       0x38 ./thirdparty/SEGGER VIEW/SEGGER/SEGGER_SYSVIEW.o
                0x0000000008006e3c                SEGGER_SYSVIEW_RecordExitISRToScheduler
 .text.SEGGER_SYSVIEW_OnIdle
                0x0000000008006e74       0x38 ./thirdparty/SEGGER VIEW/SEGGER/SEGGER_SYSVIEW.o
                0x0000000008006e74                SEGGER_SYSVIEW_OnIdle
 .text.SEGGER_SYSVIEW_OnTaskCreate
                0x0000000008006eac       0x84 ./thirdparty/SEGGER VIEW/SEGGER/SEGGER_SYSVIEW.o
                0x0000000008006eac                SEGGER_SYSVIEW_OnTaskCreate
 .text.SEGGER_SYSVIEW_OnTaskStartExec
                0x0000000008006f30       0x84 ./thirdparty/SEGGER VIEW/SEGGER/SEGGER_SYSVIEW.o
                0x0000000008006f30                SEGGER_SYSVIEW_OnTaskStartExec
 .text.SEGGER_SYSVIEW_OnTaskStartReady
                0x0000000008006fb4       0x84 ./thirdparty/SEGGER VIEW/SEGGER/SEGGER_SYSVIEW.o
                0x0000000008006fb4                SEGGER_SYSVIEW_OnTaskStartReady
 .text.SEGGER_SYSVIEW_OnTaskStopReady
                0x0000000008007038       0xc0 ./thirdparty/SEGGER VIEW/SEGGER/SEGGER_SYSVIEW.o
                0x0000000008007038                SEGGER_SYSVIEW_OnTaskStopReady
 .text.SEGGER_SYSVIEW_ShrinkId
                0x00000000080070f8       0x20 ./thirdparty/SEGGER VIEW/SEGGER/SEGGER_SYSVIEW.o
                0x00000000080070f8                SEGGER_SYSVIEW_ShrinkId
 .text.SEGGER_SYSVIEW_SendModule
                0x0000000008007118      0x100 ./thirdparty/SEGGER VIEW/SEGGER/SEGGER_SYSVIEW.o
                0x0000000008007118                SEGGER_SYSVIEW_SendModule
 .text.SEGGER_SYSVIEW_SendModuleDescription
                0x0000000008007218       0x3c ./thirdparty/SEGGER VIEW/SEGGER/SEGGER_SYSVIEW.o
                0x0000000008007218                SEGGER_SYSVIEW_SendModuleDescription
 .text.SEGGER_SYSVIEW_SendNumModules
                0x0000000008007254       0x7c ./thirdparty/SEGGER VIEW/SEGGER/SEGGER_SYSVIEW.o
                0x0000000008007254                SEGGER_SYSVIEW_SendNumModules
 .text.SEGGER_SYSVIEW_PrintfTarget
                0x00000000080072d0       0x28 ./thirdparty/SEGGER VIEW/SEGGER/SEGGER_SYSVIEW.o
                0x00000000080072d0                SEGGER_SYSVIEW_PrintfTarget
 .text.SEGGER_SYSVIEW_Warn
                0x00000000080072f8       0xb8 ./thirdparty/SEGGER VIEW/SEGGER/SEGGER_SYSVIEW.o
                0x00000000080072f8                SEGGER_SYSVIEW_Warn
 .text.SEGGER_SYSVIEW_IsStarted
                0x00000000080073b0       0x5c ./thirdparty/SEGGER VIEW/SEGGER/SEGGER_SYSVIEW.o
                0x00000000080073b0                SEGGER_SYSVIEW_IsStarted
 .text.keypad_read
                0x000000000800740c       0xa4 ./user_drivers/Src/keypad_4x4.o
                0x000000000800740c                keypad_read
 .text.keypad_enter
                0x00000000080074b0       0xdc ./user_drivers/Src/keypad_4x4.o
                0x00000000080074b0                keypad_enter
 .text.check_key
                0x000000000800758c       0x78 ./user_drivers/Src/keypad_4x4.o
 .text.check_number
                0x0000000008007604       0x78 ./user_drivers/Src/tm1638_led.o
                0x0000000008007604                check_number
 .text.count_length
                0x000000000800767c       0x4c ./user_drivers/Src/tm1638_led.o
 .text.position_address_number
                0x00000000080076c8       0x68 ./user_drivers/Src/tm1638_led.o
 .text.tm1638_send_cmd
                0x0000000008007730       0x3c ./user_drivers/Src/tm1638_led.o
                0x0000000008007730                tm1638_send_cmd
 .text.tm1638_init
                0x000000000800776c       0x70 ./user_drivers/Src/tm1638_led.o
                0x000000000800776c                tm1638_init
 .text.tm1638_reset
                0x00000000080077dc       0x68 ./user_drivers/Src/tm1638_led.o
                0x00000000080077dc                tm1638_reset
 .text.tm1638_write_multi_number
                0x0000000008007844      0x104 ./user_drivers/Src/tm1638_led.o
                0x0000000008007844                tm1638_write_multi_number
 .text.tm1638_ctr_led
                0x0000000008007948       0x68 ./user_drivers/Src/tm1638_led.o
                0x0000000008007948                tm1638_ctr_led
 .text.tm1638_toggle_led
                0x00000000080079b0       0x40 ./user_drivers/Src/tm1638_led.o
                0x00000000080079b0                tm1638_toggle_led
 .text.tm1638_cnt_down_non_bl
                0x00000000080079f0       0x60 ./user_drivers/Src/tm1638_led.o
                0x00000000080079f0                tm1638_cnt_down_non_bl
 .text.tm1638_write_time_down
                0x0000000008007a50      0x190 ./user_drivers/Src/tm1638_led.o
 .text.tm1638_cnt_up_non_bl
                0x0000000008007be0       0x50 ./user_drivers/Src/tm1638_led.o
                0x0000000008007be0                tm1638_cnt_up_non_bl
 .text.tm1638_write_time_up
                0x0000000008007c30      0x16c ./user_drivers/Src/tm1638_led.o
 .text.tm1638_clear_display
                0x0000000008007d9c       0x7c ./user_drivers/Src/tm1638_led.o
                0x0000000008007d9c                tm1638_clear_display
 .text.__errno  0x0000000008007e18        0xc c:/st/stm32cubeide_1.8.0/stm32cubeide/plugins/com.st.stm32cube.ide.mcu.externaltools.gnu-tools-for-stm32.9-2020-q2-update.win32_2.0.0.202105311346/tools/bin/../lib/gcc/arm-none-eabi/9.3.1/../../../../arm-none-eabi/lib/thumb/v7e-m+fp/hard\libc_nano.a(lib_a-errno.o)
                0x0000000008007e18                __errno
 .text.__libc_init_array
                0x0000000008007e24       0x48 c:/st/stm32cubeide_1.8.0/stm32cubeide/plugins/com.st.stm32cube.ide.mcu.externaltools.gnu-tools-for-stm32.9-2020-q2-update.win32_2.0.0.202105311346/tools/bin/../lib/gcc/arm-none-eabi/9.3.1/../../../../arm-none-eabi/lib/thumb/v7e-m+fp/hard\libc_nano.a(lib_a-init.o)
                0x0000000008007e24                __libc_init_array
 .text.memcmp   0x0000000008007e6c       0x1c c:/st/stm32cubeide_1.8.0/stm32cubeide/plugins/com.st.stm32cube.ide.mcu.externaltools.gnu-tools-for-stm32.9-2020-q2-update.win32_2.0.0.202105311346/tools/bin/../lib/gcc/arm-none-eabi/9.3.1/../../../../arm-none-eabi/lib/thumb/v7e-m+fp/hard\libc_nano.a(lib_a-memcmp.o)
                0x0000000008007e6c                memcmp
 .text.memcpy   0x0000000008007e88       0x1c c:/st/stm32cubeide_1.8.0/stm32cubeide/plugins/com.st.stm32cube.ide.mcu.externaltools.gnu-tools-for-stm32.9-2020-q2-update.win32_2.0.0.202105311346/tools/bin/../lib/gcc/arm-none-eabi/9.3.1/../../../../arm-none-eabi/lib/thumb/v7e-m+fp/hard\libc_nano.a(lib_a-memcpy-stub.o)
                0x0000000008007e88                memcpy
 .text.memset   0x0000000008007ea4       0x10 c:/st/stm32cubeide_1.8.0/stm32cubeide/plugins/com.st.stm32cube.ide.mcu.externaltools.gnu-tools-for-stm32.9-2020-q2-update.win32_2.0.0.202105311346/tools/bin/../lib/gcc/arm-none-eabi/9.3.1/../../../../arm-none-eabi/lib/thumb/v7e-m+fp/hard\libc_nano.a(lib_a-memset.o)
                0x0000000008007ea4                memset
 .text.snprintf
                0x0000000008007eb4       0x68 c:/st/stm32cubeide_1.8.0/stm32cubeide/plugins/com.st.stm32cube.ide.mcu.externaltools.gnu-tools-for-stm32.9-2020-q2-update.win32_2.0.0.202105311346/tools/bin/../lib/gcc/arm-none-eabi/9.3.1/../../../../arm-none-eabi/lib/thumb/v7e-m+fp/hard\libc_nano.a(lib_a-snprintf.o)
                0x0000000008007eb4                sniprintf
                0x0000000008007eb4                snprintf
 .text.__ssputs_r
                0x0000000008007f1c       0xb6 c:/st/stm32cubeide_1.8.0/stm32cubeide/plugins/com.st.stm32cube.ide.mcu.externaltools.gnu-tools-for-stm32.9-2020-q2-update.win32_2.0.0.202105311346/tools/bin/../lib/gcc/arm-none-eabi/9.3.1/../../../../arm-none-eabi/lib/thumb/v7e-m+fp/hard\libc_nano.a(lib_a-nano-svfprintf.o)
                0x0000000008007f1c                __ssputs_r
 *fill*         0x0000000008007fd2        0x2 
 .text._svfprintf_r
                0x0000000008007fd4      0x200 c:/st/stm32cubeide_1.8.0/stm32cubeide/plugins/com.st.stm32cube.ide.mcu.externaltools.gnu-tools-for-stm32.9-2020-q2-update.win32_2.0.0.202105311346/tools/bin/../lib/gcc/arm-none-eabi/9.3.1/../../../../arm-none-eabi/lib/thumb/v7e-m+fp/hard\libc_nano.a(lib_a-nano-svfprintf.o)
                0x0000000008007fd4                _svfiprintf_r
                0x0000000008007fd4                _svfprintf_r
 .text._printf_common
                0x00000000080081d4       0xda c:/st/stm32cubeide_1.8.0/stm32cubeide/plugins/com.st.stm32cube.ide.mcu.externaltools.gnu-tools-for-stm32.9-2020-q2-update.win32_2.0.0.202105311346/tools/bin/../lib/gcc/arm-none-eabi/9.3.1/../../../../arm-none-eabi/lib/thumb/v7e-m+fp/hard\libc_nano.a(lib_a-nano-vfprintf_i.o)
                0x00000000080081d4                _printf_common
 *fill*         0x00000000080082ae        0x2 
 .text._printf_i
                0x00000000080082b0      0x24c c:/st/stm32cubeide_1.8.0/stm32cubeide/plugins/com.st.stm32cube.ide.mcu.externaltools.gnu-tools-for-stm32.9-2020-q2-update.win32_2.0.0.202105311346/tools/bin/../lib/gcc/arm-none-eabi/9.3.1/../../../../arm-none-eabi/lib/thumb/v7e-m+fp/hard\libc_nano.a(lib_a-nano-vfprintf_i.o)
                0x00000000080082b0                _printf_i
 .text.memmove  0x00000000080084fc       0x34 c:/st/stm32cubeide_1.8.0/stm32cubeide/plugins/com.st.stm32cube.ide.mcu.externaltools.gnu-tools-for-stm32.9-2020-q2-update.win32_2.0.0.202105311346/tools/bin/../lib/gcc/arm-none-eabi/9.3.1/../../../../arm-none-eabi/lib/thumb/v7e-m+fp/hard\libc_nano.a(lib_a-memmove.o)
                0x00000000080084fc                memmove
 .text._free_r  0x0000000008008530       0xa0 c:/st/stm32cubeide_1.8.0/stm32cubeide/plugins/com.st.stm32cube.ide.mcu.externaltools.gnu-tools-for-stm32.9-2020-q2-update.win32_2.0.0.202105311346/tools/bin/../lib/gcc/arm-none-eabi/9.3.1/../../../../arm-none-eabi/lib/thumb/v7e-m+fp/hard\libc_nano.a(lib_a-nano-freer.o)
                0x0000000008008530                _free_r
 .text._malloc_r
                0x00000000080085d0       0xb4 c:/st/stm32cubeide_1.8.0/stm32cubeide/plugins/com.st.stm32cube.ide.mcu.externaltools.gnu-tools-for-stm32.9-2020-q2-update.win32_2.0.0.202105311346/tools/bin/../lib/gcc/arm-none-eabi/9.3.1/../../../../arm-none-eabi/lib/thumb/v7e-m+fp/hard\libc_nano.a(lib_a-nano-mallocr.o)
                0x00000000080085d0                _malloc_r
 .text._realloc_r
                0x0000000008008684       0x4c c:/st/stm32cubeide_1.8.0/stm32cubeide/plugins/com.st.stm32cube.ide.mcu.externaltools.gnu-tools-for-stm32.9-2020-q2-update.win32_2.0.0.202105311346/tools/bin/../lib/gcc/arm-none-eabi/9.3.1/../../../../arm-none-eabi/lib/thumb/v7e-m+fp/hard\libc_nano.a(lib_a-nano-reallocr.o)
                0x0000000008008684                _realloc_r
 .text._sbrk_r  0x00000000080086d0       0x20 c:/st/stm32cubeide_1.8.0/stm32cubeide/plugins/com.st.stm32cube.ide.mcu.externaltools.gnu-tools-for-stm32.9-2020-q2-update.win32_2.0.0.202105311346/tools/bin/../lib/gcc/arm-none-eabi/9.3.1/../../../../arm-none-eabi/lib/thumb/v7e-m+fp/hard\libc_nano.a(lib_a-sbrkr.o)
                0x00000000080086d0                _sbrk_r
 .text.__malloc_lock
                0x00000000080086f0        0xc c:/st/stm32cubeide_1.8.0/stm32cubeide/plugins/com.st.stm32cube.ide.mcu.externaltools.gnu-tools-for-stm32.9-2020-q2-update.win32_2.0.0.202105311346/tools/bin/../lib/gcc/arm-none-eabi/9.3.1/../../../../arm-none-eabi/lib/thumb/v7e-m+fp/hard\libc_nano.a(lib_a-mlock.o)
                0x00000000080086f0                __malloc_lock
 .text.__malloc_unlock
                0x00000000080086fc        0xc c:/st/stm32cubeide_1.8.0/stm32cubeide/plugins/com.st.stm32cube.ide.mcu.externaltools.gnu-tools-for-stm32.9-2020-q2-update.win32_2.0.0.202105311346/tools/bin/../lib/gcc/arm-none-eabi/9.3.1/../../../../arm-none-eabi/lib/thumb/v7e-m+fp/hard\libc_nano.a(lib_a-mlock.o)
                0x00000000080086fc                __malloc_unlock
 .text._malloc_usable_size_r
                0x0000000008008708       0x10 c:/st/stm32cubeide_1.8.0/stm32cubeide/plugins/com.st.stm32cube.ide.mcu.externaltools.gnu-tools-for-stm32.9-2020-q2-update.win32_2.0.0.202105311346/tools/bin/../lib/gcc/arm-none-eabi/9.3.1/../../../../arm-none-eabi/lib/thumb/v7e-m+fp/hard\libc_nano.a(lib_a-nano-msizer.o)
                0x0000000008008708                _malloc_usable_size_r
 .text.__retarget_lock_acquire_recursive
                0x0000000008008718        0x2 c:/st/stm32cubeide_1.8.0/stm32cubeide/plugins/com.st.stm32cube.ide.mcu.externaltools.gnu-tools-for-stm32.9-2020-q2-update.win32_2.0.0.202105311346/tools/bin/../lib/gcc/arm-none-eabi/9.3.1/../../../../arm-none-eabi/lib/thumb/v7e-m+fp/hard\libc_nano.a(lib_a-lock.o)
                0x0000000008008718                __retarget_lock_acquire_recursive
 .text.__retarget_lock_release_recursive
                0x000000000800871a        0x2 c:/st/stm32cubeide_1.8.0/stm32cubeide/plugins/com.st.stm32cube.ide.mcu.externaltools.gnu-tools-for-stm32.9-2020-q2-update.win32_2.0.0.202105311346/tools/bin/../lib/gcc/arm-none-eabi/9.3.1/../../../../arm-none-eabi/lib/thumb/v7e-m+fp/hard\libc_nano.a(lib_a-lock.o)
                0x000000000800871a                __retarget_lock_release_recursive
 *(.glue_7)
 .glue_7        0x000000000800871c        0x0 linker stubs
 *(.glue_7t)
 .glue_7t       0x000000000800871c        0x0 linker stubs
 *(.eh_frame)
 .eh_frame      0x000000000800871c        0x0 c:/st/stm32cubeide_1.8.0/stm32cubeide/plugins/com.st.stm32cube.ide.mcu.externaltools.gnu-tools-for-stm32.9-2020-q2-update.win32_2.0.0.202105311346/tools/bin/../lib/gcc/arm-none-eabi/9.3.1/thumb/v7e-m+fp/hard/crtbegin.o
 *(.init)
 .init          0x000000000800871c        0x4 c:/st/stm32cubeide_1.8.0/stm32cubeide/plugins/com.st.stm32cube.ide.mcu.externaltools.gnu-tools-for-stm32.9-2020-q2-update.win32_2.0.0.202105311346/tools/bin/../lib/gcc/arm-none-eabi/9.3.1/thumb/v7e-m+fp/hard/crti.o
                0x000000000800871c                _init
 .init          0x0000000008008720        0x8 c:/st/stm32cubeide_1.8.0/stm32cubeide/plugins/com.st.stm32cube.ide.mcu.externaltools.gnu-tools-for-stm32.9-2020-q2-update.win32_2.0.0.202105311346/tools/bin/../lib/gcc/arm-none-eabi/9.3.1/thumb/v7e-m+fp/hard/crtn.o
 *(.fini)
 .fini          0x0000000008008728        0x4 c:/st/stm32cubeide_1.8.0/stm32cubeide/plugins/com.st.stm32cube.ide.mcu.externaltools.gnu-tools-for-stm32.9-2020-q2-update.win32_2.0.0.202105311346/tools/bin/../lib/gcc/arm-none-eabi/9.3.1/thumb/v7e-m+fp/hard/crti.o
                0x0000000008008728                _fini
 .fini          0x000000000800872c        0x8 c:/st/stm32cubeide_1.8.0/stm32cubeide/plugins/com.st.stm32cube.ide.mcu.externaltools.gnu-tools-for-stm32.9-2020-q2-update.win32_2.0.0.202105311346/tools/bin/../lib/gcc/arm-none-eabi/9.3.1/thumb/v7e-m+fp/hard/crtn.o
                0x0000000008008734                . = ALIGN (0x4)
                0x0000000008008734                _etext = .

.vfp11_veneer   0x0000000008008734        0x0
 .vfp11_veneer  0x0000000008008734        0x0 linker stubs

.v4_bx          0x0000000008008734        0x0
 .v4_bx         0x0000000008008734        0x0 linker stubs

.iplt           0x0000000008008734        0x0
 .iplt          0x0000000008008734        0x0 c:/st/stm32cubeide_1.8.0/stm32cubeide/plugins/com.st.stm32cube.ide.mcu.externaltools.gnu-tools-for-stm32.9-2020-q2-update.win32_2.0.0.202105311346/tools/bin/../lib/gcc/arm-none-eabi/9.3.1/thumb/v7e-m+fp/hard/crtbegin.o

.rodata         0x0000000008008734      0x178
                0x0000000008008734                . = ALIGN (0x4)
 *(.rodata)
 .rodata        0x0000000008008734       0x40 ./Core/Src/main.o
 .rodata        0x0000000008008774        0x5 ./thirdparty/FreeRTOS/tasks.o
 *fill*         0x0000000008008779        0x3 
 .rodata        0x000000000800877c       0x41 ./thirdparty/SEGGER VIEW/CONFIG/SEGGER_SYSVIEW_Config_FreeRTOS.o
 *fill*         0x00000000080087bd        0x3 
 .rodata        0x00000000080087c0       0x58 ./thirdparty/SEGGER VIEW/OS/SEGGER_SYSVIEW_FreeRTOS.o
 .rodata        0x0000000008008818       0x17 ./thirdparty/SEGGER VIEW/SEGGER/SEGGER_RTT.o
 *fill*         0x000000000800882f        0x1 
 .rodata        0x0000000008008830        0x8 ./thirdparty/SEGGER VIEW/SEGGER/SEGGER_SYSVIEW.o
 *(.rodata*)
 .rodata.AHBPrescTable
                0x0000000008008838       0x10 ./Core/Src/system_stm32f4xx.o
                0x0000000008008838                AHBPrescTable
 .rodata.APBPrescTable
                0x0000000008008848        0x8 ./Core/Src/system_stm32f4xx.o
                0x0000000008008848                APBPrescTable
 .rodata.SYSVIEW_X_OS_TraceAPI
                0x0000000008008850        0x8 ./thirdparty/SEGGER VIEW/OS/SEGGER_SYSVIEW_FreeRTOS.o
                0x0000000008008850                SYSVIEW_X_OS_TraceAPI
 .rodata._abHelloMsg
                0x0000000008008858        0x4 ./thirdparty/SEGGER VIEW/REC/segger_uart.o
 .rodata._abSync
                0x000000000800885c        0xa ./thirdparty/SEGGER VIEW/SEGGER/SEGGER_SYSVIEW.o
 *fill*         0x0000000008008866        0x2 
 .rodata._aV2C.7074
                0x0000000008008868       0x10 ./thirdparty/SEGGER VIEW/SEGGER/SEGGER_SYSVIEW.o
 .rodata._svfprintf_r.str1.1
                0x0000000008008878       0x11 c:/st/stm32cubeide_1.8.0/stm32cubeide/plugins/com.st.stm32cube.ide.mcu.externaltools.gnu-tools-for-stm32.9-2020-q2-update.win32_2.0.0.202105311346/tools/bin/../lib/gcc/arm-none-eabi/9.3.1/../../../../arm-none-eabi/lib/thumb/v7e-m+fp/hard\libc_nano.a(lib_a-nano-svfprintf.o)
 .rodata._printf_i.str1.1
                0x0000000008008889       0x22 c:/st/stm32cubeide_1.8.0/stm32cubeide/plugins/com.st.stm32cube.ide.mcu.externaltools.gnu-tools-for-stm32.9-2020-q2-update.win32_2.0.0.202105311346/tools/bin/../lib/gcc/arm-none-eabi/9.3.1/../../../../arm-none-eabi/lib/thumb/v7e-m+fp/hard\libc_nano.a(lib_a-nano-vfprintf_i.o)
                0x00000000080088ac                . = ALIGN (0x4)
 *fill*         0x00000000080088ab        0x1 

.ARM.extab      0x00000000080088ac        0x0
                0x00000000080088ac                . = ALIGN (0x4)
 *(.ARM.extab* .gnu.linkonce.armextab.*)
                0x00000000080088ac                . = ALIGN (0x4)

.ARM            0x00000000080088ac        0x8
                0x00000000080088ac                . = ALIGN (0x4)
                0x00000000080088ac                __exidx_start = .
 *(.ARM.exidx*)
 .ARM.exidx     0x00000000080088ac        0x8 c:/st/stm32cubeide_1.8.0/stm32cubeide/plugins/com.st.stm32cube.ide.mcu.externaltools.gnu-tools-for-stm32.9-2020-q2-update.win32_2.0.0.202105311346/tools/bin/../lib/gcc/arm-none-eabi/9.3.1/thumb/v7e-m+fp/hard\libgcc.a(_udivmoddi4.o)
                0x00000000080088b4                __exidx_end = .
                0x00000000080088b4                . = ALIGN (0x4)

.rel.dyn        0x00000000080088b4        0x0
 .rel.iplt      0x00000000080088b4        0x0 c:/st/stm32cubeide_1.8.0/stm32cubeide/plugins/com.st.stm32cube.ide.mcu.externaltools.gnu-tools-for-stm32.9-2020-q2-update.win32_2.0.0.202105311346/tools/bin/../lib/gcc/arm-none-eabi/9.3.1/thumb/v7e-m+fp/hard/crtbegin.o

.preinit_array  0x00000000080088b4        0x0
                0x00000000080088b4                . = ALIGN (0x4)
                0x00000000080088b4                PROVIDE (__preinit_array_start = .)
 *(.preinit_array*)
                0x00000000080088b4                PROVIDE (__preinit_array_end = .)
                0x00000000080088b4                . = ALIGN (0x4)

.init_array     0x00000000080088b4        0x4
                0x00000000080088b4                . = ALIGN (0x4)
                0x00000000080088b4                PROVIDE (__init_array_start = .)
 *(SORT_BY_NAME(.init_array.*))
 *(.init_array*)
 .init_array    0x00000000080088b4        0x4 c:/st/stm32cubeide_1.8.0/stm32cubeide/plugins/com.st.stm32cube.ide.mcu.externaltools.gnu-tools-for-stm32.9-2020-q2-update.win32_2.0.0.202105311346/tools/bin/../lib/gcc/arm-none-eabi/9.3.1/thumb/v7e-m+fp/hard/crtbegin.o
                0x00000000080088b8                PROVIDE (__init_array_end = .)
                0x00000000080088b8                . = ALIGN (0x4)

.fini_array     0x00000000080088b8        0x4
                0x00000000080088b8                . = ALIGN (0x4)
                [!provide]                        PROVIDE (__fini_array_start = .)
 *(SORT_BY_NAME(.fini_array.*))
 *(.fini_array*)
 .fini_array    0x00000000080088b8        0x4 c:/st/stm32cubeide_1.8.0/stm32cubeide/plugins/com.st.stm32cube.ide.mcu.externaltools.gnu-tools-for-stm32.9-2020-q2-update.win32_2.0.0.202105311346/tools/bin/../lib/gcc/arm-none-eabi/9.3.1/thumb/v7e-m+fp/hard/crtbegin.o
                [!provide]                        PROVIDE (__fini_array_end = .)
                0x00000000080088bc                . = ALIGN (0x4)
                0x00000000080088bc                _sidata = LOADADDR (.data)

.data           0x0000000020000000       0xb0 load address 0x00000000080088bc
                0x0000000020000000                . = ALIGN (0x4)
                0x0000000020000000                _sdata = .
 *(.data)
 *(.data*)
 .data.address_led
                0x0000000020000000        0x8 ./Core/Src/main.o
                0x0000000020000000                address_led
 .data.address_number
                0x0000000020000008        0x8 ./Core/Src/main.o
                0x0000000020000008                address_number
 .data.SystemCoreClock
                0x0000000020000010        0x4 ./Core/Src/system_stm32f4xx.o
                0x0000000020000010                SystemCoreClock
 .data.uwTickPrio
                0x0000000020000014        0x4 ./Drivers/STM32F4xx_HAL_Driver/Src/stm32f4xx_hal.o
                0x0000000020000014                uwTickPrio
 .data.uwTickFreq
                0x0000000020000018        0x1 ./Drivers/STM32F4xx_HAL_Driver/Src/stm32f4xx_hal.o
                0x0000000020000018                uwTickFreq
 *fill*         0x0000000020000019        0x3 
 .data.uxTopUsedPriority
                0x000000002000001c        0x4 ./thirdparty/FreeRTOS/tasks.o
                0x000000002000001c                uxTopUsedPriority
 .data.uxCriticalNesting
                0x0000000020000020        0x4 ./thirdparty/FreeRTOS/portable/GCC/ARM_CM4F/port.o
 .data._SVInfo  0x0000000020000024        0x8 ./thirdparty/SEGGER VIEW/REC/segger_uart.o
 .data.keypad_map
                0x000000002000002c       0x10 ./user_drivers/Src/keypad_4x4.o
                0x000000002000002c                keypad_map
 .data.row_pin  0x000000002000003c        0x8 ./user_drivers/Src/keypad_4x4.o
                0x000000002000003c                row_pin
 .data.col_pin  0x0000000020000044        0x8 ./user_drivers/Src/keypad_4x4.o
                0x0000000020000044                col_pin
 .data._impure_ptr
                0x000000002000004c        0x4 c:/st/stm32cubeide_1.8.0/stm32cubeide/plugins/com.st.stm32cube.ide.mcu.externaltools.gnu-tools-for-stm32.9-2020-q2-update.win32_2.0.0.202105311346/tools/bin/../lib/gcc/arm-none-eabi/9.3.1/../../../../arm-none-eabi/lib/thumb/v7e-m+fp/hard\libc_nano.a(lib_a-impure.o)
                0x000000002000004c                _impure_ptr
 .data.impure_data
                0x0000000020000050       0x60 c:/st/stm32cubeide_1.8.0/stm32cubeide/plugins/com.st.stm32cube.ide.mcu.externaltools.gnu-tools-for-stm32.9-2020-q2-update.win32_2.0.0.202105311346/tools/bin/../lib/gcc/arm-none-eabi/9.3.1/../../../../arm-none-eabi/lib/thumb/v7e-m+fp/hard\libc_nano.a(lib_a-impure.o)
 *(.RamFunc)
 *(.RamFunc*)
                0x00000000200000b0                . = ALIGN (0x4)
                0x00000000200000b0                _edata = .

.igot.plt       0x00000000200000b0        0x0 load address 0x000000000800896c
 .igot.plt      0x00000000200000b0        0x0 c:/st/stm32cubeide_1.8.0/stm32cubeide/plugins/com.st.stm32cube.ide.mcu.externaltools.gnu-tools-for-stm32.9-2020-q2-update.win32_2.0.0.202105311346/tools/bin/../lib/gcc/arm-none-eabi/9.3.1/thumb/v7e-m+fp/hard/crtbegin.o
                0x00000000200000b0                . = ALIGN (0x4)

.bss            0x00000000200000b0    0x17524 load address 0x000000000800896c
                0x00000000200000b0                _sbss = .
                0x00000000200000b0                __bss_start__ = _sbss
 *(.bss)
 .bss           0x00000000200000b0       0x1c c:/st/stm32cubeide_1.8.0/stm32cubeide/plugins/com.st.stm32cube.ide.mcu.externaltools.gnu-tools-for-stm32.9-2020-q2-update.win32_2.0.0.202105311346/tools/bin/../lib/gcc/arm-none-eabi/9.3.1/thumb/v7e-m+fp/hard/crtbegin.o
 *(.bss*)
 .bss.var_time_down
                0x00000000200000cc        0x4 ./Core/Src/main.o
                0x00000000200000cc                var_time_down
 .bss.var_time_up
                0x00000000200000d0        0x4 ./Core/Src/main.o
                0x00000000200000d0                var_time_up
 .bss.state0    0x00000000200000d4        0x1 ./Core/Src/main.o
                0x00000000200000d4                state0
 *fill*         0x00000000200000d5        0x3 
 .bss.__sbrk_heap_end
                0x00000000200000d8        0x4 ./Core/Src/sysmem.o
 .bss.pxCurrentTCB
                0x00000000200000dc        0x4 ./thirdparty/FreeRTOS/tasks.o
                0x00000000200000dc                pxCurrentTCB
 .bss.pxReadyTasksLists
                0x00000000200000e0       0xc8 ./thirdparty/FreeRTOS/tasks.o
 .bss.xDelayedTaskList1
                0x00000000200001a8       0x14 ./thirdparty/FreeRTOS/tasks.o
 .bss.xDelayedTaskList2
                0x00000000200001bc       0x14 ./thirdparty/FreeRTOS/tasks.o
 .bss.pxDelayedTaskList
                0x00000000200001d0        0x4 ./thirdparty/FreeRTOS/tasks.o
 .bss.pxOverflowDelayedTaskList
                0x00000000200001d4        0x4 ./thirdparty/FreeRTOS/tasks.o
 .bss.xPendingReadyList
                0x00000000200001d8       0x14 ./thirdparty/FreeRTOS/tasks.o
 .bss.xTasksWaitingTermination
                0x00000000200001ec       0x14 ./thirdparty/FreeRTOS/tasks.o
 .bss.uxDeletedTasksWaitingCleanUp
                0x0000000020000200        0x4 ./thirdparty/FreeRTOS/tasks.o
 .bss.xSuspendedTaskList
                0x0000000020000204       0x14 ./thirdparty/FreeRTOS/tasks.o
 .bss.uxCurrentNumberOfTasks
                0x0000000020000218        0x4 ./thirdparty/FreeRTOS/tasks.o
 .bss.xTickCount
                0x000000002000021c        0x4 ./thirdparty/FreeRTOS/tasks.o
 .bss.uxTopReadyPriority
                0x0000000020000220        0x4 ./thirdparty/FreeRTOS/tasks.o
 .bss.xSchedulerRunning
                0x0000000020000224        0x4 ./thirdparty/FreeRTOS/tasks.o
 .bss.xPendedTicks
                0x0000000020000228        0x4 ./thirdparty/FreeRTOS/tasks.o
 .bss.xYieldPending
                0x000000002000022c        0x4 ./thirdparty/FreeRTOS/tasks.o
 .bss.xNumOfOverflows
                0x0000000020000230        0x4 ./thirdparty/FreeRTOS/tasks.o
 .bss.uxTaskNumber
                0x0000000020000234        0x4 ./thirdparty/FreeRTOS/tasks.o
 .bss.xNextTaskUnblockTime
                0x0000000020000238        0x4 ./thirdparty/FreeRTOS/tasks.o
 .bss.xIdleTaskHandle
                0x000000002000023c        0x4 ./thirdparty/FreeRTOS/tasks.o
 .bss.uxSchedulerSuspended
                0x0000000020000240        0x4 ./thirdparty/FreeRTOS/tasks.o
 .bss.ucMaxSysCallPriority
                0x0000000020000244        0x1 ./thirdparty/FreeRTOS/portable/GCC/ARM_CM4F/port.o
 *fill*         0x0000000020000245        0x3 
 .bss.ulMaxPRIGROUPValue
                0x0000000020000248        0x4 ./thirdparty/FreeRTOS/portable/GCC/ARM_CM4F/port.o
 .bss.ucHeap    0x000000002000024c    0x16800 ./thirdparty/FreeRTOS/portable/MemMang/heap_4.o
 .bss.xStart    0x0000000020016a4c        0x8 ./thirdparty/FreeRTOS/portable/MemMang/heap_4.o
 .bss.pxEnd     0x0000000020016a54        0x4 ./thirdparty/FreeRTOS/portable/MemMang/heap_4.o
 .bss.xFreeBytesRemaining
                0x0000000020016a58        0x4 ./thirdparty/FreeRTOS/portable/MemMang/heap_4.o
 .bss.xMinimumEverFreeBytesRemaining
                0x0000000020016a5c        0x4 ./thirdparty/FreeRTOS/portable/MemMang/heap_4.o
 .bss.xNumberOfSuccessfulAllocations
                0x0000000020016a60        0x4 ./thirdparty/FreeRTOS/portable/MemMang/heap_4.o
 .bss.xNumberOfSuccessfulFrees
                0x0000000020016a64        0x4 ./thirdparty/FreeRTOS/portable/MemMang/heap_4.o
 .bss.xBlockAllocatedBit
                0x0000000020016a68        0x4 ./thirdparty/FreeRTOS/portable/MemMang/heap_4.o
 .bss._aTasks   0x0000000020016a6c       0xa0 ./thirdparty/SEGGER VIEW/OS/SEGGER_SYSVIEW_FreeRTOS.o
 .bss._NumTasks
                0x0000000020016b0c        0x4 ./thirdparty/SEGGER VIEW/OS/SEGGER_SYSVIEW_FreeRTOS.o
 .bss._cbOnRx   0x0000000020016b10        0x4 ./thirdparty/SEGGER VIEW/REC/segger_uart.o
 .bss._cbOnTx   0x0000000020016b14        0x4 ./thirdparty/SEGGER VIEW/REC/segger_uart.o
 .bss._acUpBuffer
                0x0000000020016b18      0x400 ./thirdparty/SEGGER VIEW/SEGGER/SEGGER_RTT.o
 .bss._acDownBuffer
                0x0000000020016f18       0x10 ./thirdparty/SEGGER VIEW/SEGGER/SEGGER_RTT.o
 .bss._UpBuffer
                0x0000000020016f28      0x400 ./thirdparty/SEGGER VIEW/SEGGER/SEGGER_SYSVIEW.o
 .bss._DownBuffer
                0x0000000020017328        0x8 ./thirdparty/SEGGER VIEW/SEGGER/SEGGER_SYSVIEW.o
 .bss._SYSVIEW_Globals
                0x0000000020017330       0x28 ./thirdparty/SEGGER VIEW/SEGGER/SEGGER_SYSVIEW.o
 .bss._pFirstModule
                0x0000000020017358        0x4 ./thirdparty/SEGGER VIEW/SEGGER/SEGGER_SYSVIEW.o
 .bss._NumModules
                0x000000002001735c        0x1 ./thirdparty/SEGGER VIEW/SEGGER/SEGGER_SYSVIEW.o
 *fill*         0x000000002001735d        0x3 
 .bss._aPacket  0x0000000020017360       0xe3 ./thirdparty/SEGGER VIEW/SEGGER/SEGGER_SYSVIEW.o
 .bss.length_time_first
                0x0000000020017443        0x1 ./user_drivers/Src/tm1638_led.o
                0x0000000020017443                length_time_first
 .bss.address_first
                0x0000000020017444        0x1 ./user_drivers/Src/tm1638_led.o
                0x0000000020017444                address_first
 .bss.state     0x0000000020017445        0x1 ./user_drivers/Src/tm1638_led.o
                0x0000000020017445                state
 *fill*         0x0000000020017446        0x2 
 .bss.__malloc_free_list
                0x0000000020017448        0x4 c:/st/stm32cubeide_1.8.0/stm32cubeide/plugins/com.st.stm32cube.ide.mcu.externaltools.gnu-tools-for-stm32.9-2020-q2-update.win32_2.0.0.202105311346/tools/bin/../lib/gcc/arm-none-eabi/9.3.1/../../../../arm-none-eabi/lib/thumb/v7e-m+fp/hard\libc_nano.a(lib_a-nano-mallocr.o)
                0x0000000020017448                __malloc_free_list
 .bss.__malloc_sbrk_start
                0x000000002001744c        0x4 c:/st/stm32cubeide_1.8.0/stm32cubeide/plugins/com.st.stm32cube.ide.mcu.externaltools.gnu-tools-for-stm32.9-2020-q2-update.win32_2.0.0.202105311346/tools/bin/../lib/gcc/arm-none-eabi/9.3.1/../../../../arm-none-eabi/lib/thumb/v7e-m+fp/hard\libc_nano.a(lib_a-nano-mallocr.o)
                0x000000002001744c                __malloc_sbrk_start
 *(COMMON)
 COMMON         0x0000000020017450       0x80 ./Core/Src/main.o
                0x0000000020017450                qtime
                0x000000002001746c                qdata_key
                0x0000000020017470                keypad
                0x0000000020017474                tm1638
                0x0000000020017478                hspi1
 COMMON         0x00000000200174d0       0x48 ./Core/Src/stm32f4xx_hal_timebase_tim.o
                0x00000000200174d0                htim5
 COMMON         0x0000000020017518        0x4 ./Drivers/STM32F4xx_HAL_Driver/Src/stm32f4xx_hal.o
                0x0000000020017518                uwTick
 COMMON         0x000000002001751c       0xa8 ./thirdparty/SEGGER VIEW/SEGGER/SEGGER_RTT.o
                0x000000002001751c                _SEGGER_RTT
 COMMON         0x00000000200175c4        0x4 c:/st/stm32cubeide_1.8.0/stm32cubeide/plugins/com.st.stm32cube.ide.mcu.externaltools.gnu-tools-for-stm32.9-2020-q2-update.win32_2.0.0.202105311346/tools/bin/../lib/gcc/arm-none-eabi/9.3.1/../../../../arm-none-eabi/lib/thumb/v7e-m+fp/hard\libc_nano.a(lib_a-reent.o)
                0x00000000200175c4                errno
 COMMON         0x00000000200175c8        0x9 c:/st/stm32cubeide_1.8.0/stm32cubeide/plugins/com.st.stm32cube.ide.mcu.externaltools.gnu-tools-for-stm32.9-2020-q2-update.win32_2.0.0.202105311346/tools/bin/../lib/gcc/arm-none-eabi/9.3.1/../../../../arm-none-eabi/lib/thumb/v7e-m+fp/hard\libc_nano.a(lib_a-lock.o)
                0x00000000200175c8                __lock___atexit_recursive_mutex
                0x00000000200175c9                __lock___arc4random_mutex
                0x00000000200175ca                __lock___env_recursive_mutex
                0x00000000200175cb                __lock___sinit_recursive_mutex
                0x00000000200175cc                __lock___malloc_recursive_mutex
                0x00000000200175cd                __lock___at_quick_exit_mutex
                0x00000000200175ce                __lock___dd_hash_mutex
                0x00000000200175cf                __lock___tz_mutex
                0x00000000200175d0                __lock___sfp_recursive_mutex
                0x00000000200175d4                . = ALIGN (0x4)
 *fill*         0x00000000200175d1        0x3 
                0x00000000200175d4                _ebss = .
                0x00000000200175d4                __bss_end__ = _ebss

._user_heap_stack
                0x00000000200175d4      0x604 load address 0x000000000800896c
                0x00000000200175d8                . = ALIGN (0x8)
 *fill*         0x00000000200175d4        0x4 
                [!provide]                        PROVIDE (end = .)
                0x00000000200175d8                PROVIDE (_end = .)
                0x00000000200177d8                . = (. + _Min_Heap_Size)
 *fill*         0x00000000200175d8      0x200 
                0x0000000020017bd8                . = (. + _Min_Stack_Size)
 *fill*         0x00000000200177d8      0x400 
                0x0000000020017bd8                . = ALIGN (0x8)

/DISCARD/
 libc.a(*)
 libm.a(*)
 libgcc.a(*)

.ARM.attributes
                0x0000000000000000       0x30
 *(.ARM.attributes)
 .ARM.attributes
                0x0000000000000000       0x1e c:/st/stm32cubeide_1.8.0/stm32cubeide/plugins/com.st.stm32cube.ide.mcu.externaltools.gnu-tools-for-stm32.9-2020-q2-update.win32_2.0.0.202105311346/tools/bin/../lib/gcc/arm-none-eabi/9.3.1/thumb/v7e-m+fp/hard/crti.o
 .ARM.attributes
                0x000000000000001e       0x34 c:/st/stm32cubeide_1.8.0/stm32cubeide/plugins/com.st.stm32cube.ide.mcu.externaltools.gnu-tools-for-stm32.9-2020-q2-update.win32_2.0.0.202105311346/tools/bin/../lib/gcc/arm-none-eabi/9.3.1/thumb/v7e-m+fp/hard/crtbegin.o
 .ARM.attributes
                0x0000000000000052       0x34 ./Core/Src/main.o
 .ARM.attributes
                0x0000000000000086       0x34 ./Core/Src/stm32f4xx_hal_msp.o
 .ARM.attributes
                0x00000000000000ba       0x34 ./Core/Src/stm32f4xx_hal_timebase_tim.o
 .ARM.attributes
                0x00000000000000ee       0x34 ./Core/Src/stm32f4xx_it.o
 .ARM.attributes
                0x0000000000000122       0x34 ./Core/Src/sysmem.o
 .ARM.attributes
                0x0000000000000156       0x34 ./Core/Src/system_stm32f4xx.o
 .ARM.attributes
                0x000000000000018a       0x21 ./Core/Startup/startup_stm32f411vetx.o
 .ARM.attributes
                0x00000000000001ab       0x34 ./Drivers/STM32F4xx_HAL_Driver/Src/stm32f4xx_hal.o
 .ARM.attributes
                0x00000000000001df       0x34 ./Drivers/STM32F4xx_HAL_Driver/Src/stm32f4xx_hal_cortex.o
 .ARM.attributes
                0x0000000000000213       0x34 ./Drivers/STM32F4xx_HAL_Driver/Src/stm32f4xx_hal_gpio.o
 .ARM.attributes
                0x0000000000000247       0x34 ./Drivers/STM32F4xx_HAL_Driver/Src/stm32f4xx_hal_rcc.o
 .ARM.attributes
                0x000000000000027b       0x34 ./Drivers/STM32F4xx_HAL_Driver/Src/stm32f4xx_hal_spi.o
 .ARM.attributes
                0x00000000000002af       0x34 ./Drivers/STM32F4xx_HAL_Driver/Src/stm32f4xx_hal_tim.o
 .ARM.attributes
                0x00000000000002e3       0x34 ./Drivers/STM32F4xx_HAL_Driver/Src/stm32f4xx_hal_tim_ex.o
 .ARM.attributes
                0x0000000000000317       0x34 ./thirdparty/FreeRTOS/list.o
 .ARM.attributes
                0x000000000000034b       0x34 ./thirdparty/FreeRTOS/queue.o
 .ARM.attributes
                0x000000000000037f       0x34 ./thirdparty/FreeRTOS/tasks.o
 .ARM.attributes
                0x00000000000003b3       0x34 ./thirdparty/FreeRTOS/portable/GCC/ARM_CM4F/port.o
 .ARM.attributes
                0x00000000000003e7       0x34 ./thirdparty/FreeRTOS/portable/MemMang/heap_4.o
 .ARM.attributes
                0x000000000000041b       0x34 ./thirdparty/SEGGER VIEW/CONFIG/SEGGER_SYSVIEW_Config_FreeRTOS.o
 .ARM.attributes
                0x000000000000044f       0x34 ./thirdparty/SEGGER VIEW/OS/SEGGER_SYSVIEW_FreeRTOS.o
 .ARM.attributes
                0x0000000000000483       0x34 ./thirdparty/SEGGER VIEW/REC/segger_uart.o
 .ARM.attributes
                0x00000000000004b7       0x34 ./thirdparty/SEGGER VIEW/SEGGER/SEGGER_RTT.o
 .ARM.attributes
                0x00000000000004eb       0x20 ./thirdparty/SEGGER VIEW/SEGGER/SEGGER_RTT_ASM_ARMv7M.o
 .ARM.attributes
                0x000000000000050b       0x34 ./thirdparty/SEGGER VIEW/SEGGER/SEGGER_SYSVIEW.o
 .ARM.attributes
                0x000000000000053f       0x34 ./user_drivers/Src/keypad_4x4.o
 .ARM.attributes
                0x0000000000000573       0x34 ./user_drivers/Src/tm1638_led.o
 .ARM.attributes
                0x00000000000005a7       0x34 c:/st/stm32cubeide_1.8.0/stm32cubeide/plugins/com.st.stm32cube.ide.mcu.externaltools.gnu-tools-for-stm32.9-2020-q2-update.win32_2.0.0.202105311346/tools/bin/../lib/gcc/arm-none-eabi/9.3.1/../../../../arm-none-eabi/lib/thumb/v7e-m+fp/hard\libc_nano.a(lib_a-errno.o)
 .ARM.attributes
                0x00000000000005db       0x32 c:/st/stm32cubeide_1.8.0/stm32cubeide/plugins/com.st.stm32cube.ide.mcu.externaltools.gnu-tools-for-stm32.9-2020-q2-update.win32_2.0.0.202105311346/tools/bin/../lib/gcc/arm-none-eabi/9.3.1/../../../../arm-none-eabi/lib/thumb/v7e-m+fp/hard\libc_nano.a(lib_a-impure.o)
 .ARM.attributes
                0x000000000000060d       0x34 c:/st/stm32cubeide_1.8.0/stm32cubeide/plugins/com.st.stm32cube.ide.mcu.externaltools.gnu-tools-for-stm32.9-2020-q2-update.win32_2.0.0.202105311346/tools/bin/../lib/gcc/arm-none-eabi/9.3.1/../../../../arm-none-eabi/lib/thumb/v7e-m+fp/hard\libc_nano.a(lib_a-init.o)
 .ARM.attributes
                0x0000000000000641       0x34 c:/st/stm32cubeide_1.8.0/stm32cubeide/plugins/com.st.stm32cube.ide.mcu.externaltools.gnu-tools-for-stm32.9-2020-q2-update.win32_2.0.0.202105311346/tools/bin/../lib/gcc/arm-none-eabi/9.3.1/../../../../arm-none-eabi/lib/thumb/v7e-m+fp/hard\libc_nano.a(lib_a-memcmp.o)
 .ARM.attributes
                0x0000000000000675       0x34 c:/st/stm32cubeide_1.8.0/stm32cubeide/plugins/com.st.stm32cube.ide.mcu.externaltools.gnu-tools-for-stm32.9-2020-q2-update.win32_2.0.0.202105311346/tools/bin/../lib/gcc/arm-none-eabi/9.3.1/../../../../arm-none-eabi/lib/thumb/v7e-m+fp/hard\libc_nano.a(lib_a-memcpy-stub.o)
 .ARM.attributes
                0x00000000000006a9       0x34 c:/st/stm32cubeide_1.8.0/stm32cubeide/plugins/com.st.stm32cube.ide.mcu.externaltools.gnu-tools-for-stm32.9-2020-q2-update.win32_2.0.0.202105311346/tools/bin/../lib/gcc/arm-none-eabi/9.3.1/../../../../arm-none-eabi/lib/thumb/v7e-m+fp/hard\libc_nano.a(lib_a-memset.o)
 .ARM.attributes
                0x00000000000006dd       0x34 c:/st/stm32cubeide_1.8.0/stm32cubeide/plugins/com.st.stm32cube.ide.mcu.externaltools.gnu-tools-for-stm32.9-2020-q2-update.win32_2.0.0.202105311346/tools/bin/../lib/gcc/arm-none-eabi/9.3.1/../../../../arm-none-eabi/lib/thumb/v7e-m+fp/hard\libc_nano.a(lib_a-snprintf.o)
 .ARM.attributes
                0x0000000000000711       0x34 c:/st/stm32cubeide_1.8.0/stm32cubeide/plugins/com.st.stm32cube.ide.mcu.externaltools.gnu-tools-for-stm32.9-2020-q2-update.win32_2.0.0.202105311346/tools/bin/../lib/gcc/arm-none-eabi/9.3.1/../../../../arm-none-eabi/lib/thumb/v7e-m+fp/hard\libc_nano.a(lib_a-nano-svfprintf.o)
 .ARM.attributes
                0x0000000000000745       0x34 c:/st/stm32cubeide_1.8.0/stm32cubeide/plugins/com.st.stm32cube.ide.mcu.externaltools.gnu-tools-for-stm32.9-2020-q2-update.win32_2.0.0.202105311346/tools/bin/../lib/gcc/arm-none-eabi/9.3.1/../../../../arm-none-eabi/lib/thumb/v7e-m+fp/hard\libc_nano.a(lib_a-nano-vfprintf_i.o)
 .ARM.attributes
                0x0000000000000779       0x1c c:/st/stm32cubeide_1.8.0/stm32cubeide/plugins/com.st.stm32cube.ide.mcu.externaltools.gnu-tools-for-stm32.9-2020-q2-update.win32_2.0.0.202105311346/tools/bin/../lib/gcc/arm-none-eabi/9.3.1/../../../../arm-none-eabi/lib/thumb/v7e-m+fp/hard\libc_nano.a(lib_a-memchr.o)
 .ARM.attributes
                0x0000000000000795       0x34 c:/st/stm32cubeide_1.8.0/stm32cubeide/plugins/com.st.stm32cube.ide.mcu.externaltools.gnu-tools-for-stm32.9-2020-q2-update.win32_2.0.0.202105311346/tools/bin/../lib/gcc/arm-none-eabi/9.3.1/../../../../arm-none-eabi/lib/thumb/v7e-m+fp/hard\libc_nano.a(lib_a-memmove.o)
 .ARM.attributes
                0x00000000000007c9       0x34 c:/st/stm32cubeide_1.8.0/stm32cubeide/plugins/com.st.stm32cube.ide.mcu.externaltools.gnu-tools-for-stm32.9-2020-q2-update.win32_2.0.0.202105311346/tools/bin/../lib/gcc/arm-none-eabi/9.3.1/../../../../arm-none-eabi/lib/thumb/v7e-m+fp/hard\libc_nano.a(lib_a-nano-freer.o)
 .ARM.attributes
                0x00000000000007fd       0x34 c:/st/stm32cubeide_1.8.0/stm32cubeide/plugins/com.st.stm32cube.ide.mcu.externaltools.gnu-tools-for-stm32.9-2020-q2-update.win32_2.0.0.202105311346/tools/bin/../lib/gcc/arm-none-eabi/9.3.1/../../../../arm-none-eabi/lib/thumb/v7e-m+fp/hard\libc_nano.a(lib_a-nano-mallocr.o)
 .ARM.attributes
                0x0000000000000831       0x34 c:/st/stm32cubeide_1.8.0/stm32cubeide/plugins/com.st.stm32cube.ide.mcu.externaltools.gnu-tools-for-stm32.9-2020-q2-update.win32_2.0.0.202105311346/tools/bin/../lib/gcc/arm-none-eabi/9.3.1/../../../../arm-none-eabi/lib/thumb/v7e-m+fp/hard\libc_nano.a(lib_a-nano-reallocr.o)
 .ARM.attributes
                0x0000000000000865       0x34 c:/st/stm32cubeide_1.8.0/stm32cubeide/plugins/com.st.stm32cube.ide.mcu.externaltools.gnu-tools-for-stm32.9-2020-q2-update.win32_2.0.0.202105311346/tools/bin/../lib/gcc/arm-none-eabi/9.3.1/../../../../arm-none-eabi/lib/thumb/v7e-m+fp/hard\libc_nano.a(lib_a-sbrkr.o)
 .ARM.attributes
                0x0000000000000899       0x34 c:/st/stm32cubeide_1.8.0/stm32cubeide/plugins/com.st.stm32cube.ide.mcu.externaltools.gnu-tools-for-stm32.9-2020-q2-update.win32_2.0.0.202105311346/tools/bin/../lib/gcc/arm-none-eabi/9.3.1/../../../../arm-none-eabi/lib/thumb/v7e-m+fp/hard\libc_nano.a(lib_a-mlock.o)
 .ARM.attributes
                0x00000000000008cd       0x34 c:/st/stm32cubeide_1.8.0/stm32cubeide/plugins/com.st.stm32cube.ide.mcu.externaltools.gnu-tools-for-stm32.9-2020-q2-update.win32_2.0.0.202105311346/tools/bin/../lib/gcc/arm-none-eabi/9.3.1/../../../../arm-none-eabi/lib/thumb/v7e-m+fp/hard\libc_nano.a(lib_a-nano-msizer.o)
 .ARM.attributes
                0x0000000000000901       0x34 c:/st/stm32cubeide_1.8.0/stm32cubeide/plugins/com.st.stm32cube.ide.mcu.externaltools.gnu-tools-for-stm32.9-2020-q2-update.win32_2.0.0.202105311346/tools/bin/../lib/gcc/arm-none-eabi/9.3.1/../../../../arm-none-eabi/lib/thumb/v7e-m+fp/hard\libc_nano.a(lib_a-reent.o)
 .ARM.attributes
                0x0000000000000935       0x34 c:/st/stm32cubeide_1.8.0/stm32cubeide/plugins/com.st.stm32cube.ide.mcu.externaltools.gnu-tools-for-stm32.9-2020-q2-update.win32_2.0.0.202105311346/tools/bin/../lib/gcc/arm-none-eabi/9.3.1/../../../../arm-none-eabi/lib/thumb/v7e-m+fp/hard\libc_nano.a(lib_a-lock.o)
 .ARM.attributes
                0x0000000000000969       0x1e c:/st/stm32cubeide_1.8.0/stm32cubeide/plugins/com.st.stm32cube.ide.mcu.externaltools.gnu-tools-for-stm32.9-2020-q2-update.win32_2.0.0.202105311346/tools/bin/../lib/gcc/arm-none-eabi/9.3.1/thumb/v7e-m+fp/hard\libgcc.a(_aeabi_uldivmod.o)
 .ARM.attributes
                0x0000000000000987       0x34 c:/st/stm32cubeide_1.8.0/stm32cubeide/plugins/com.st.stm32cube.ide.mcu.externaltools.gnu-tools-for-stm32.9-2020-q2-update.win32_2.0.0.202105311346/tools/bin/../lib/gcc/arm-none-eabi/9.3.1/thumb/v7e-m+fp/hard\libgcc.a(_udivmoddi4.o)
 .ARM.attributes
                0x00000000000009bb       0x1e c:/st/stm32cubeide_1.8.0/stm32cubeide/plugins/com.st.stm32cube.ide.mcu.externaltools.gnu-tools-for-stm32.9-2020-q2-update.win32_2.0.0.202105311346/tools/bin/../lib/gcc/arm-none-eabi/9.3.1/thumb/v7e-m+fp/hard\libgcc.a(_dvmd_tls.o)
 .ARM.attributes
                0x00000000000009d9       0x1e c:/st/stm32cubeide_1.8.0/stm32cubeide/plugins/com.st.stm32cube.ide.mcu.externaltools.gnu-tools-for-stm32.9-2020-q2-update.win32_2.0.0.202105311346/tools/bin/../lib/gcc/arm-none-eabi/9.3.1/thumb/v7e-m+fp/hard/crtn.o
OUTPUT(11_freertos_queues_2tasks_keypad_tm1638.elf elf32-littlearm)
LOAD linker stubs
LOAD c:/st/stm32cubeide_1.8.0/stm32cubeide/plugins/com.st.stm32cube.ide.mcu.externaltools.gnu-tools-for-stm32.9-2020-q2-update.win32_2.0.0.202105311346/tools/bin/../lib/gcc/arm-none-eabi/9.3.1/../../../../arm-none-eabi/lib/thumb/v7e-m+fp/hard\libc.a
LOAD c:/st/stm32cubeide_1.8.0/stm32cubeide/plugins/com.st.stm32cube.ide.mcu.externaltools.gnu-tools-for-stm32.9-2020-q2-update.win32_2.0.0.202105311346/tools/bin/../lib/gcc/arm-none-eabi/9.3.1/../../../../arm-none-eabi/lib/thumb/v7e-m+fp/hard\libm.a
LOAD c:/st/stm32cubeide_1.8.0/stm32cubeide/plugins/com.st.stm32cube.ide.mcu.externaltools.gnu-tools-for-stm32.9-2020-q2-update.win32_2.0.0.202105311346/tools/bin/../lib/gcc/arm-none-eabi/9.3.1/thumb/v7e-m+fp/hard\libgcc.a

.debug_info     0x0000000000000000    0x1d23f
 .debug_info    0x0000000000000000     0x1cff ./Core/Src/main.o
 .debug_info    0x0000000000001cff      0xa93 ./Core/Src/stm32f4xx_hal_msp.o
 .debug_info    0x0000000000002792      0xc00 ./Core/Src/stm32f4xx_hal_timebase_tim.o
 .debug_info    0x0000000000003392      0x7ed ./Core/Src/stm32f4xx_it.o
 .debug_info    0x0000000000003b7f      0xa25 ./Core/Src/sysmem.o
 .debug_info    0x00000000000045a4      0x5d0 ./Core/Src/system_stm32f4xx.o
 .debug_info    0x0000000000004b74       0x22 ./Core/Startup/startup_stm32f411vetx.o
 .debug_info    0x0000000000004b96      0x944 ./Drivers/STM32F4xx_HAL_Driver/Src/stm32f4xx_hal.o
 .debug_info    0x00000000000054da      0xe47 ./Drivers/STM32F4xx_HAL_Driver/Src/stm32f4xx_hal_cortex.o
 .debug_info    0x0000000000006321      0x862 ./Drivers/STM32F4xx_HAL_Driver/Src/stm32f4xx_hal_gpio.o
 .debug_info    0x0000000000006b83      0x9be ./Drivers/STM32F4xx_HAL_Driver/Src/stm32f4xx_hal_rcc.o
 .debug_info    0x0000000000007541     0x17b8 ./Drivers/STM32F4xx_HAL_Driver/Src/stm32f4xx_hal_spi.o
 .debug_info    0x0000000000008cf9     0x2c1a ./Drivers/STM32F4xx_HAL_Driver/Src/stm32f4xx_hal_tim.o
 .debug_info    0x000000000000b913     0x159a ./Drivers/STM32F4xx_HAL_Driver/Src/stm32f4xx_hal_tim_ex.o
 .debug_info    0x000000000000cead      0xb9a ./thirdparty/FreeRTOS/list.o
 .debug_info    0x000000000000da47     0x1f29 ./thirdparty/FreeRTOS/queue.o
 .debug_info    0x000000000000f970     0x2ac9 ./thirdparty/FreeRTOS/tasks.o
 .debug_info    0x0000000000012439      0x5b1 ./thirdparty/FreeRTOS/portable/GCC/ARM_CM4F/port.o
 .debug_info    0x00000000000129ea      0xda4 ./thirdparty/FreeRTOS/portable/MemMang/heap_4.o
 .debug_info    0x000000000001378e      0x131 ./thirdparty/SEGGER VIEW/CONFIG/SEGGER_SYSVIEW_Config_FreeRTOS.o
 .debug_info    0x00000000000138bf      0xc58 ./thirdparty/SEGGER VIEW/OS/SEGGER_SYSVIEW_FreeRTOS.o
 .debug_info    0x0000000000014517     0x130a ./thirdparty/SEGGER VIEW/REC/segger_uart.o
 .debug_info    0x0000000000015821     0x1d4b ./thirdparty/SEGGER VIEW/SEGGER/SEGGER_RTT.o
 .debug_info    0x000000000001756c       0x26 ./thirdparty/SEGGER VIEW/SEGGER/SEGGER_RTT_ASM_ARMv7M.o
 .debug_info    0x0000000000017592     0x3fe7 ./thirdparty/SEGGER VIEW/SEGGER/SEGGER_SYSVIEW.o
 .debug_info    0x000000000001b579      0x3a7 ./user_drivers/Src/keypad_4x4.o
 .debug_info    0x000000000001b920     0x191f ./user_drivers/Src/tm1638_led.o

.debug_abbrev   0x0000000000000000     0x3b80
 .debug_abbrev  0x0000000000000000      0x360 ./Core/Src/main.o
 .debug_abbrev  0x0000000000000360      0x1ac ./Core/Src/stm32f4xx_hal_msp.o
 .debug_abbrev  0x000000000000050c      0x1d0 ./Core/Src/stm32f4xx_hal_timebase_tim.o
 .debug_abbrev  0x00000000000006dc      0x187 ./Core/Src/stm32f4xx_it.o
 .debug_abbrev  0x0000000000000863      0x1bf ./Core/Src/sysmem.o
 .debug_abbrev  0x0000000000000a22      0x145 ./Core/Src/system_stm32f4xx.o
 .debug_abbrev  0x0000000000000b67       0x12 ./Core/Startup/startup_stm32f411vetx.o
 .debug_abbrev  0x0000000000000b79      0x21e ./Drivers/STM32F4xx_HAL_Driver/Src/stm32f4xx_hal.o
 .debug_abbrev  0x0000000000000d97      0x33c ./Drivers/STM32F4xx_HAL_Driver/Src/stm32f4xx_hal_cortex.o
 .debug_abbrev  0x00000000000010d3      0x1f1 ./Drivers/STM32F4xx_HAL_Driver/Src/stm32f4xx_hal_gpio.o
 .debug_abbrev  0x00000000000012c4      0x275 ./Drivers/STM32F4xx_HAL_Driver/Src/stm32f4xx_hal_rcc.o
 .debug_abbrev  0x0000000000001539      0x26e ./Drivers/STM32F4xx_HAL_Driver/Src/stm32f4xx_hal_spi.o
 .debug_abbrev  0x00000000000017a7      0x26f ./Drivers/STM32F4xx_HAL_Driver/Src/stm32f4xx_hal_tim.o
 .debug_abbrev  0x0000000000001a16      0x277 ./Drivers/STM32F4xx_HAL_Driver/Src/stm32f4xx_hal_tim_ex.o
 .debug_abbrev  0x0000000000001c8d      0x1f7 ./thirdparty/FreeRTOS/list.o
 .debug_abbrev  0x0000000000001e84      0x333 ./thirdparty/FreeRTOS/queue.o
 .debug_abbrev  0x00000000000021b7      0x3a9 ./thirdparty/FreeRTOS/tasks.o
 .debug_abbrev  0x0000000000002560      0x231 ./thirdparty/FreeRTOS/portable/GCC/ARM_CM4F/port.o
 .debug_abbrev  0x0000000000002791      0x2d3 ./thirdparty/FreeRTOS/portable/MemMang/heap_4.o
 .debug_abbrev  0x0000000000002a64       0xc1 ./thirdparty/SEGGER VIEW/CONFIG/SEGGER_SYSVIEW_Config_FreeRTOS.o
 .debug_abbrev  0x0000000000002b25      0x219 ./thirdparty/SEGGER VIEW/OS/SEGGER_SYSVIEW_FreeRTOS.o
 .debug_abbrev  0x0000000000002d3e      0x2e0 ./thirdparty/SEGGER VIEW/REC/segger_uart.o
 .debug_abbrev  0x000000000000301e      0x2e1 ./thirdparty/SEGGER VIEW/SEGGER/SEGGER_RTT.o
 .debug_abbrev  0x00000000000032ff       0x14 ./thirdparty/SEGGER VIEW/SEGGER/SEGGER_RTT_ASM_ARMv7M.o
 .debug_abbrev  0x0000000000003313      0x38b ./thirdparty/SEGGER VIEW/SEGGER/SEGGER_SYSVIEW.o
 .debug_abbrev  0x000000000000369e      0x188 ./user_drivers/Src/keypad_4x4.o
 .debug_abbrev  0x0000000000003826      0x35a ./user_drivers/Src/tm1638_led.o

.debug_aranges  0x0000000000000000     0x1570
 .debug_aranges
                0x0000000000000000       0x58 ./Core/Src/main.o
 .debug_aranges
                0x0000000000000058       0x30 ./Core/Src/stm32f4xx_hal_msp.o
 .debug_aranges
                0x0000000000000088       0x30 ./Core/Src/stm32f4xx_hal_timebase_tim.o
 .debug_aranges
                0x00000000000000b8       0x58 ./Core/Src/stm32f4xx_it.o
 .debug_aranges
                0x0000000000000110       0x20 ./Core/Src/sysmem.o
 .debug_aranges
                0x0000000000000130       0x28 ./Core/Src/system_stm32f4xx.o
 .debug_aranges
                0x0000000000000158       0x28 ./Core/Startup/startup_stm32f411vetx.o
 .debug_aranges
                0x0000000000000180       0xf0 ./Drivers/STM32F4xx_HAL_Driver/Src/stm32f4xx_hal.o
 .debug_aranges
                0x0000000000000270      0x118 ./Drivers/STM32F4xx_HAL_Driver/Src/stm32f4xx_hal_cortex.o
 .debug_aranges
                0x0000000000000388       0x58 ./Drivers/STM32F4xx_HAL_Driver/Src/stm32f4xx_hal_gpio.o
 .debug_aranges
                0x00000000000003e0       0x88 ./Drivers/STM32F4xx_HAL_Driver/Src/stm32f4xx_hal_rcc.o
 .debug_aranges
                0x0000000000000468      0x1d0 ./Drivers/STM32F4xx_HAL_Driver/Src/stm32f4xx_hal_spi.o
 .debug_aranges
                0x0000000000000638      0x3d0 ./Drivers/STM32F4xx_HAL_Driver/Src/stm32f4xx_hal_tim.o
 .debug_aranges
                0x0000000000000a08      0x168 ./Drivers/STM32F4xx_HAL_Driver/Src/stm32f4xx_hal_tim_ex.o
 .debug_aranges
                0x0000000000000b70       0x40 ./thirdparty/FreeRTOS/list.o
 .debug_aranges
                0x0000000000000bb0      0x128 ./thirdparty/FreeRTOS/queue.o
 .debug_aranges
                0x0000000000000cd8      0x208 ./thirdparty/FreeRTOS/tasks.o
 .debug_aranges
                0x0000000000000ee0       0x88 ./thirdparty/FreeRTOS/portable/GCC/ARM_CM4F/port.o
 .debug_aranges
                0x0000000000000f68       0x58 ./thirdparty/FreeRTOS/portable/MemMang/heap_4.o
 .debug_aranges
                0x0000000000000fc0       0x28 ./thirdparty/SEGGER VIEW/CONFIG/SEGGER_SYSVIEW_Config_FreeRTOS.o
 .debug_aranges
                0x0000000000000fe8       0x48 ./thirdparty/SEGGER VIEW/OS/SEGGER_SYSVIEW_FreeRTOS.o
 .debug_aranges
                0x0000000000001030       0x68 ./thirdparty/SEGGER VIEW/REC/segger_uart.o
 .debug_aranges
                0x0000000000001098      0x138 ./thirdparty/SEGGER VIEW/SEGGER/SEGGER_RTT.o
 .debug_aranges
                0x00000000000011d0       0x20 ./thirdparty/SEGGER VIEW/SEGGER/SEGGER_RTT_ASM_ARMv7M.o
 .debug_aranges
                0x00000000000011f0      0x280 ./thirdparty/SEGGER VIEW/SEGGER/SEGGER_SYSVIEW.o
 .debug_aranges
                0x0000000000001470       0x30 ./user_drivers/Src/keypad_4x4.o
 .debug_aranges
                0x00000000000014a0       0xd0 ./user_drivers/Src/tm1638_led.o

.debug_ranges   0x0000000000000000     0x13b8