Archive member included to satisfy reference by file (symbol)

c:/st/stm32cubeide_1.8.0/stm32cubeide/plugins/com.st.stm32cube.ide.mcu.externaltools.gnu-tools-for-stm32.9-2020-q2-update.win32_2.0.0.202105311346/tools/bin/../lib/gcc/arm-none-eabi/9.3.1/../../../../arm-none-eabi/lib/thumb/v7e-m+fp/hard\libc_nano.a(lib_a-errno.o)
                              ./Core/Src/syscalls.o (__errno)
c:/st/stm32cubeide_1.8.0/stm32cubeide/plugins/com.st.stm32cube.ide.mcu.externaltools.gnu-tools-for-stm32.9-2020-q2-update.win32_2.0.0.202105311346/tools/bin/../lib/gcc/arm-none-eabi/9.3.1/../../../../arm-none-eabi/lib/thumb/v7e-m+fp/hard\libc_nano.a(lib_a-exit.o)
                              c:/st/stm32cubeide_1.8.0/stm32cubeide/plugins/com.st.stm32cube.ide.mcu.externaltools.gnu-tools-for-stm32.9-2020-q2-update.win32_2.0.0.202105311346/tools/bin/../lib/gcc/arm-none-eabi/9.3.1/../../../../arm-none-eabi/lib/thumb/v7e-m+fp/hard/crt0.o (exit)
c:/st/stm32cubeide_1.8.0/stm32cubeide/plugins/com.st.stm32cube.ide.mcu.externaltools.gnu-tools-for-stm32.9-2020-q2-update.win32_2.0.0.202105311346/tools/bin/../lib/gcc/arm-none-eabi/9.3.1/../../../../arm-none-eabi/lib/thumb/v7e-m+fp/hard\libc_nano.a(lib_a-impure.o)
                              c:/st/stm32cubeide_1.8.0/stm32cubeide/plugins/com.st.stm32cube.ide.mcu.externaltools.gnu-tools-for-stm32.9-2020-q2-update.win32_2.0.0.202105311346/tools/bin/../lib/gcc/arm-none-eabi/9.3.1/../../../../arm-none-eabi/lib/thumb/v7e-m+fp/hard\libc_nano.a(lib_a-exit.o) (_global_impure_ptr)
c:/st/stm32cubeide_1.8.0/stm32cubeide/plugins/com.st.stm32cube.ide.mcu.externaltools.gnu-tools-for-stm32.9-2020-q2-update.win32_2.0.0.202105311346/tools/bin/../lib/gcc/arm-none-eabi/9.3.1/../../../../arm-none-eabi/lib/thumb/v7e-m+fp/hard\libc_nano.a(lib_a-init.o)
                              c:/st/stm32cubeide_1.8.0/stm32cubeide/plugins/com.st.stm32cube.ide.mcu.externaltools.gnu-tools-for-stm32.9-2020-q2-update.win32_2.0.0.202105311346/tools/bin/../lib/gcc/arm-none-eabi/9.3.1/../../../../arm-none-eabi/lib/thumb/v7e-m+fp/hard/crt0.o (__libc_init_array)
c:/st/stm32cubeide_1.8.0/stm32cubeide/plugins/com.st.stm32cube.ide.mcu.externaltools.gnu-tools-for-stm32.9-2020-q2-update.win32_2.0.0.202105311346/tools/bin/../lib/gcc/arm-none-eabi/9.3.1/../../../../arm-none-eabi/lib/thumb/v7e-m+fp/hard\libc_nano.a(lib_a-memcmp.o)
                              ./thirdparty/SEGGER VIEW/OS/SEGGER_SYSVIEW_FreeRTOS.o (memcmp)
c:/st/stm32cubeide_1.8.0/stm32cubeide/plugins/com.st.stm32cube.ide.mcu.externaltools.gnu-tools-for-stm32.9-2020-q2-update.win32_2.0.0.202105311346/tools/bin/../lib/gcc/arm-none-eabi/9.3.1/../../../../arm-none-eabi/lib/thumb/v7e-m+fp/hard\libc_nano.a(lib_a-memcpy-stub.o)
                              ./thirdparty/FreeRTOS/queue.o (memcpy)
c:/st/stm32cubeide_1.8.0/stm32cubeide/plugins/com.st.stm32cube.ide.mcu.externaltools.gnu-tools-for-stm32.9-2020-q2-update.win32_2.0.0.202105311346/tools/bin/../lib/gcc/arm-none-eabi/9.3.1/../../../../arm-none-eabi/lib/thumb/v7e-m+fp/hard\libc_nano.a(lib_a-memset.o)
                              c:/st/stm32cubeide_1.8.0/stm32cubeide/plugins/com.st.stm32cube.ide.mcu.externaltools.gnu-tools-for-stm32.9-2020-q2-update.win32_2.0.0.202105311346/tools/bin/../lib/gcc/arm-none-eabi/9.3.1/../../../../arm-none-eabi/lib/thumb/v7e-m+fp/hard/crt0.o (memset)
c:/st/stm32cubeide_1.8.0/stm32cubeide/plugins/com.st.stm32cube.ide.mcu.externaltools.gnu-tools-for-stm32.9-2020-q2-update.win32_2.0.0.202105311346/tools/bin/../lib/gcc/arm-none-eabi/9.3.1/../../../../arm-none-eabi/lib/thumb/v7e-m+fp/hard\libc_nano.a(lib_a-strlen.o)
                              ./thirdparty/FreeRTOS/tasks.o (strlen)
c:/st/stm32cubeide_1.8.0/stm32cubeide/plugins/com.st.stm32cube.ide.mcu.externaltools.gnu-tools-for-stm32.9-2020-q2-update.win32_2.0.0.202105311346/tools/bin/../lib/gcc/arm-none-eabi/9.3.1/thumb/v7e-m+fp/hard\libgcc.a(_aeabi_uldivmod.o)
                              ./Drivers/STM32F4xx_HAL_Driver/Src/stm32f4xx_hal_rcc.o (__aeabi_uldivmod)
c:/st/stm32cubeide_1.8.0/stm32cubeide/plugins/com.st.stm32cube.ide.mcu.externaltools.gnu-tools-for-stm32.9-2020-q2-update.win32_2.0.0.202105311346/tools/bin/../lib/gcc/arm-none-eabi/9.3.1/thumb/v7e-m+fp/hard\libgcc.a(_udivmoddi4.o)
                              c:/st/stm32cubeide_1.8.0/stm32cubeide/plugins/com.st.stm32cube.ide.mcu.externaltools.gnu-tools-for-stm32.9-2020-q2-update.win32_2.0.0.202105311346/tools/bin/../lib/gcc/arm-none-eabi/9.3.1/thumb/v7e-m+fp/hard\libgcc.a(_aeabi_uldivmod.o) (__udivmoddi4)
c:/st/stm32cubeide_1.8.0/stm32cubeide/plugins/com.st.stm32cube.ide.mcu.externaltools.gnu-tools-for-stm32.9-2020-q2-update.win32_2.0.0.202105311346/tools/bin/../lib/gcc/arm-none-eabi/9.3.1/thumb/v7e-m+fp/hard\libgcc.a(_dvmd_tls.o)
[...]
Memory Configuration

Name             Origin             Length             Attributes
RAM              0x0000000020000000 0x0000000000020000 xrw
FLASH            0x0000000008000000 0x0000000000080000 xr
*default*        0x0000000000000000 0xffffffffffffffff

Linker script and memory map

LOAD c:/st/stm32cubeide_1.8.0/stm32cubeide/plugins/com.st.stm32cube.ide.mcu.externaltools.gnu-tools-for-stm32.9-2020-q2-update.win32_2.0.0.202105311346/tools/bin/../lib/gcc/arm-none-eabi/9.3.1/thumb/v7e-m+fp/hard/crti.o
LOAD c:/st/stm32cubeide_1.8.0/stm32cubeide/plugins/com.st.stm32cube.ide.mcu.externaltools.gnu-tools-for-stm32.9-2020-q2-update.win32_2.0.0.202105311346/tools/bin/../lib/gcc/arm-none-eabi/9.3.1/thumb/v7e-m+fp/hard/crtbegin.o
LOAD c:/st/stm32cubeide_1.8.0/stm32cubeide/plugins/com.st.stm32cube.ide.mcu.externaltools.gnu-tools-for-stm32.9-2020-q2-update.win32_2.0.0.202105311346/tools/bin/../lib/gcc/arm-none-eabi/9.3.1/../../../../arm-none-eabi/lib/thumb/v7e-m+fp/hard/crt0.o
LOAD ./Core/Src/main.o
LOAD ./Core/Src/stm32f4xx_hal_msp.o
LOAD ./Core/Src/stm32f4xx_hal_timebase_tim.o
LOAD ./Core/Src/stm32f4xx_it.o
LOAD ./Core/Src/syscalls.o
LOAD ./Core/Src/sysmem.o
LOAD ./Core/Src/system_stm32f4xx.o
LOAD ./Core/Startup/startup_stm32f411vetx.o
LOAD ./Drivers/STM32F4xx_HAL_Driver/Src/stm32f4xx_hal.o
LOAD ./Drivers/STM32F4xx_HAL_Driver/Src/stm32f4xx_hal_cortex.o
LOAD ./Drivers/STM32F4xx_HAL_Driver/Src/stm32f4xx_hal_dma.o
LOAD ./Drivers/STM32F4xx_HAL_Driver/Src/stm32f4xx_hal_dma_ex.o
LOAD ./Drivers/STM32F4xx_HAL_Driver/Src/stm32f4xx_hal_exti.o
LOAD ./Drivers/STM32F4xx_HAL_Driver/Src/stm32f4xx_hal_flash.o
LOAD ./Drivers/STM32F4xx_HAL_Driver/Src/stm32f4xx_hal_flash_ex.o
LOAD ./Drivers/STM32F4xx_HAL_Driver/Src/stm32f4xx_hal_flash_ramfunc.o
LOAD ./Drivers/STM32F4xx_HAL_Driver/Src/stm32f4xx_hal_gpio.o
LOAD ./Drivers/STM32F4xx_HAL_Driver/Src/stm32f4xx_hal_pwr.o
LOAD ./Drivers/STM32F4xx_HAL_Driver/Src/stm32f4xx_hal_pwr_ex.o
LOAD ./Drivers/STM32F4xx_HAL_Driver/Src/stm32f4xx_hal_rcc.o
LOAD ./Drivers/STM32F4xx_HAL_Driver/Src/stm32f4xx_hal_rcc_ex.o
LOAD ./Drivers/STM32F4xx_HAL_Driver/Src/stm32f4xx_hal_spi.o
LOAD ./Drivers/STM32F4xx_HAL_Driver/Src/stm32f4xx_hal_tim.o
LOAD ./Drivers/STM32F4xx_HAL_Driver/Src/stm32f4xx_hal_tim_ex.o
LOAD ./thirdparty/FreeRTOS/croutine.o
LOAD ./thirdparty/FreeRTOS/event_groups.o
LOAD ./thirdparty/FreeRTOS/list.o
LOAD ./thirdparty/FreeRTOS/queue.o
LOAD ./thirdparty/FreeRTOS/stream_buffer.o
LOAD ./thirdparty/FreeRTOS/tasks.o
LOAD ./thirdparty/FreeRTOS/timers.o
LOAD ./thirdparty/FreeRTOS/portable/GCC/ARM_CM4F/port.o
LOAD ./thirdparty/FreeRTOS/portable/MemMang/heap_4.o
LOAD ./thirdparty/SEGGER VIEW/CONFIG/SEGGER_SYSVIEW_Config_FreeRTOS.o
LOAD ./thirdparty/SEGGER VIEW/OS/SEGGER_SYSVIEW_FreeRTOS.o
LOAD ./thirdparty/SEGGER VIEW/REC/segger_uart.o
LOAD ./thirdparty/SEGGER VIEW/SEGGER/SEGGER_RTT.o
LOAD ./thirdparty/SEGGER VIEW/SEGGER/SEGGER_RTT_ASM_ARMv7M.o
LOAD ./thirdparty/SEGGER VIEW/SEGGER/SEGGER_RTT_printf.o
LOAD ./thirdparty/SEGGER VIEW/SEGGER/SEGGER_SYSVIEW.o
LOAD ./thirdparty/SEGGER VIEW/SEGGER/Syscalls/SEGGER_RTT_Syscalls_GCC.o
LOAD ./user_drivers/Src/keypad_4x4.o
LOAD ./user_drivers/Src/tm1638_led.o
START GROUP
LOAD c:/st/stm32cubeide_1.8.0/stm32cubeide/plugins/com.st.stm32cube.ide.mcu.externaltools.gnu-tools-for-stm32.9-2020-q2-update.win32_2.0.0.202105311346/tools/bin/../lib/gcc/arm-none-eabi/9.3.1/../../../../arm-none-eabi/lib/thumb/v7e-m+fp/hard\libc_nano.a
LOAD c:/st/stm32cubeide_1.8.0/stm32cubeide/plugins/com.st.stm32cube.ide.mcu.externaltools.gnu-tools-for-stm32.9-2020-q2-update.win32_2.0.0.202105311346/tools/bin/../lib/gcc/arm-none-eabi/9.3.1/../../../../arm-none-eabi/lib/thumb/v7e-m+fp/hard\libm.a
END GROUP
START GROUP
LOAD c:/st/stm32cubeide_1.8.0/stm32cubeide/plugins/com.st.stm32cube.ide.mcu.externaltools.gnu-tools-for-stm32.9-2020-q2-update.win32_2.0.0.202105311346/tools/bin/../lib/gcc/arm-none-eabi/9.3.1/thumb/v7e-m+fp/hard\libgcc.a
LOAD c:/st/stm32cubeide_1.8.0/stm32cubeide/plugins/com.st.stm32cube.ide.mcu.externaltools.gnu-tools-for-stm32.9-2020-q2-update.win32_2.0.0.202105311346/tools/bin/../lib/gcc/arm-none-eabi/9.3.1/../../../../arm-none-eabi/lib/thumb/v7e-m+fp/hard\libc_nano.a
END GROUP
START GROUP
LOAD c:/st/stm32cubeide_1.8.0/stm32cubeide/plugins/com.st.stm32cube.ide.mcu.externaltools.gnu-tools-for-stm32.9-2020-q2-update.win32_2.0.0.202105311346/tools/bin/../lib/gcc/arm-none-eabi/9.3.1/thumb/v7e-m+fp/hard\libgcc.a
LOAD c:/st/stm32cubeide_1.8.0/stm32cubeide/plugins/com.st.stm32cube.ide.mcu.externaltools.gnu-tools-for-stm32.9-2020-q2-update.win32_2.0.0.202105311346/tools/bin/../lib/gcc/arm-none-eabi/9.3.1/../../../../arm-none-eabi/lib/thumb/v7e-m+fp/hard\libc_nano.a
LOAD c:/st/stm32cubeide_1.8.0/stm32cubeide/plugins/com.st.stm32cube.ide.mcu.externaltools.gnu-tools-for-stm32.9-2020-q2-update.win32_2.0.0.202105311346/tools/bin/../lib/gcc/arm-none-eabi/9.3.1/../../../../arm-none-eabi/lib/thumb/v7e-m+fp/hard\libnosys.a
END GROUP
START GROUP
LOAD c:/st/stm32cubeide_1.8.0/stm32cubeide/plugins/com.st.stm32cube.ide.mcu.externaltools.gnu-tools-for-stm32.9-2020-q2-update.win32_2.0.0.202105311346/tools/bin/../lib/gcc/arm-none-eabi/9.3.1/thumb/v7e-m+fp/hard\libgcc.a
LOAD c:/st/stm32cubeide_1.8.0/stm32cubeide/plugins/com.st.stm32cube.ide.mcu.externaltools.gnu-tools-for-stm32.9-2020-q2-update.win32_2.0.0.202105311346/tools/bin/../lib/gcc/arm-none-eabi/9.3.1/../../../../arm-none-eabi/lib/thumb/v7e-m+fp/hard\libc_nano.a
LOAD c:/st/stm32cubeide_1.8.0/stm32cubeide/plugins/com.st.stm32cube.ide.mcu.externaltools.gnu-tools-for-stm32.9-2020-q2-update.win32_2.0.0.202105311346/tools/bin/../lib/gcc/arm-none-eabi/9.3.1/../../../../arm-none-eabi/lib/thumb/v7e-m+fp/hard\libnosys.a
END GROUP
LOAD c:/st/stm32cubeide_1.8.0/stm32cubeide/plugins/com.st.stm32cube.ide.mcu.externaltools.gnu-tools-for-stm32.9-2020-q2-update.win32_2.0.0.202105311346/tools/bin/../lib/gcc/arm-none-eabi/9.3.1/thumb/v7e-m+fp/hard/crtend.o
LOAD c:/st/stm32cubeide_1.8.0/stm32cubeide/plugins/com.st.stm32cube.ide.mcu.externaltools.gnu-tools-for-stm32.9-2020-q2-update.win32_2.0.0.202105311346/tools/bin/../lib/gcc/arm-none-eabi/9.3.1/thumb/v7e-m+fp/hard/crtn.o
                0x0000000020020000                _estack = (ORIGIN (RAM) + LENGTH (RAM))
                0x0000000000000200                _Min_Heap_Size = 0x200
                0x0000000000000400                _Min_Stack_Size = 0x400

.isr_vector     0x0000000008000000      0x198
                0x0000000008000000                . = ALIGN (0x4)
 *(.isr_vector)
 .isr_vector    0x0000000008000000      0x198 ./Core/Startup/startup_stm32f411vetx.o
                0x0000000008000000                g_pfnVectors
                0x0000000008000198                . = ALIGN (0x4)

.text           0x00000000080001a0     0x6bc0
                0x00000000080001a0                . = ALIGN (0x4)
 *(.text)
 .text          0x00000000080001a0       0x40 c:/st/stm32cubeide_1.8.0/stm32cubeide/plugins/com.st.stm32cube.ide.mcu.externaltools.gnu-tools-for-stm32.9-2020-q2-update.win32_2.0.0.202105311346/tools/bin/../lib/gcc/arm-none-eabi/9.3.1/thumb/v7e-m+fp/hard/crtbegin.o
 .text          0x00000000080001e0       0x94 ./thirdparty/SEGGER VIEW/SEGGER/SEGGER_RTT_ASM_ARMv7M.o
                0x00000000080001e0                SEGGER_RTT_ASM_WriteSkipNoLock
 .text          0x0000000008000274       0x30 c:/st/stm32cubeide_1.8.0/stm32cubeide/plugins/com.st.stm32cube.ide.mcu.externaltools.gnu-tools-for-stm32.9-2020-q2-update.win32_2.0.0.202105311346/tools/bin/../lib/gcc/arm-none-eabi/9.3.1/thumb/v7e-m+fp/hard\libgcc.a(_aeabi_uldivmod.o)
                0x0000000008000274                __aeabi_uldivmod
 .text          0x00000000080002a4      0x2c4 c:/st/stm32cubeide_1.8.0/stm32cubeide/plugins/com.st.stm32cube.ide.mcu.externaltools.gnu-tools-for-stm32.9-2020-q2-update.win32_2.0.0.202105311346/tools/bin/../lib/gcc/arm-none-eabi/9.3.1/thumb/v7e-m+fp/hard\libgcc.a(_udivmoddi4.o)
                0x00000000080002a4                __udivmoddi4
 .text          0x0000000008000568        0x4 c:/st/stm32cubeide_1.8.0/stm32cubeide/plugins/com.st.stm32cube.ide.mcu.externaltools.gnu-tools-for-stm32.9-2020-q2-update.win32_2.0.0.202105311346/tools/bin/../lib/gcc/arm-none-eabi/9.3.1/thumb/v7e-m+fp/hard\libgcc.a(_dvmd_tls.o)
                0x0000000008000568                __aeabi_idiv0
                0x0000000008000568                __aeabi_ldiv0
 *(.text*)
 .text.main     0x000000000800056c       0xd8 ./Core/Src/main.o
                0x000000000800056c                main
 .text.SystemClock_Config
                0x0000000008000644       0xd4 ./Core/Src/main.o
                0x0000000008000644                SystemClock_Config
 .text.MX_SPI1_Init
                0x0000000008000718       0x70 ./Core/Src/main.o
 .text.MX_GPIO_Init
                0x0000000008000788      0x12c ./Core/Src/main.o
 .text.handle_led_green
                0x00000000080008b4       0x60 ./Core/Src/main.o
 .text.handle_keypad
                0x0000000008000914       0xc8 ./Core/Src/main.o
 .text.HAL_TIM_PeriodElapsedCallback
                0x00000000080009dc       0x24 ./Core/Src/main.o
                0x00000000080009dc                HAL_TIM_PeriodElapsedCallback
 .text.Error_Handler
                0x0000000008000a00        0xa ./Core/Src/main.o
                0x0000000008000a00                Error_Handler
 *fill*         0x0000000008000a0a        0x2 
 .text.HAL_MspInit
                0x0000000008000a0c       0x50 ./Core/Src/stm32f4xx_hal_msp.o
                0x0000000008000a0c                HAL_MspInit
 .text.HAL_SPI_MspInit
                0x0000000008000a5c       0x90 ./Core/Src/stm32f4xx_hal_msp.o
                0x0000000008000a5c                HAL_SPI_MspInit
 .text.HAL_InitTick
                0x0000000008000aec       0xb4 ./Core/Src/stm32f4xx_hal_timebase_tim.o
                0x0000000008000aec                HAL_InitTick
 .text.NMI_Handler
                0x0000000008000ba0        0x6 ./Core/Src/stm32f4xx_it.o
                0x0000000008000ba0                NMI_Handler
 .text.HardFault_Handler
                0x0000000008000ba6        0x6 ./Core/Src/stm32f4xx_it.o
                0x0000000008000ba6                HardFault_Handler
 .text.MemManage_Handler
                0x0000000008000bac        0x6 ./Core/Src/stm32f4xx_it.o
                0x0000000008000bac                MemManage_Handler
 .text.BusFault_Handler
                0x0000000008000bb2        0x6 ./Core/Src/stm32f4xx_it.o
                0x0000000008000bb2                BusFault_Handler
 .text.UsageFault_Handler
                0x0000000008000bb8        0x6 ./Core/Src/stm32f4xx_it.o
                0x0000000008000bb8                UsageFault_Handler
 .text.DebugMon_Handler
                0x0000000008000bbe        0xe ./Core/Src/stm32f4xx_it.o
                0x0000000008000bbe                DebugMon_Handler
 .text.EXTI0_IRQHandler
                0x0000000008000bcc        0xe ./Core/Src/stm32f4xx_it.o
                0x0000000008000bcc                EXTI0_IRQHandler
 *fill*         0x0000000008000bda        0x2 
 .text.TIM5_IRQHandler
                0x0000000008000bdc       0x14 ./Core/Src/stm32f4xx_it.o
                0x0000000008000bdc                TIM5_IRQHandler
 .text.SystemInit
                0x0000000008000bf0       0x24 ./Core/Src/system_stm32f4xx.o
                0x0000000008000bf0                SystemInit
 .text.Reset_Handler
                0x0000000008000c14       0x50 ./Core/Startup/startup_stm32f411vetx.o
                0x0000000008000c14                Reset_Handler
 .text.Default_Handler
                0x0000000008000c64        0x2 ./Core/Startup/startup_stm32f411vetx.o
                0x0000000008000c64                RTC_Alarm_IRQHandler
                0x0000000008000c64                EXTI2_IRQHandler
                0x0000000008000c64                SPI4_IRQHandler
                0x0000000008000c64                TIM1_CC_IRQHandler
                0x0000000008000c64                DMA2_Stream5_IRQHandler
                0x0000000008000c64                DMA1_Stream5_IRQHandler
                0x0000000008000c64                PVD_IRQHandler
                0x0000000008000c64                SDIO_IRQHandler
                0x0000000008000c64                TAMP_STAMP_IRQHandler
                0x0000000008000c64                EXTI3_IRQHandler
                0x0000000008000c64                TIM1_UP_TIM10_IRQHandler
                0x0000000008000c64                I2C3_ER_IRQHandler
                0x0000000008000c64                I2C2_EV_IRQHandler
                0x0000000008000c64                DMA1_Stream2_IRQHandler
                0x0000000008000c64                FPU_IRQHandler
                0x0000000008000c64                DMA2_Stream2_IRQHandler
                0x0000000008000c64                SPI1_IRQHandler
                0x0000000008000c64                TIM1_BRK_TIM9_IRQHandler
                0x0000000008000c64                DMA2_Stream3_IRQHandler
                0x0000000008000c64                USART6_IRQHandler
                0x0000000008000c64                DMA2_Stream0_IRQHandler
                0x0000000008000c64                TIM4_IRQHandler
                0x0000000008000c64                I2C1_EV_IRQHandler
                0x0000000008000c64                DMA1_Stream6_IRQHandler
                0x0000000008000c64                DMA1_Stream1_IRQHandler
                0x0000000008000c64                TIM3_IRQHandler
                0x0000000008000c64                RCC_IRQHandler
                0x0000000008000c64                Default_Handler
                0x0000000008000c64                EXTI15_10_IRQHandler
                0x0000000008000c64                ADC_IRQHandler
                0x0000000008000c64                DMA1_Stream7_IRQHandler
                0x0000000008000c64                SPI5_IRQHandler
                0x0000000008000c64                DMA2_Stream7_IRQHandler
                0x0000000008000c64                I2C3_EV_IRQHandler
                0x0000000008000c64                EXTI9_5_IRQHandler
                0x0000000008000c64                RTC_WKUP_IRQHandler
                0x0000000008000c64                SPI2_IRQHandler
                0x0000000008000c64                DMA1_Stream0_IRQHandler
                0x0000000008000c64                EXTI4_IRQHandler
                0x0000000008000c64                WWDG_IRQHandler
                0x0000000008000c64                TIM2_IRQHandler
                0x0000000008000c64                OTG_FS_WKUP_IRQHandler
                0x0000000008000c64                TIM1_TRG_COM_TIM11_IRQHandler
                0x0000000008000c64                EXTI1_IRQHandler
                0x0000000008000c64                I2C2_ER_IRQHandler
                0x0000000008000c64                DMA2_Stream1_IRQHandler
                0x0000000008000c64                FLASH_IRQHandler
                0x0000000008000c64                DMA2_Stream4_IRQHandler
                0x0000000008000c64                USART1_IRQHandler
                0x0000000008000c64                OTG_FS_IRQHandler
                0x0000000008000c64                SPI3_IRQHandler
                0x0000000008000c64                DMA1_Stream4_IRQHandler
                0x0000000008000c64                I2C1_ER_IRQHandler
                0x0000000008000c64                DMA2_Stream6_IRQHandler
                0x0000000008000c64                DMA1_Stream3_IRQHandler
 *fill*         0x0000000008000c66        0x2 
 .text.HAL_Init
                0x0000000008000c68       0x44 ./Drivers/STM32F4xx_HAL_Driver/Src/stm32f4xx_hal.o
                0x0000000008000c68                HAL_Init
 .text.HAL_IncTick
                0x0000000008000cac       0x28 ./Drivers/STM32F4xx_HAL_Driver/Src/stm32f4xx_hal.o
                0x0000000008000cac                HAL_IncTick
 .text.HAL_GetTick
                0x0000000008000cd4       0x18 ./Drivers/STM32F4xx_HAL_Driver/Src/stm32f4xx_hal.o
                0x0000000008000cd4                HAL_GetTick
 .text.HAL_Delay
                0x0000000008000cec       0x48 ./Drivers/STM32F4xx_HAL_Driver/Src/stm32f4xx_hal.o
                0x0000000008000cec                HAL_Delay
 .text.__NVIC_SetPriorityGrouping
                0x0000000008000d34       0x48 ./Drivers/STM32F4xx_HAL_Driver/Src/stm32f4xx_hal_cortex.o
 .text.__NVIC_GetPriorityGrouping
                0x0000000008000d7c       0x1c ./Drivers/STM32F4xx_HAL_Driver/Src/stm32f4xx_hal_cortex.o
 .text.__NVIC_EnableIRQ
                0x0000000008000d98       0x3c ./Drivers/STM32F4xx_HAL_Driver/Src/stm32f4xx_hal_cortex.o
 .text.__NVIC_SetPriority
                0x0000000008000dd4       0x54 ./Drivers/STM32F4xx_HAL_Driver/Src/stm32f4xx_hal_cortex.o
 .text.NVIC_EncodePriority
                0x0000000008000e28       0x66 ./Drivers/STM32F4xx_HAL_Driver/Src/stm32f4xx_hal_cortex.o
 .text.HAL_NVIC_SetPriorityGrouping
                0x0000000008000e8e       0x16 ./Drivers/STM32F4xx_HAL_Driver/Src/stm32f4xx_hal_cortex.o
                0x0000000008000e8e                HAL_NVIC_SetPriorityGrouping
 .text.HAL_NVIC_SetPriority
                0x0000000008000ea4       0x38 ./Drivers/STM32F4xx_HAL_Driver/Src/stm32f4xx_hal_cortex.o
                0x0000000008000ea4                HAL_NVIC_SetPriority
 .text.HAL_NVIC_EnableIRQ
                0x0000000008000edc       0x1c ./Drivers/STM32F4xx_HAL_Driver/Src/stm32f4xx_hal_cortex.o
                0x0000000008000edc                HAL_NVIC_EnableIRQ
 .text.HAL_GPIO_Init
                0x0000000008000ef8      0x308 ./Drivers/STM32F4xx_HAL_Driver/Src/stm32f4xx_hal_gpio.o
                0x0000000008000ef8                HAL_GPIO_Init
 .text.HAL_GPIO_ReadPin
                0x0000000008001200       0x30 ./Drivers/STM32F4xx_HAL_Driver/Src/stm32f4xx_hal_gpio.o
                0x0000000008001200                HAL_GPIO_ReadPin
 .text.HAL_GPIO_WritePin
                0x0000000008001230       0x32 ./Drivers/STM32F4xx_HAL_Driver/Src/stm32f4xx_hal_gpio.o
                0x0000000008001230                HAL_GPIO_WritePin
 .text.HAL_GPIO_TogglePin
                0x0000000008001262       0x34 ./Drivers/STM32F4xx_HAL_Driver/Src/stm32f4xx_hal_gpio.o
                0x0000000008001262                HAL_GPIO_TogglePin
 *fill*         0x0000000008001296        0x2 
 .text.HAL_GPIO_EXTI_IRQHandler
                0x0000000008001298       0x30 ./Drivers/STM32F4xx_HAL_Driver/Src/stm32f4xx_hal_gpio.o
                0x0000000008001298                HAL_GPIO_EXTI_IRQHandler
 .text.HAL_GPIO_EXTI_Callback
                0x00000000080012c8       0x16 ./Drivers/STM32F4xx_HAL_Driver/Src/stm32f4xx_hal_gpio.o
                0x00000000080012c8                HAL_GPIO_EXTI_Callback
 *fill*         0x00000000080012de        0x2 
 .text.HAL_RCC_OscConfig
                0x00000000080012e0      0x4f0 ./Drivers/STM32F4xx_HAL_Driver/Src/stm32f4xx_hal_rcc.o
                0x00000000080012e0                HAL_RCC_OscConfig
 .text.HAL_RCC_ClockConfig
                0x00000000080017d0      0x1cc ./Drivers/STM32F4xx_HAL_Driver/Src/stm32f4xx_hal_rcc.o
                0x00000000080017d0                HAL_RCC_ClockConfig
 .text.HAL_RCC_GetSysClockFreq
                0x000000000800199c      0x1c4 ./Drivers/STM32F4xx_HAL_Driver/Src/stm32f4xx_hal_rcc.o
                0x000000000800199c                HAL_RCC_GetSysClockFreq
 .text.HAL_RCC_GetHCLKFreq
                0x0000000008001b60       0x18 ./Drivers/STM32F4xx_HAL_Driver/Src/stm32f4xx_hal_rcc.o
                0x0000000008001b60                HAL_RCC_GetHCLKFreq
 .text.HAL_RCC_GetPCLK1Freq
                0x0000000008001b78       0x28 ./Drivers/STM32F4xx_HAL_Driver/Src/stm32f4xx_hal_rcc.o
                0x0000000008001b78                HAL_RCC_GetPCLK1Freq
 .text.HAL_RCC_GetClockConfig
                0x0000000008001ba0       0x64 ./Drivers/STM32F4xx_HAL_Driver/Src/stm32f4xx_hal_rcc.o
                0x0000000008001ba0                HAL_RCC_GetClockConfig
 .text.HAL_SPI_Init
                0x0000000008001c04      0x112 ./Drivers/STM32F4xx_HAL_Driver/Src/stm32f4xx_hal_spi.o
                0x0000000008001c04                HAL_SPI_Init
 .text.HAL_TIM_Base_Init
                0x0000000008001d16       0x9e ./Drivers/STM32F4xx_HAL_Driver/Src/stm32f4xx_hal_tim.o
                0x0000000008001d16                HAL_TIM_Base_Init
 .text.HAL_TIM_Base_MspInit
                0x0000000008001db4       0x14 ./Drivers/STM32F4xx_HAL_Driver/Src/stm32f4xx_hal_tim.o
                0x0000000008001db4                HAL_TIM_Base_MspInit
 .text.HAL_TIM_Base_Start_IT
                0x0000000008001dc8       0xc4 ./Drivers/STM32F4xx_HAL_Driver/Src/stm32f4xx_hal_tim.o
                0x0000000008001dc8                HAL_TIM_Base_Start_IT
 .text.HAL_TIM_IRQHandler
                0x0000000008001e8c      0x210 ./Drivers/STM32F4xx_HAL_Driver/Src/stm32f4xx_hal_tim.o
                0x0000000008001e8c                HAL_TIM_IRQHandler
 .text.HAL_TIM_OC_DelayElapsedCallback
                0x000000000800209c       0x14 ./Drivers/STM32F4xx_HAL_Driver/Src/stm32f4xx_hal_tim.o
                0x000000000800209c                HAL_TIM_OC_DelayElapsedCallback
 .text.HAL_TIM_IC_CaptureCallback
                0x00000000080020b0       0x14 ./Drivers/STM32F4xx_HAL_Driver/Src/stm32f4xx_hal_tim.o
                0x00000000080020b0                HAL_TIM_IC_CaptureCallback
 .text.HAL_TIM_PWM_PulseFinishedCallback
                0x00000000080020c4       0x14 ./Drivers/STM32F4xx_HAL_Driver/Src/stm32f4xx_hal_tim.o
                0x00000000080020c4                HAL_TIM_PWM_PulseFinishedCallback
 .text.HAL_TIM_TriggerCallback
                0x00000000080020d8       0x14 ./Drivers/STM32F4xx_HAL_Driver/Src/stm32f4xx_hal_tim.o
                0x00000000080020d8                HAL_TIM_TriggerCallback
 .text.TIM_Base_SetConfig
                0x00000000080020ec      0x100 ./Drivers/STM32F4xx_HAL_Driver/Src/stm32f4xx_hal_tim.o
                0x00000000080020ec                TIM_Base_SetConfig
 .text.HAL_TIMEx_CommutCallback
                0x00000000080021ec       0x14 ./Drivers/STM32F4xx_HAL_Driver/Src/stm32f4xx_hal_tim_ex.o
                0x00000000080021ec                HAL_TIMEx_CommutCallback
 .text.HAL_TIMEx_BreakCallback
                0x0000000008002200       0x14 ./Drivers/STM32F4xx_HAL_Driver/Src/stm32f4xx_hal_tim_ex.o
                0x0000000008002200                HAL_TIMEx_BreakCallback
 .text.vListInitialise
                0x0000000008002214       0x40 ./thirdparty/FreeRTOS/list.o
                0x0000000008002214                vListInitialise
 .text.vListInitialiseItem
                0x0000000008002254       0x1a ./thirdparty/FreeRTOS/list.o
                0x0000000008002254                vListInitialiseItem
 .text.vListInsertEnd
                0x000000000800226e       0x48 ./thirdparty/FreeRTOS/list.o
                0x000000000800226e                vListInsertEnd
 .text.vListInsert
                0x00000000080022b6       0x72 ./thirdparty/FreeRTOS/list.o
                0x00000000080022b6                vListInsert
 .text.uxListRemove
                0x0000000008002328       0x54 ./thirdparty/FreeRTOS/list.o
                0x0000000008002328                uxListRemove
 .text.xQueueGenericReset
                0x000000000800237c       0xd0 ./thirdparty/FreeRTOS/queue.o
                0x000000000800237c                xQueueGenericReset
 .text.xQueueGenericCreate
                0x000000000800244c       0xbe ./thirdparty/FreeRTOS/queue.o
                0x000000000800244c                xQueueGenericCreate
 .text.prvInitialiseNewQueue
                0x000000000800250a       0x52 ./thirdparty/FreeRTOS/queue.o
 .text.xQueueGenericSend
                0x000000000800255c      0x21c ./thirdparty/FreeRTOS/queue.o
                0x000000000800255c                xQueueGenericSend
 .text.xQueueReceive
                0x0000000008002778      0x1f0 ./thirdparty/FreeRTOS/queue.o
                0x0000000008002778                xQueueReceive
 .text.prvCopyDataToQueue
                0x0000000008002968       0xd4 ./thirdparty/FreeRTOS/queue.o
 .text.prvCopyDataFromQueue
                0x0000000008002a3c       0x4c ./thirdparty/FreeRTOS/queue.o
 .text.prvUnlockQueue
                0x0000000008002a88       0xa4 ./thirdparty/FreeRTOS/queue.o
 .text.prvIsQueueEmpty
                0x0000000008002b2c       0x2c ./thirdparty/FreeRTOS/queue.o
 .text.prvIsQueueFull
                0x0000000008002b58       0x30 ./thirdparty/FreeRTOS/queue.o
 .text.xTaskCreate
                0x0000000008002b88       0x82 ./thirdparty/FreeRTOS/tasks.o
                0x0000000008002b88                xTaskCreate
 .text.prvInitialiseNewTask
                0x0000000008002c0a      0x12c ./thirdparty/FreeRTOS/tasks.o
 *fill*         0x0000000008002d36        0x2 
 .text.prvAddNewTaskToReadyList
                0x0000000008002d38      0x118 ./thirdparty/FreeRTOS/tasks.o
 .text.vTaskDelay
                0x0000000008002e50       0x70 ./thirdparty/FreeRTOS/tasks.o
                0x0000000008002e50                vTaskDelay
 .text.vTaskStartScheduler
                0x0000000008002ec0       0xb8 ./thirdparty/FreeRTOS/tasks.o
                0x0000000008002ec0                vTaskStartScheduler
 .text.vTaskSuspendAll
                0x0000000008002f78       0x1c ./thirdparty/FreeRTOS/tasks.o
                0x0000000008002f78                vTaskSuspendAll
 .text.xTaskResumeAll
                0x0000000008002f94      0x140 ./thirdparty/FreeRTOS/tasks.o
                0x0000000008002f94                xTaskResumeAll
 .text.xTaskGetTickCountFromISR
                0x00000000080030d4       0x24 ./thirdparty/FreeRTOS/tasks.o
                0x00000000080030d4                xTaskGetTickCountFromISR
 .text.xTaskIncrementTick
                0x00000000080030f8      0x178 ./thirdparty/FreeRTOS/tasks.o
                0x00000000080030f8                xTaskIncrementTick
 .text.vTaskSwitchContext
                0x0000000008003270       0xd4 ./thirdparty/FreeRTOS/tasks.o
                0x0000000008003270                vTaskSwitchContext
 .text.vTaskPlaceOnEventList
                0x0000000008003344       0x48 ./thirdparty/FreeRTOS/tasks.o
                0x0000000008003344                vTaskPlaceOnEventList
 .text.xTaskRemoveFromEventList
                0x000000000800338c       0xcc ./thirdparty/FreeRTOS/tasks.o
                0x000000000800338c                xTaskRemoveFromEventList
 .text.vTaskInternalSetTimeOutState
                0x0000000008003458       0x2c ./thirdparty/FreeRTOS/tasks.o
                0x0000000008003458                vTaskInternalSetTimeOutState
 .text.xTaskCheckForTimeOut
                0x0000000008003484       0xcc ./thirdparty/FreeRTOS/tasks.o
                0x0000000008003484                xTaskCheckForTimeOut
 .text.vTaskMissedYield
                0x0000000008003550       0x18 ./thirdparty/FreeRTOS/tasks.o
                0x0000000008003550                vTaskMissedYield
 .text.prvIdleTask
                0x0000000008003568       0x30 ./thirdparty/FreeRTOS/tasks.o
 .text.prvInitialiseTaskLists
                0x0000000008003598       0x80 ./thirdparty/FreeRTOS/tasks.o
 .text.prvCheckTasksWaitingTermination
                0x0000000008003618       0x5c ./thirdparty/FreeRTOS/tasks.o
 .text.prvDeleteTCB
                0x0000000008003674       0x20 ./thirdparty/FreeRTOS/tasks.o
 .text.prvResetNextTaskUnblockTime
                0x0000000008003694       0x38 ./thirdparty/FreeRTOS/tasks.o
 .text.xTaskPriorityDisinherit
                0x00000000080036cc      0x100 ./thirdparty/FreeRTOS/tasks.o
                0x00000000080036cc                xTaskPriorityDisinherit
 .text.prvAddCurrentTaskToDelayedList
                0x00000000080037cc       0xf0 ./thirdparty/FreeRTOS/tasks.o
 .text.pxPortInitialiseStack
                0x00000000080038bc       0x68 ./thirdparty/FreeRTOS/portable/GCC/ARM_CM4F/port.o
                0x00000000080038bc                pxPortInitialiseStack
 .text.prvTaskExitError
                0x0000000008003924       0x58 ./thirdparty/FreeRTOS/portable/GCC/ARM_CM4F/port.o
 *fill*         0x000000000800397c        0x4 
 .text.SVC_Handler
                0x0000000008003980       0x28 ./thirdparty/FreeRTOS/portable/GCC/ARM_CM4F/port.o
                0x0000000008003980                SVC_Handler
 .text.prvPortStartFirstTask
                0x00000000080039a8       0x2c ./thirdparty/FreeRTOS/portable/GCC/ARM_CM4F/port.o
 .text.xPortStartScheduler
                0x00000000080039d4      0x144 ./thirdparty/FreeRTOS/portable/GCC/ARM_CM4F/port.o
                0x00000000080039d4                xPortStartScheduler
 .text.vInitPrioGroupValue
                0x0000000008003b18       0xfc ./thirdparty/FreeRTOS/portable/GCC/ARM_CM4F/port.o
                0x0000000008003b18                vInitPrioGroupValue
 .text.vPortEnterCritical
                0x0000000008003c14       0x60 ./thirdparty/FreeRTOS/portable/GCC/ARM_CM4F/port.o
                0x0000000008003c14                vPortEnterCritical
 .text.vPortExitCritical
                0x0000000008003c74       0x54 ./thirdparty/FreeRTOS/portable/GCC/ARM_CM4F/port.o
                0x0000000008003c74                vPortExitCritical
 *fill*         0x0000000008003cc8        0x8 
 .text.PendSV_Handler
                0x0000000008003cd0       0x68 ./thirdparty/FreeRTOS/portable/GCC/ARM_CM4F/port.o
                0x0000000008003cd0                PendSV_Handler
 .text.SysTick_Handler
                0x0000000008003d38       0x54 ./thirdparty/FreeRTOS/portable/GCC/ARM_CM4F/port.o
                0x0000000008003d38                SysTick_Handler
 .text.vPortSetupTimerInterrupt
                0x0000000008003d8c       0x48 ./thirdparty/FreeRTOS/portable/GCC/ARM_CM4F/port.o
                0x0000000008003d8c                vPortSetupTimerInterrupt
 .text.vPortEnableVFP
                0x0000000008003dd4       0x18 ./thirdparty/FreeRTOS/portable/GCC/ARM_CM4F/port.o
 .text.vPortValidateInterruptPriority
                0x0000000008003dec       0x80 ./thirdparty/FreeRTOS/portable/GCC/ARM_CM4F/port.o
                0x0000000008003dec                vPortValidateInterruptPriority
 .text.pvPortMalloc
                0x0000000008003e6c      0x1c0 ./thirdparty/FreeRTOS/portable/MemMang/heap_4.o
                0x0000000008003e6c                pvPortMalloc
 .text.vPortFree
                0x000000000800402c       0xc4 ./thirdparty/FreeRTOS/portable/MemMang/heap_4.o
                0x000000000800402c                vPortFree
 .text.prvHeapInit
                0x00000000080040f0       0xc4 ./thirdparty/FreeRTOS/portable/MemMang/heap_4.o
 .text.prvInsertBlockIntoFreeList
                0x00000000080041b4       0xb4 ./thirdparty/FreeRTOS/portable/MemMang/heap_4.o
 .text._cbSendSystemDesc
                0x0000000008004268       0x1c ./thirdparty/SEGGER VIEW/CONFIG/SEGGER_SYSVIEW_Config_FreeRTOS.o
 .text.SEGGER_SYSVIEW_Conf
                0x0000000008004284       0x2c ./thirdparty/SEGGER VIEW/CONFIG/SEGGER_SYSVIEW_Config_FreeRTOS.o
                0x0000000008004284                SEGGER_SYSVIEW_Conf
 .text._cbSendTaskList
                0x00000000080042b0       0x90 ./thirdparty/SEGGER VIEW/OS/SEGGER_SYSVIEW_FreeRTOS.o
 .text._cbGetTime
                0x0000000008004340       0x78 ./thirdparty/SEGGER VIEW/OS/SEGGER_SYSVIEW_FreeRTOS.o
 .text.SYSVIEW_AddTask
                0x00000000080043b8       0xd0 ./thirdparty/SEGGER VIEW/OS/SEGGER_SYSVIEW_FreeRTOS.o
                0x00000000080043b8                SYSVIEW_AddTask
 .text.SYSVIEW_SendTaskInfo
                0x0000000008004488       0x42 ./thirdparty/SEGGER VIEW/OS/SEGGER_SYSVIEW_FreeRTOS.o
                0x0000000008004488                SYSVIEW_SendTaskInfo
 *fill*         0x00000000080044ca        0x2 
 .text.__NVIC_EnableIRQ
                0x00000000080044cc       0x3c ./thirdparty/SEGGER VIEW/REC/segger_uart.o
 .text.__NVIC_SetPriority
                0x0000000008004508       0x54 ./thirdparty/SEGGER VIEW/REC/segger_uart.o
 .text._StartSysView
                0x000000000800455c       0x1e ./thirdparty/SEGGER VIEW/REC/segger_uart.o
 *fill*         0x000000000800457a        0x2 
 .text._cbOnUARTRx
                0x000000000800457c       0x40 ./thirdparty/SEGGER VIEW/REC/segger_uart.o
 .text._cbOnUARTTx
                0x00000000080045bc       0x64 ./thirdparty/SEGGER VIEW/REC/segger_uart.o
 .text.SEGGER_UART_init
                0x0000000008004620       0x24 ./thirdparty/SEGGER VIEW/REC/segger_uart.o
                0x0000000008004620                SEGGER_UART_init
 .text.USART2_IRQHandler
                0x0000000008004644       0x94 ./thirdparty/SEGGER VIEW/REC/segger_uart.o
                0x0000000008004644                USART2_IRQHandler
 .text.HIF_UART_EnableTXEInterrupt
                0x00000000080046d8       0x20 ./thirdparty/SEGGER VIEW/REC/segger_uart.o
                0x00000000080046d8                HIF_UART_EnableTXEInterrupt
 .text.HIF_UART_Init
                0x00000000080046f8       0xf4 ./thirdparty/SEGGER VIEW/REC/segger_uart.o
                0x00000000080046f8                HIF_UART_Init
 .text._DoInit  0x00000000080047ec       0xb0 ./thirdparty/SEGGER VIEW/SEGGER/SEGGER_RTT.o
 .text._WriteBlocking
                0x000000000800489c       0xba ./thirdparty/SEGGER VIEW/SEGGER/SEGGER_RTT.o
 .text._WriteNoCheck
                0x0000000008004956       0x90 ./thirdparty/SEGGER VIEW/SEGGER/SEGGER_RTT.o
 .text._GetAvailWriteSpace
                0x00000000080049e6       0x46 ./thirdparty/SEGGER VIEW/SEGGER/SEGGER_RTT.o
 .text.SEGGER_RTT_ReadUpBufferNoLock
                0x0000000008004a2c      0x10c ./thirdparty/SEGGER VIEW/SEGGER/SEGGER_RTT.o
                0x0000000008004a2c                SEGGER_RTT_ReadUpBufferNoLock
 .text.SEGGER_RTT_ReadNoLock
                0x0000000008004b38      0x10c ./thirdparty/SEGGER VIEW/SEGGER/SEGGER_RTT.o
                0x0000000008004b38                SEGGER_RTT_ReadNoLock
 .text.SEGGER_RTT_WriteDownBufferNoLock
                0x0000000008004c44       0xa0 ./thirdparty/SEGGER VIEW/SEGGER/SEGGER_RTT.o
                0x0000000008004c44                SEGGER_RTT_WriteDownBufferNoLock
 .text.SEGGER_RTT_WriteDownBuffer
                0x0000000008004ce4       0x4c ./thirdparty/SEGGER VIEW/SEGGER/SEGGER_RTT.o
                0x0000000008004ce4                SEGGER_RTT_WriteDownBuffer
 .text.SEGGER_RTT_AllocUpBuffer
                0x0000000008004d30      0x108 ./thirdparty/SEGGER VIEW/SEGGER/SEGGER_RTT.o
                0x0000000008004d30                SEGGER_RTT_AllocUpBuffer
 .text.SEGGER_RTT_ConfigDownBuffer
                0x0000000008004e38       0xe0 ./thirdparty/SEGGER VIEW/SEGGER/SEGGER_RTT.o
                0x0000000008004e38                SEGGER_RTT_ConfigDownBuffer
 .text._EncodeStr
                0x0000000008004f18       0x9a ./thirdparty/SEGGER VIEW/SEGGER/SEGGER_SYSVIEW.o
 .text._PreparePacket
                0x0000000008004fb2       0x18 ./thirdparty/SEGGER VIEW/SEGGER/SEGGER_SYSVIEW.o
 *fill*         0x0000000008004fca        0x2 
 .text._HandleIncomingPacket
                0x0000000008004fcc       0xe4 ./thirdparty/SEGGER VIEW/SEGGER/SEGGER_SYSVIEW.o
 .text._TrySendOverflowPacket
                0x00000000080050b0       0xe8 ./thirdparty/SEGGER VIEW/SEGGER/SEGGER_SYSVIEW.o
 .text._SendPacket
                0x0000000008005198      0x1d0 ./thirdparty/SEGGER VIEW/SEGGER/SEGGER_SYSVIEW.o
 .text._StoreChar
                0x0000000008005368       0xf6 ./thirdparty/SEGGER VIEW/SEGGER/SEGGER_SYSVIEW.o
 *fill*         0x000000000800545e        0x2 
 .text._PrintUnsigned
                0x0000000008005460      0x12c ./thirdparty/SEGGER VIEW/SEGGER/SEGGER_SYSVIEW.o
 .text._PrintInt
                0x000000000800558c      0x11e ./thirdparty/SEGGER VIEW/SEGGER/SEGGER_SYSVIEW.o
 *fill*         0x00000000080056aa        0x2 
 .text._VPrintTarget
                0x00000000080056ac      0x3f0 ./thirdparty/SEGGER VIEW/SEGGER/SEGGER_SYSVIEW.o
 .text.SEGGER_SYSVIEW_Init
                0x0000000008005a9c       0x88 ./thirdparty/SEGGER VIEW/SEGGER/SEGGER_SYSVIEW.o
                0x0000000008005a9c                SEGGER_SYSVIEW_Init
 .text.SEGGER_SYSVIEW_SetRAMBase
                0x0000000008005b24       0x20 ./thirdparty/SEGGER VIEW/SEGGER/SEGGER_SYSVIEW.o
                0x0000000008005b24                SEGGER_SYSVIEW_SetRAMBase
 .text.SEGGER_SYSVIEW_RecordVoid
                0x0000000008005b44       0x3c ./thirdparty/SEGGER VIEW/SEGGER/SEGGER_SYSVIEW.o
                0x0000000008005b44                SEGGER_SYSVIEW_RecordVoid
 .text.SEGGER_SYSVIEW_RecordU32
                0x0000000008005b80       0x78 ./thirdparty/SEGGER VIEW/SEGGER/SEGGER_SYSVIEW.o
                0x0000000008005b80                SEGGER_SYSVIEW_RecordU32
 .text.SEGGER_SYSVIEW_RecordU32x2
                0x0000000008005bf8       0xb4 ./thirdparty/SEGGER VIEW/SEGGER/SEGGER_SYSVIEW.o
                0x0000000008005bf8                SEGGER_SYSVIEW_RecordU32x2
 .text.SEGGER_SYSVIEW_RecordU32x3
                0x0000000008005cac       0xec ./thirdparty/SEGGER VIEW/SEGGER/SEGGER_SYSVIEW.o
                0x0000000008005cac                SEGGER_SYSVIEW_RecordU32x3
 .text.SEGGER_SYSVIEW_RecordU32x4
                0x0000000008005d98      0x124 ./thirdparty/SEGGER VIEW/SEGGER/SEGGER_SYSVIEW.o
                0x0000000008005d98                SEGGER_SYSVIEW_RecordU32x4
 .text.SEGGER_SYSVIEW_Start
                0x0000000008005ebc      0x178 ./thirdparty/SEGGER VIEW/SEGGER/SEGGER_SYSVIEW.o
                0x0000000008005ebc                SEGGER_SYSVIEW_Start
 .text.SEGGER_SYSVIEW_Stop
                0x0000000008006034       0x4c ./thirdparty/SEGGER VIEW/SEGGER/SEGGER_SYSVIEW.o
                0x0000000008006034                SEGGER_SYSVIEW_Stop
 .text.SEGGER_SYSVIEW_GetSysDesc
                0x0000000008006080      0x134 ./thirdparty/SEGGER VIEW/SEGGER/SEGGER_SYSVIEW.o
                0x0000000008006080                SEGGER_SYSVIEW_GetSysDesc
 .text.SEGGER_SYSVIEW_SendTaskInfo
                0x00000000080061b4      0x1c8 ./thirdparty/SEGGER VIEW/SEGGER/SEGGER_SYSVIEW.o
                0x00000000080061b4                SEGGER_SYSVIEW_SendTaskInfo
 .text.SEGGER_SYSVIEW_SendTaskList
                0x000000000800637c       0x28 ./thirdparty/SEGGER VIEW/SEGGER/SEGGER_SYSVIEW.o
                0x000000000800637c                SEGGER_SYSVIEW_SendTaskList
 .text.SEGGER_SYSVIEW_SendSysDesc
                0x00000000080063a4       0x48 ./thirdparty/SEGGER VIEW/SEGGER/SEGGER_SYSVIEW.o
                0x00000000080063a4                SEGGER_SYSVIEW_SendSysDesc
 .text.SEGGER_SYSVIEW_RecordSystime
                0x00000000080063ec       0x64 ./thirdparty/SEGGER VIEW/SEGGER/SEGGER_SYSVIEW.o
                0x00000000080063ec                SEGGER_SYSVIEW_RecordSystime
 .text.SEGGER_SYSVIEW_RecordEnterISR
                0x0000000008006450       0x84 ./thirdparty/SEGGER VIEW/SEGGER/SEGGER_SYSVIEW.o
                0x0000000008006450                SEGGER_SYSVIEW_RecordEnterISR
 .text.SEGGER_SYSVIEW_RecordExitISR
                0x00000000080064d4       0x38 ./thirdparty/SEGGER VIEW/SEGGER/SEGGER_SYSVIEW.o
                0x00000000080064d4                SEGGER_SYSVIEW_RecordExitISR
 .text.SEGGER_SYSVIEW_RecordExitISRToScheduler
                0x000000000800650c       0x38 ./thirdparty/SEGGER VIEW/SEGGER/SEGGER_SYSVIEW.o
                0x000000000800650c                SEGGER_SYSVIEW_RecordExitISRToScheduler
 .text.SEGGER_SYSVIEW_OnIdle
                0x0000000008006544       0x38 ./thirdparty/SEGGER VIEW/SEGGER/SEGGER_SYSVIEW.o
                0x0000000008006544                SEGGER_SYSVIEW_OnIdle
 .text.SEGGER_SYSVIEW_OnTaskCreate
                0x000000000800657c       0x84 ./thirdparty/SEGGER VIEW/SEGGER/SEGGER_SYSVIEW.o
                0x000000000800657c                SEGGER_SYSVIEW_OnTaskCreate
 .text.SEGGER_SYSVIEW_OnTaskStartExec
                0x0000000008006600       0x84 ./thirdparty/SEGGER VIEW/SEGGER/SEGGER_SYSVIEW.o
                0x0000000008006600                SEGGER_SYSVIEW_OnTaskStartExec
 .text.SEGGER_SYSVIEW_OnTaskStartReady
                0x0000000008006684       0x84 ./thirdparty/SEGGER VIEW/SEGGER/SEGGER_SYSVIEW.o
                0x0000000008006684                SEGGER_SYSVIEW_OnTaskStartReady
 .text.SEGGER_SYSVIEW_OnTaskStopReady
                0x0000000008006708       0xc0 ./thirdparty/SEGGER VIEW/SEGGER/SEGGER_SYSVIEW.o
                0x0000000008006708                SEGGER_SYSVIEW_OnTaskStopReady
 .text.SEGGER_SYSVIEW_ShrinkId
                0x00000000080067c8       0x20 ./thirdparty/SEGGER VIEW/SEGGER/SEGGER_SYSVIEW.o
                0x00000000080067c8                SEGGER_SYSVIEW_ShrinkId
 .text.SEGGER_SYSVIEW_SendModule
                0x00000000080067e8      0x100 ./thirdparty/SEGGER VIEW/SEGGER/SEGGER_SYSVIEW.o
                0x00000000080067e8                SEGGER_SYSVIEW_SendModule
 .text.SEGGER_SYSVIEW_SendModuleDescription
                0x00000000080068e8       0x3c ./thirdparty/SEGGER VIEW/SEGGER/SEGGER_SYSVIEW.o
                0x00000000080068e8                SEGGER_SYSVIEW_SendModuleDescription
 .text.SEGGER_SYSVIEW_SendNumModules
                0x0000000008006924       0x7c ./thirdparty/SEGGER VIEW/SEGGER/SEGGER_SYSVIEW.o
                0x0000000008006924                SEGGER_SYSVIEW_SendNumModules
 .text.SEGGER_SYSVIEW_PrintfTarget
                0x00000000080069a0       0x28 ./thirdparty/SEGGER VIEW/SEGGER/SEGGER_SYSVIEW.o
                0x00000000080069a0                SEGGER_SYSVIEW_PrintfTarget
 .text.SEGGER_SYSVIEW_Warn
                0x00000000080069c8       0xb8 ./thirdparty/SEGGER VIEW/SEGGER/SEGGER_SYSVIEW.o
                0x00000000080069c8                SEGGER_SYSVIEW_Warn
 .text.SEGGER_SYSVIEW_IsStarted
                0x0000000008006a80       0x5c ./thirdparty/SEGGER VIEW/SEGGER/SEGGER_SYSVIEW.o
                0x0000000008006a80                SEGGER_SYSVIEW_IsStarted
 .text.keypad_read
                0x0000000008006adc       0xa4 ./user_drivers/Src/keypad_4x4.o
                0x0000000008006adc                keypad_read
 .text.keypad_enter
                0x0000000008006b80       0xc0 ./user_drivers/Src/keypad_4x4.o
                0x0000000008006b80                keypad_enter
 .text.check_key
                0x0000000008006c40       0x78 ./user_drivers/Src/keypad_4x4.o
 .text.__libc_init_array
                0x0000000008006cb8       0x48 c:/st/stm32cubeide_1.8.0/stm32cubeide/plugins/com.st.stm32cube.ide.mcu.externaltools.gnu-tools-for-stm32.9-2020-q2-update.win32_2.0.0.202105311346/tools/bin/../lib/gcc/arm-none-eabi/9.3.1/../../../../arm-none-eabi/lib/thumb/v7e-m+fp/hard\libc_nano.a(lib_a-init.o)
                0x0000000008006cb8                __libc_init_array
 .text.memcmp   0x0000000008006d00       0x1c c:/st/stm32cubeide_1.8.0/stm32cubeide/plugins/com.st.stm32cube.ide.mcu.externaltools.gnu-tools-for-stm32.9-2020-q2-update.win32_2.0.0.202105311346/tools/bin/../lib/gcc/arm-none-eabi/9.3.1/../../../../arm-none-eabi/lib/thumb/v7e-m+fp/hard\libc_nano.a(lib_a-memcmp.o)
                0x0000000008006d00                memcmp
 .text.memcpy   0x0000000008006d1c       0x1c c:/st/stm32cubeide_1.8.0/stm32cubeide/plugins/com.st.stm32cube.ide.mcu.externaltools.gnu-tools-for-stm32.9-2020-q2-update.win32_2.0.0.202105311346/tools/bin/../lib/gcc/arm-none-eabi/9.3.1/../../../../arm-none-eabi/lib/thumb/v7e-m+fp/hard\libc_nano.a(lib_a-memcpy-stub.o)
                0x0000000008006d1c                memcpy
 .text.memset   0x0000000008006d38       0x10 c:/st/stm32cubeide_1.8.0/stm32cubeide/plugins/com.st.stm32cube.ide.mcu.externaltools.gnu-tools-for-stm32.9-2020-q2-update.win32_2.0.0.202105311346/tools/bin/../lib/gcc/arm-none-eabi/9.3.1/../../../../arm-none-eabi/lib/thumb/v7e-m+fp/hard\libc_nano.a(lib_a-memset.o)
                0x0000000008006d38                memset
 *(.glue_7)
 .glue_7        0x0000000008006d48        0x0 linker stubs
 *(.glue_7t)
 .glue_7t       0x0000000008006d48        0x0 linker stubs
 *(.eh_frame)
 .eh_frame      0x0000000008006d48        0x0 c:/st/stm32cubeide_1.8.0/stm32cubeide/plugins/com.st.stm32cube.ide.mcu.externaltools.gnu-tools-for-stm32.9-2020-q2-update.win32_2.0.0.202105311346/tools/bin/../lib/gcc/arm-none-eabi/9.3.1/thumb/v7e-m+fp/hard/crtbegin.o
 *(.init)
 .init          0x0000000008006d48        0x4 c:/st/stm32cubeide_1.8.0/stm32cubeide/plugins/com.st.stm32cube.ide.mcu.externaltools.gnu-tools-for-stm32.9-2020-q2-update.win32_2.0.0.202105311346/tools/bin/../lib/gcc/arm-none-eabi/9.3.1/thumb/v7e-m+fp/hard/crti.o
                0x0000000008006d48                _init
 .init          0x0000000008006d4c        0x8 c:/st/stm32cubeide_1.8.0/stm32cubeide/plugins/com.st.stm32cube.ide.mcu.externaltools.gnu-tools-for-stm32.9-2020-q2-update.win32_2.0.0.202105311346/tools/bin/../lib/gcc/arm-none-eabi/9.3.1/thumb/v7e-m+fp/hard/crtn.o
 *(.fini)
 .fini          0x0000000008006d54        0x4 c:/st/stm32cubeide_1.8.0/stm32cubeide/plugins/com.st.stm32cube.ide.mcu.externaltools.gnu-tools-for-stm32.9-2020-q2-update.win32_2.0.0.202105311346/tools/bin/../lib/gcc/arm-none-eabi/9.3.1/thumb/v7e-m+fp/hard/crti.o
                0x0000000008006d54                _fini
 .fini          0x0000000008006d58        0x8 c:/st/stm32cubeide_1.8.0/stm32cubeide/plugins/com.st.stm32cube.ide.mcu.externaltools.gnu-tools-for-stm32.9-2020-q2-update.win32_2.0.0.202105311346/tools/bin/../lib/gcc/arm-none-eabi/9.3.1/thumb/v7e-m+fp/hard/crtn.o
                0x0000000008006d60                . = ALIGN (0x4)
                0x0000000008006d60                _etext = .

.vfp11_veneer   0x0000000008006d60        0x0
 .vfp11_veneer  0x0000000008006d60        0x0 linker stubs

.v4_bx          0x0000000008006d60        0x0
 .v4_bx         0x0000000008006d60        0x0 linker stubs

.iplt           0x0000000008006d60        0x0
 .iplt          0x0000000008006d60        0x0 c:/st/stm32cubeide_1.8.0/stm32cubeide/plugins/com.st.stm32cube.ide.mcu.externaltools.gnu-tools-for-stm32.9-2020-q2-update.win32_2.0.0.202105311346/tools/bin/../lib/gcc/arm-none-eabi/9.3.1/thumb/v7e-m+fp/hard/crtbegin.o

.rodata         0x0000000008006d60      0x1c8
                0x0000000008006d60                . = ALIGN (0x4)
 *(.rodata)
 .rodata        0x0000000008006d60       0xc1 ./Core/Src/main.o
 *fill*         0x0000000008006e21        0x3 
 .rodata        0x0000000008006e24        0x5 ./thirdparty/FreeRTOS/tasks.o
 *fill*         0x0000000008006e29        0x3 
 .rodata        0x0000000008006e2c       0x41 ./thirdparty/SEGGER VIEW/CONFIG/SEGGER_SYSVIEW_Config_FreeRTOS.o
 *fill*         0x0000000008006e6d        0x3 
 .rodata        0x0000000008006e70       0x58 ./thirdparty/SEGGER VIEW/OS/SEGGER_SYSVIEW_FreeRTOS.o
 .rodata        0x0000000008006ec8       0x17 ./thirdparty/SEGGER VIEW/SEGGER/SEGGER_RTT.o
 *fill*         0x0000000008006edf        0x1 
 .rodata        0x0000000008006ee0        0x8 ./thirdparty/SEGGER VIEW/SEGGER/SEGGER_SYSVIEW.o
 *(.rodata*)
 .rodata.AHBPrescTable
                0x0000000008006ee8       0x10 ./Core/Src/system_stm32f4xx.o
                0x0000000008006ee8                AHBPrescTable
 .rodata.APBPrescTable
                0x0000000008006ef8        0x8 ./Core/Src/system_stm32f4xx.o
                0x0000000008006ef8                APBPrescTable
 .rodata.SYSVIEW_X_OS_TraceAPI
                0x0000000008006f00        0x8 ./thirdparty/SEGGER VIEW/OS/SEGGER_SYSVIEW_FreeRTOS.o
                0x0000000008006f00                SYSVIEW_X_OS_TraceAPI
 .rodata._abHelloMsg
                0x0000000008006f08        0x4 ./thirdparty/SEGGER VIEW/REC/segger_uart.o
 .rodata._abSync
                0x0000000008006f0c        0xa ./thirdparty/SEGGER VIEW/SEGGER/SEGGER_SYSVIEW.o
 *fill*         0x0000000008006f16        0x2 
 .rodata._aV2C.7074
                0x0000000008006f18       0x10 ./thirdparty/SEGGER VIEW/SEGGER/SEGGER_SYSVIEW.o
                0x0000000008006f28                . = ALIGN (0x4)

.ARM.extab      0x0000000008006f28        0x0
                0x0000000008006f28                . = ALIGN (0x4)
 *(.ARM.extab* .gnu.linkonce.armextab.*)
                0x0000000008006f28                . = ALIGN (0x4)

.ARM            0x0000000008006f28        0x8
                0x0000000008006f28                . = ALIGN (0x4)
                0x0000000008006f28                __exidx_start = .
 *(.ARM.exidx*)
 .ARM.exidx     0x0000000008006f28        0x8 c:/st/stm32cubeide_1.8.0/stm32cubeide/plugins/com.st.stm32cube.ide.mcu.externaltools.gnu-tools-for-stm32.9-2020-q2-update.win32_2.0.0.202105311346/tools/bin/../lib/gcc/arm-none-eabi/9.3.1/thumb/v7e-m+fp/hard\libgcc.a(_udivmoddi4.o)
                0x0000000008006f30                __exidx_end = .
                0x0000000008006f30                . = ALIGN (0x4)

.rel.dyn        0x0000000008006f30        0x0
 .rel.iplt      0x0000000008006f30        0x0 c:/st/stm32cubeide_1.8.0/stm32cubeide/plugins/com.st.stm32cube.ide.mcu.externaltools.gnu-tools-for-stm32.9-2020-q2-update.win32_2.0.0.202105311346/tools/bin/../lib/gcc/arm-none-eabi/9.3.1/thumb/v7e-m+fp/hard/crtbegin.o

.preinit_array  0x0000000008006f30        0x0
                0x0000000008006f30                . = ALIGN (0x4)
                0x0000000008006f30                PROVIDE (__preinit_array_start = .)
 *(.preinit_array*)
                0x0000000008006f30                PROVIDE (__preinit_array_end = .)
                0x0000000008006f30                . = ALIGN (0x4)

.init_array     0x0000000008006f30        0x4
                0x0000000008006f30                . = ALIGN (0x4)
                0x0000000008006f30                PROVIDE (__init_array_start = .)
 *(SORT_BY_NAME(.init_array.*))
 *(.init_array*)
 .init_array    0x0000000008006f30        0x4 c:/st/stm32cubeide_1.8.0/stm32cubeide/plugins/com.st.stm32cube.ide.mcu.externaltools.gnu-tools-for-stm32.9-2020-q2-update.win32_2.0.0.202105311346/tools/bin/../lib/gcc/arm-none-eabi/9.3.1/thumb/v7e-m+fp/hard/crtbegin.o
                0x0000000008006f34                PROVIDE (__init_array_end = .)
                0x0000000008006f34                . = ALIGN (0x4)

.fini_array     0x0000000008006f34        0x4
                0x0000000008006f34                . = ALIGN (0x4)
                [!provide]                        PROVIDE (__fini_array_start = .)
 *(SORT_BY_NAME(.fini_array.*))
 *(.fini_array*)
 .fini_array    0x0000000008006f34        0x4 c:/st/stm32cubeide_1.8.0/stm32cubeide/plugins/com.st.stm32cube.ide.mcu.externaltools.gnu-tools-for-stm32.9-2020-q2-update.win32_2.0.0.202105311346/tools/bin/../lib/gcc/arm-none-eabi/9.3.1/thumb/v7e-m+fp/hard/crtbegin.o
                [!provide]                        PROVIDE (__fini_array_end = .)
                0x0000000008006f38                . = ALIGN (0x4)
                0x0000000008006f38                _sidata = LOADADDR (.data)

.data           0x0000000020000000       0x3c load address 0x0000000008006f38
                0x0000000020000000                . = ALIGN (0x4)
                0x0000000020000000                _sdata = .
 *(.data)
 *(.data*)
 .data.SystemCoreClock
                0x0000000020000000        0x4 ./Core/Src/system_stm32f4xx.o
                0x0000000020000000                SystemCoreClock
 .data.uwTickPrio
                0x0000000020000004        0x4 ./Drivers/STM32F4xx_HAL_Driver/Src/stm32f4xx_hal.o
                0x0000000020000004                uwTickPrio
 .data.uwTickFreq
                0x0000000020000008        0x1 ./Drivers/STM32F4xx_HAL_Driver/Src/stm32f4xx_hal.o
                0x0000000020000008                uwTickFreq
 *fill*         0x0000000020000009        0x3 
 .data.uxTopUsedPriority
                0x000000002000000c        0x4 ./thirdparty/FreeRTOS/tasks.o
                0x000000002000000c                uxTopUsedPriority
 .data.uxCriticalNesting
                0x0000000020000010        0x4 ./thirdparty/FreeRTOS/portable/GCC/ARM_CM4F/port.o
 .data._SVInfo  0x0000000020000014        0x8 ./thirdparty/SEGGER VIEW/REC/segger_uart.o
 .data.keypad_map
                0x000000002000001c       0x10 ./user_drivers/Src/keypad_4x4.o
                0x000000002000001c                keypad_map
 .data.row_pin  0x000000002000002c        0x8 ./user_drivers/Src/keypad_4x4.o
                0x000000002000002c                row_pin
 .data.col_pin  0x0000000020000034        0x8 ./user_drivers/Src/keypad_4x4.o
                0x0000000020000034                col_pin
 *(.RamFunc)
 *(.RamFunc*)
                0x000000002000003c                . = ALIGN (0x4)
                0x000000002000003c                _edata = .

.igot.plt       0x000000002000003c        0x0 load address 0x0000000008006f74
 .igot.plt      0x000000002000003c        0x0 c:/st/stm32cubeide_1.8.0/stm32cubeide/plugins/com.st.stm32cube.ide.mcu.externaltools.gnu-tools-for-stm32.9-2020-q2-update.win32_2.0.0.202105311346/tools/bin/../lib/gcc/arm-none-eabi/9.3.1/thumb/v7e-m+fp/hard/crtbegin.o
                0x000000002000003c                . = ALIGN (0x4)

.bss            0x000000002000003c    0x138dc load address 0x0000000008006f74
                0x000000002000003c                _sbss = .
                0x000000002000003c                __bss_start__ = _sbss
 *(.bss)
 .bss           0x000000002000003c       0x1c c:/st/stm32cubeide_1.8.0/stm32cubeide/plugins/com.st.stm32cube.ide.mcu.externaltools.gnu-tools-for-stm32.9-2020-q2-update.win32_2.0.0.202105311346/tools/bin/../lib/gcc/arm-none-eabi/9.3.1/thumb/v7e-m+fp/hard/crtbegin.o
 *(.bss*)
 .bss.pxCurrentTCB
                0x0000000020000058        0x4 ./thirdparty/FreeRTOS/tasks.o
                0x0000000020000058                pxCurrentTCB
 .bss.pxReadyTasksLists
                0x000000002000005c       0xc8 ./thirdparty/FreeRTOS/tasks.o
 .bss.xDelayedTaskList1
                0x0000000020000124       0x14 ./thirdparty/FreeRTOS/tasks.o
 .bss.xDelayedTaskList2
                0x0000000020000138       0x14 ./thirdparty/FreeRTOS/tasks.o
 .bss.pxDelayedTaskList
                0x000000002000014c        0x4 ./thirdparty/FreeRTOS/tasks.o
 .bss.pxOverflowDelayedTaskList
                0x0000000020000150        0x4 ./thirdparty/FreeRTOS/tasks.o
 .bss.xPendingReadyList
                0x0000000020000154       0x14 ./thirdparty/FreeRTOS/tasks.o
 .bss.xTasksWaitingTermination
                0x0000000020000168       0x14 ./thirdparty/FreeRTOS/tasks.o
 .bss.uxDeletedTasksWaitingCleanUp
                0x000000002000017c        0x4 ./thirdparty/FreeRTOS/tasks.o
 .bss.xSuspendedTaskList
                0x0000000020000180       0x14 ./thirdparty/FreeRTOS/tasks.o
 .bss.uxCurrentNumberOfTasks
                0x0000000020000194        0x4 ./thirdparty/FreeRTOS/tasks.o
 .bss.xTickCount
                0x0000000020000198        0x4 ./thirdparty/FreeRTOS/tasks.o
 .bss.uxTopReadyPriority
                0x000000002000019c        0x4 ./thirdparty/FreeRTOS/tasks.o
 .bss.xSchedulerRunning
                0x00000000200001a0        0x4 ./thirdparty/FreeRTOS/tasks.o
 .bss.xPendedTicks
                0x00000000200001a4        0x4 ./thirdparty/FreeRTOS/tasks.o
 .bss.xYieldPending
                0x00000000200001a8        0x4 ./thirdparty/FreeRTOS/tasks.o
 .bss.xNumOfOverflows
                0x00000000200001ac        0x4 ./thirdparty/FreeRTOS/tasks.o
 .bss.uxTaskNumber
                0x00000000200001b0        0x4 ./thirdparty/FreeRTOS/tasks.o
 .bss.xNextTaskUnblockTime
                0x00000000200001b4        0x4 ./thirdparty/FreeRTOS/tasks.o
 .bss.xIdleTaskHandle
                0x00000000200001b8        0x4 ./thirdparty/FreeRTOS/tasks.o
 .bss.uxSchedulerSuspended
                0x00000000200001bc        0x4 ./thirdparty/FreeRTOS/tasks.o
 .bss.ucMaxSysCallPriority
                0x00000000200001c0        0x1 ./thirdparty/FreeRTOS/portable/GCC/ARM_CM4F/port.o
 *fill*         0x00000000200001c1        0x3 
 .bss.ulMaxPRIGROUPValue
                0x00000000200001c4        0x4 ./thirdparty/FreeRTOS/portable/GCC/ARM_CM4F/port.o
 .bss.ucHeap    0x00000000200001c8    0x12c00 ./thirdparty/FreeRTOS/portable/MemMang/heap_4.o
 .bss.xStart    0x0000000020012dc8        0x8 ./thirdparty/FreeRTOS/portable/MemMang/heap_4.o
 .bss.pxEnd     0x0000000020012dd0        0x4 ./thirdparty/FreeRTOS/portable/MemMang/heap_4.o
 .bss.xFreeBytesRemaining
                0x0000000020012dd4        0x4 ./thirdparty/FreeRTOS/portable/MemMang/heap_4.o
 .bss.xMinimumEverFreeBytesRemaining
                0x0000000020012dd8        0x4 ./thirdparty/FreeRTOS/portable/MemMang/heap_4.o
 .bss.xNumberOfSuccessfulAllocations
                0x0000000020012ddc        0x4 ./thirdparty/FreeRTOS/portable/MemMang/heap_4.o
 .bss.xNumberOfSuccessfulFrees
                0x0000000020012de0        0x4 ./thirdparty/FreeRTOS/portable/MemMang/heap_4.o
 .bss.xBlockAllocatedBit
                0x0000000020012de4        0x4 ./thirdparty/FreeRTOS/portable/MemMang/heap_4.o
 .bss._aTasks   0x0000000020012de8       0xa0 ./thirdparty/SEGGER VIEW/OS/SEGGER_SYSVIEW_FreeRTOS.o
 .bss._NumTasks
                0x0000000020012e88        0x4 ./thirdparty/SEGGER VIEW/OS/SEGGER_SYSVIEW_FreeRTOS.o
 .bss._cbOnRx   0x0000000020012e8c        0x4 ./thirdparty/SEGGER VIEW/REC/segger_uart.o
 .bss._cbOnTx   0x0000000020012e90        0x4 ./thirdparty/SEGGER VIEW/REC/segger_uart.o
 .bss._acUpBuffer
                0x0000000020012e94      0x400 ./thirdparty/SEGGER VIEW/SEGGER/SEGGER_RTT.o
 .bss._acDownBuffer
                0x0000000020013294       0x10 ./thirdparty/SEGGER VIEW/SEGGER/SEGGER_RTT.o
 .bss._UpBuffer
                0x00000000200132a4      0x400 ./thirdparty/SEGGER VIEW/SEGGER/SEGGER_SYSVIEW.o
 .bss._DownBuffer
                0x00000000200136a4        0x8 ./thirdparty/SEGGER VIEW/SEGGER/SEGGER_SYSVIEW.o
 .bss._SYSVIEW_Globals
                0x00000000200136ac       0x28 ./thirdparty/SEGGER VIEW/SEGGER/SEGGER_SYSVIEW.o
 .bss._pFirstModule
                0x00000000200136d4        0x4 ./thirdparty/SEGGER VIEW/SEGGER/SEGGER_SYSVIEW.o
 .bss._NumModules
                0x00000000200136d8        0x1 ./thirdparty/SEGGER VIEW/SEGGER/SEGGER_SYSVIEW.o
 *fill*         0x00000000200136d9        0x3 
 .bss._aPacket  0x00000000200136dc       0xe3 ./thirdparty/SEGGER VIEW/SEGGER/SEGGER_SYSVIEW.o
 *(COMMON)
 *fill*         0x00000000200137bf        0x1 
 COMMON         0x00000000200137c0       0x64 ./Core/Src/main.o
                0x00000000200137c0                led_green
                0x00000000200137c4                qdata_key
                0x00000000200137c8                keypad
                0x00000000200137cc                hspi1
 COMMON         0x0000000020013824       0x48 ./Core/Src/stm32f4xx_hal_timebase_tim.o
                0x0000000020013824                htim5
 COMMON         0x000000002001386c        0x4 ./Drivers/STM32F4xx_HAL_Driver/Src/stm32f4xx_hal.o
                0x000000002001386c                uwTick
 COMMON         0x0000000020013870       0xa8 ./thirdparty/SEGGER VIEW/SEGGER/SEGGER_RTT.o
                0x0000000020013870                _SEGGER_RTT
                0x0000000020013918                . = ALIGN (0x4)
                0x0000000020013918                _ebss = .
                0x0000000020013918                __bss_end__ = _ebss

._user_heap_stack
                0x0000000020013918      0x600 load address 0x0000000008006f74
                0x0000000020013918                . = ALIGN (0x8)
                [!provide]                        PROVIDE (end = .)
                0x0000000020013918                PROVIDE (_end = .)
                0x0000000020013b18                . = (. + _Min_Heap_Size)
 *fill*         0x0000000020013918      0x200 
                0x0000000020013f18                . = (. + _Min_Stack_Size)
 *fill*         0x0000000020013b18      0x400 
                0x0000000020013f18                . = ALIGN (0x8)

/DISCARD/
 libc.a(*)
 libm.a(*)
 libgcc.a(*)

.ARM.attributes
                0x0000000000000000       0x30
 *(.ARM.attributes)
 .ARM.attributes
                0x0000000000000000       0x1e c:/st/stm32cubeide_1.8.0/stm32cubeide/plugins/com.st.stm32cube.ide.mcu.externaltools.gnu-tools-for-stm32.9-2020-q2-update.win32_2.0.0.202105311346/tools/bin/../lib/gcc/arm-none-eabi/9.3.1/thumb/v7e-m+fp/hard/crti.o
 .ARM.attributes
                0x000000000000001e       0x34 c:/st/stm32cubeide_1.8.0/stm32cubeide/plugins/com.st.stm32cube.ide.mcu.externaltools.gnu-tools-for-stm32.9-2020-q2-update.win32_2.0.0.202105311346/tools/bin/../lib/gcc/arm-none-eabi/9.3.1/thumb/v7e-m+fp/hard/crtbegin.o
 .ARM.attributes
                0x0000000000000052       0x34 ./Core/Src/main.o
 .ARM.attributes
                0x0000000000000086       0x34 ./Core/Src/stm32f4xx_hal_msp.o
 .ARM.attributes
                0x00000000000000ba       0x34 ./Core/Src/stm32f4xx_hal_timebase_tim.o
 .ARM.attributes
                0x00000000000000ee       0x34 ./Core/Src/stm32f4xx_it.o
 .ARM.attributes
                0x0000000000000122       0x34 ./Core/Src/system_stm32f4xx.o
 .ARM.attributes
                0x0000000000000156       0x21 ./Core/Startup/startup_stm32f411vetx.o
 .ARM.attributes
                0x0000000000000177       0x34 ./Drivers/STM32F4xx_HAL_Driver/Src/stm32f4xx_hal.o
 .ARM.attributes
                0x00000000000001ab       0x34 ./Drivers/STM32F4xx_HAL_Driver/Src/stm32f4xx_hal_cortex.o
 .ARM.attributes
                0x00000000000001df       0x34 ./Drivers/STM32F4xx_HAL_Driver/Src/stm32f4xx_hal_gpio.o
 .ARM.attributes
                0x0000000000000213       0x34 ./Drivers/STM32F4xx_HAL_Driver/Src/stm32f4xx_hal_rcc.o
 .ARM.attributes
                0x0000000000000247       0x34 ./Drivers/STM32F4xx_HAL_Driver/Src/stm32f4xx_hal_spi.o
 .ARM.attributes
                0x000000000000027b       0x34 ./Drivers/STM32F4xx_HAL_Driver/Src/stm32f4xx_hal_tim.o
 .ARM.attributes
                0x00000000000002af       0x34 ./Drivers/STM32F4xx_HAL_Driver/Src/stm32f4xx_hal_tim_ex.o
 .ARM.attributes
                0x00000000000002e3       0x34 ./thirdparty/FreeRTOS/list.o
 .ARM.attributes
                0x0000000000000317       0x34 ./thirdparty/FreeRTOS/queue.o
 .ARM.attributes
                0x000000000000034b       0x34 ./thirdparty/FreeRTOS/tasks.o
 .ARM.attributes
                0x000000000000037f       0x34 ./thirdparty/FreeRTOS/portable/GCC/ARM_CM4F/port.o
 .ARM.attributes
                0x00000000000003b3       0x34 ./thirdparty/FreeRTOS/portable/MemMang/heap_4.o
 .ARM.attributes
                0x00000000000003e7       0x34 ./thirdparty/SEGGER VIEW/CONFIG/SEGGER_SYSVIEW_Config_FreeRTOS.o
 .ARM.attributes
                0x000000000000041b       0x34 ./thirdparty/SEGGER VIEW/OS/SEGGER_SYSVIEW_FreeRTOS.o
 .ARM.attributes
                0x000000000000044f       0x34 ./thirdparty/SEGGER VIEW/REC/segger_uart.o
 .ARM.attributes
                0x0000000000000483       0x34 ./thirdparty/SEGGER VIEW/SEGGER/SEGGER_RTT.o
 .ARM.attributes
                0x00000000000004b7       0x20 ./thirdparty/SEGGER VIEW/SEGGER/SEGGER_RTT_ASM_ARMv7M.o
 .ARM.attributes
                0x00000000000004d7       0x34 ./thirdparty/SEGGER VIEW/SEGGER/SEGGER_SYSVIEW.o
 .ARM.attributes
                0x000000000000050b       0x34 ./user_drivers/Src/keypad_4x4.o
 .ARM.attributes
                0x000000000000053f       0x34 c:/st/stm32cubeide_1.8.0/stm32cubeide/plugins/com.st.stm32cube.ide.mcu.externaltools.gnu-tools-for-stm32.9-2020-q2-update.win32_2.0.0.202105311346/tools/bin/../lib/gcc/arm-none-eabi/9.3.1/../../../../arm-none-eabi/lib/thumb/v7e-m+fp/hard\libc_nano.a(lib_a-init.o)
 .ARM.attributes
                0x0000000000000573       0x34 c:/st/stm32cubeide_1.8.0/stm32cubeide/plugins/com.st.stm32cube.ide.mcu.externaltools.gnu-tools-for-stm32.9-2020-q2-update.win32_2.0.0.202105311346/tools/bin/../lib/gcc/arm-none-eabi/9.3.1/../../../../arm-none-eabi/lib/thumb/v7e-m+fp/hard\libc_nano.a(lib_a-memcmp.o)
 .ARM.attributes
                0x00000000000005a7       0x34 c:/st/stm32cubeide_1.8.0/stm32cubeide/plugins/com.st.stm32cube.ide.mcu.externaltools.gnu-tools-for-stm32.9-2020-q2-update.win32_2.0.0.202105311346/tools/bin/../lib/gcc/arm-none-eabi/9.3.1/../../../../arm-none-eabi/lib/thumb/v7e-m+fp/hard\libc_nano.a(lib_a-memcpy-stub.o)
 .ARM.attributes
                0x00000000000005db       0x34 c:/st/stm32cubeide_1.8.0/stm32cubeide/plugins/com.st.stm32cube.ide.mcu.externaltools.gnu-tools-for-stm32.9-2020-q2-update.win32_2.0.0.202105311346/tools/bin/../lib/gcc/arm-none-eabi/9.3.1/../../../../arm-none-eabi/lib/thumb/v7e-m+fp/hard\libc_nano.a(lib_a-memset.o)
 .ARM.attributes
                0x000000000000060f       0x1e c:/st/stm32cubeide_1.8.0/stm32cubeide/plugins/com.st.stm32cube.ide.mcu.externaltools.gnu-tools-for-stm32.9-2020-q2-update.win32_2.0.0.202105311346/tools/bin/../lib/gcc/arm-none-eabi/9.3.1/thumb/v7e-m+fp/hard\libgcc.a(_aeabi_uldivmod.o)
 .ARM.attributes
                0x000000000000062d       0x34 c:/st/stm32cubeide_1.8.0/stm32cubeide/plugins/com.st.stm32cube.ide.mcu.externaltools.gnu-tools-for-stm32.9-2020-q2-update.win32_2.0.0.202105311346/tools/bin/../lib/gcc/arm-none-eabi/9.3.1/thumb/v7e-m+fp/hard\libgcc.a(_udivmoddi4.o)
 .ARM.attributes
                0x0000000000000661       0x1e c:/st/stm32cubeide_1.8.0/stm32cubeide/plugins/com.st.stm32cube.ide.mcu.externaltools.gnu-tools-for-stm32.9-2020-q2-update.win32_2.0.0.202105311346/tools/bin/../lib/gcc/arm-none-eabi/9.3.1/thumb/v7e-m+fp/hard\libgcc.a(_dvmd_tls.o)
 .ARM.attributes
                0x000000000000067f       0x1e c:/st/stm32cubeide_1.8.0/stm32cubeide/plugins/com.st.stm32cube.ide.mcu.externaltools.gnu-tools-for-stm32.9-2020-q2-update.win32_2.0.0.202105311346/tools/bin/../lib/gcc/arm-none-eabi/9.3.1/thumb/v7e-m+fp/hard/crtn.o
OUTPUT(11_freertos_queues_2tasks_keypad_tm1638.elf elf32-littlearm)
LOAD linker stubs
LOAD c:/st/stm32cubeide_1.8.0/stm32cubeide/plugins/com.st.stm32cube.ide.mcu.externaltools.gnu-tools-for-stm32.9-2020-q2-update.win32_2.0.0.202105311346/tools/bin/../lib/gcc/arm-none-eabi/9.3.1/../../../../arm-none-eabi/lib/thumb/v7e-m+fp/hard\libc.a
LOAD c:/st/stm32cubeide_1.8.0/stm32cubeide/plugins/com.st.stm32cube.ide.mcu.externaltools.gnu-tools-for-stm32.9-2020-q2-update.win32_2.0.0.202105311346/tools/bin/../lib/gcc/arm-none-eabi/9.3.1/../../../../arm-none-eabi/lib/thumb/v7e-m+fp/hard\libm.a
LOAD c:/st/stm32cubeide_1.8.0/stm32cubeide/plugins/com.st.stm32cube.ide.mcu.externaltools.gnu-tools-for-stm32.9-2020-q2-update.win32_2.0.0.202105311346/tools/bin/../lib/gcc/arm-none-eabi/9.3.1/thumb/v7e-m+fp/hard\libgcc.a

.debug_info     0x0000000000000000    0x1adca
 .debug_info    0x0000000000000000     0x1bce ./Core/Src/main.o
 .debug_info    0x0000000000001bce      0xa93 ./Core/Src/stm32f4xx_hal_msp.o
 .debug_info    0x0000000000002661      0xc00 ./Core/Src/stm32f4xx_hal_timebase_tim.o
 .debug_info    0x0000000000003261      0x7ed ./Core/Src/stm32f4xx_it.o
 .debug_info    0x0000000000003a4e      0x5d0 ./Core/Src/system_stm32f4xx.o
 .debug_info    0x000000000000401e       0x22 ./Core/Startup/startup_stm32f411vetx.o
 .debug_info    0x0000000000004040      0x944 ./Drivers/STM32F4xx_HAL_Driver/Src/stm32f4xx_hal.o
 .debug_info    0x0000000000004984      0xe47 ./Drivers/STM32F4xx_HAL_Driver/Src/stm32f4xx_hal_cortex.o
 .debug_info    0x00000000000057cb      0x862 ./Drivers/STM32F4xx_HAL_Driver/Src/stm32f4xx_hal_gpio.o
 .debug_info    0x000000000000602d      0x9be ./Drivers/STM32F4xx_HAL_Driver/Src/stm32f4xx_hal_rcc.o
 .debug_info    0x00000000000069eb     0x17b8 ./Drivers/STM32F4xx_HAL_Driver/Src/stm32f4xx_hal_spi.o
 .debug_info    0x00000000000081a3     0x2c1a ./Drivers/STM32F4xx_HAL_Driver/Src/stm32f4xx_hal_tim.o
 .debug_info    0x000000000000adbd     0x159a ./Drivers/STM32F4xx_HAL_Driver/Src/stm32f4xx_hal_tim_ex.o
 .debug_info    0x000000000000c357      0xb9a ./thirdparty/FreeRTOS/list.o
 .debug_info    0x000000000000cef1     0x1f29 ./thirdparty/FreeRTOS/queue.o
 .debug_info    0x000000000000ee1a     0x2ac9 ./thirdparty/FreeRTOS/tasks.o
 .debug_info    0x00000000000118e3      0x5b1 ./thirdparty/FreeRTOS/portable/GCC/ARM_CM4F/port.o
 .debug_info    0x0000000000011e94      0xda4 ./thirdparty/FreeRTOS/portable/MemMang/heap_4.o
 .debug_info    0x0000000000012c38      0x131 ./thirdparty/SEGGER VIEW/CONFIG/SEGGER_SYSVIEW_Config_FreeRTOS.o
 .debug_info    0x0000000000012d69      0xc58 ./thirdparty/SEGGER VIEW/OS/SEGGER_SYSVIEW_FreeRTOS.o
 .debug_info    0x00000000000139c1     0x130a ./thirdparty/SEGGER VIEW/REC/segger_uart.o
 .debug_info    0x0000000000014ccb     0x1d4b ./thirdparty/SEGGER VIEW/SEGGER/SEGGER_RTT.o
 .debug_info    0x0000000000016a16       0x26 ./thirdparty/SEGGER VIEW/SEGGER/SEGGER_RTT_ASM_ARMv7M.o
 .debug_info    0x0000000000016a3c     0x3fe7 ./thirdparty/SEGGER VIEW/SEGGER/SEGGER_SYSVIEW.o
 .debug_info    0x000000000001aa23      0x3a7 ./user_drivers/Src/keypad_4x4.o

.debug_abbrev   0x0000000000000000     0x3669
 .debug_abbrev  0x0000000000000000      0x362 ./Core/Src/main.o
 .debug_abbrev  0x0000000000000362      0x1ac ./Core/Src/stm32f4xx_hal_msp.o
 .debug_abbrev  0x000000000000050e      0x1d0 ./Core/Src/stm32f4xx_hal_timebase_tim.o
 .debug_abbrev  0x00000000000006de      0x187 ./Core/Src/stm32f4xx_it.o
 .debug_abbrev  0x0000000000000865      0x145 ./Core/Src/system_stm32f4xx.o
 .debug_abbrev  0x00000000000009aa       0x12 ./Core/Startup/startup_stm32f411vetx.o
 .debug_abbrev  0x00000000000009bc      0x21e ./Drivers/STM32F4xx_HAL_Driver/Src/stm32f4xx_hal.o
 .debug_abbrev  0x0000000000000bda      0x33c ./Drivers/STM32F4xx_HAL_Driver/Src/stm32f4xx_hal_cortex.o
 .debug_abbrev  0x0000000000000f16      0x1f1 ./Drivers/STM32F4xx_HAL_Driver/Src/stm32f4xx_hal_gpio.o
 .debug_abbrev  0x0000000000001107      0x275 ./Drivers/STM32F4xx_HAL_Driver/Src/stm32f4xx_hal_rcc.o
 .debug_abbrev  0x000000000000137c      0x26e ./Drivers/STM32F4xx_HAL_Driver/Src/stm32f4xx_hal_spi.o
 .debug_abbrev  0x00000000000015ea      0x26f ./Drivers/STM32F4xx_HAL_Driver/Src/stm32f4xx_hal_tim.o
 .debug_abbrev  0x0000000000001859      0x277 ./Drivers/STM32F4xx_HAL_Driver/Src/stm32f4xx_hal_tim_ex.o
 .debug_abbrev  0x0000000000001ad0      0x1f7 ./thirdparty/FreeRTOS/list.o
 .debug_abbrev  0x0000000000001cc7      0x333 ./thirdparty/FreeRTOS/queue.o
 .debug_abbrev  0x0000000000001ffa      0x3a9 ./thirdparty/FreeRTOS/tasks.o
 .debug_abbrev  0x00000000000023a3      0x231 ./thirdparty/FreeRTOS/portable/GCC/ARM_CM4F/port.o
 .debug_abbrev  0x00000000000025d4      0x2d3 ./thirdparty/FreeRTOS/portable/MemMang/heap_4.o
 .debug_abbrev  0x00000000000028a7       0xc1 ./thirdparty/SEGGER VIEW/CONFIG/SEGGER_SYSVIEW_Config_FreeRTOS.o
 .debug_abbrev  0x0000000000002968      0x219 ./thirdparty/SEGGER VIEW/OS/SEGGER_SYSVIEW_FreeRTOS.o
 .debug_abbrev  0x0000000000002b81      0x2e0 ./thirdparty/SEGGER VIEW/REC/segger_uart.o
 .debug_abbrev  0x0000000000002e61      0x2e1 ./thirdparty/SEGGER VIEW/SEGGER/SEGGER_RTT.o
 .debug_abbrev  0x0000000000003142       0x14 ./thirdparty/SEGGER VIEW/SEGGER/SEGGER_RTT_ASM_ARMv7M.o
 .debug_abbrev  0x0000000000003156      0x38b ./thirdparty/SEGGER VIEW/SEGGER/SEGGER_SYSVIEW.o
 .debug_abbrev  0x00000000000034e1      0x188 ./user_drivers/Src/keypad_4x4.o

.debug_aranges  0x0000000000000000     0x1480
 .debug_aranges
                0x0000000000000000       0x58 ./Core/Src/main.o
 .debug_aranges
                0x0000000000000058       0x30 ./Core/Src/stm32f4xx_hal_msp.o
 .debug_aranges
                0x0000000000000088       0x30 ./Core/Src/stm32f4xx_hal_timebase_tim.o
 .debug_aranges
                0x00000000000000b8       0x58 ./Core/Src/stm32f4xx_it.o
 .debug_aranges
                0x0000000000000110       0x28 ./Core/Src/system_stm32f4xx.o
 .debug_aranges
                0x0000000000000138       0x28 ./Core/Startup/startup_stm32f411vetx.o
 .debug_aranges
                0x0000000000000160       0xf0 ./Drivers/STM32F4xx_HAL_Driver/Src/stm32f4xx_hal.o
 .debug_aranges
                0x0000000000000250      0x118 ./Drivers/STM32F4xx_HAL_Driver/Src/stm32f4xx_hal_cortex.o
 .debug_aranges
                0x0000000000000368       0x58 ./Drivers/STM32F4xx_HAL_Driver/Src/stm32f4xx_hal_gpio.o
 .debug_aranges
                0x00000000000003c0       0x88 ./Drivers/STM32F4xx_HAL_Driver/Src/stm32f4xx_hal_rcc.o
 .debug_aranges
                0x0000000000000448      0x1d0 ./Drivers/STM32F4xx_HAL_Driver/Src/stm32f4xx_hal_spi.o
 .debug_aranges
                0x0000000000000618      0x3d0 ./Drivers/STM32F4xx_HAL_Driver/Src/stm32f4xx_hal_tim.o
 .debug_aranges
                0x00000000000009e8      0x168 ./Drivers/STM32F4xx_HAL_Driver/Src/stm32f4xx_hal_tim_ex.o
 .debug_aranges
                0x0000000000000b50       0x40 ./thirdparty/FreeRTOS/list.o
 .debug_aranges
                0x0000000000000b90      0x128 ./thirdparty/FreeRTOS/queue.o
 .debug_aranges
                0x0000000000000cb8      0x208 ./thirdparty/FreeRTOS/tasks.o
 .debug_aranges
                0x0000000000000ec0       0x88 ./thirdparty/FreeRTOS/portable/GCC/ARM_CM4F/port.o
 .debug_aranges
                0x0000000000000f48       0x58 ./thirdparty/FreeRTOS/portable/MemMang/heap_4.o
 .debug_aranges
                0x0000000000000fa0       0x28 ./thirdparty/SEGGER VIEW/CONFIG/SEGGER_SYSVIEW_Config_FreeRTOS.o
 .debug_aranges
                0x0000000000000fc8       0x48 ./thirdparty/SEGGER VIEW/OS/SEGGER_SYSVIEW_FreeRTOS.o
 .debug_aranges
                0x0000000000001010       0x68 ./thirdparty/SEGGER VIEW/REC/segger_uart.o
 .debug_aranges
                0x0000000000001078      0x138 ./thirdparty/SEGGER VIEW/SEGGER/SEGGER_RTT.o
 .debug_aranges
                0x00000000000011b0       0x20 ./thirdparty/SEGGER VIEW/SEGGER/SEGGER_RTT_ASM_ARMv7M.o
 .debug_aranges
                0x00000000000011d0      0x280 ./thirdparty/SEGGER VIEW/SEGGER/SEGGER_SYSVIEW.o
 .debug_aranges
                0x0000000000001450       0x30 ./user_drivers/Src/keypad_4x4.o

.debug_ranges   0x0000000000000000     0x12e8
 .debug_ranges  0x0000000000000000       0x48 ./Core/Src/main.o
 .debug_ranges  0x0000000000000048       0x20 ./Core/Src/stm32f4xx_hal_msp.o
 .debug_ranges  0x0000000000000068       0x20 ./Core/Src/stm32f4xx_hal_timebase_tim.o
 .debug_ranges  0x0000000000000088       0x48 ./Core/Src/stm32f4xx_it.o
 .debug_ranges  0x00000000000000d0       0x18 ./Core/Src/system_stm32f4xx.o
 .debug_ranges  0x00000000000000e8       0x20 ./Core/Startup/startup_stm32f411vetx.o
 .debug_ranges  0x0000000000000108       0xe0 ./Drivers/STM32F4xx_HAL_Driver/Src/stm32f4xx_hal.o
 .debug_ranges  0x00000000000001e8      0x108 ./Drivers/STM32F4xx_HAL_Driver/Src/stm32f4xx_hal_cortex.o
 .debug_ranges  0x00000000000002f0       0x48 ./Drivers/STM32F4xx_HAL_Driver/Src/stm32f4xx_hal_gpio.o
 .debug_ranges  0x0000000000000338       0x78 ./Drivers/STM32F4xx_HAL_Driver/Src/stm32f4xx_hal_rcc.o
 .debug_ranges  0x00000000000003b0      0x1c0 ./Drivers/STM32F4xx_HAL_Driver/Src/stm32f4xx_hal_spi.o
 .debug_ranges  0x0000000000000570      0x3c0 ./Drivers/STM32F4xx_HAL_Driver/Src/stm32f4xx_hal_tim.o
 .debug_ranges  0x0000000000000930      0x158 ./Drivers/STM32F4xx_HAL_Driver/Src/stm32f4xx_hal_tim_ex.o
 .debug_ranges  0x0000000000000a88       0x30 ./thirdparty/FreeRTOS/list.o
 .debug_ranges  0x0000000000000ab8      0x118 ./thirdparty/FreeRTOS/queue.o
 .debug_ranges  0x0000000000000bd0      0x1f8 ./thirdparty/FreeRTOS/tasks.o
 .debug_ranges  0x0000000000000dc8       0x78 ./thirdparty/FreeRTOS/portable/GCC/ARM_CM4F/port.o
 .debug_ranges  0x0000000000000e40       0x48 ./thirdparty/FreeRTOS/portable/MemMang/heap_4.o
 .debug_ranges  0x0000000000000e88       0x18 ./thirdparty/SEGGER VIEW/CONFIG/SEGGER_SYSVIEW_Config_FreeRTOS.o
 .debug_ranges  0x0000000000000ea0       0x38 ./thirdparty/SEGGER VIEW/OS/SEGGER_SYSVIEW_FreeRTOS.o
 .debug_ranges  0x0000000000000ed8       0x58 ./thirdparty/SEGGER VIEW/REC/segger_uart.o
 .debug_ranges  0x0000000000000f30      0x128 ./thirdparty/SEGGER VIEW/SEGGER/SEGGER_RTT.o
 .debug_ranges  0x0000000000001058      0x270 ./thirdparty/SEGGER VIEW/SEGGER/SEGGER_SYSVIEW.o
 .debug_ranges  0x00000000000012c8       0x20 ./user_drivers/Src/keypad_4x4.o

.debug_macro    0x0000000000000000    0x1972b
 .debug_macro   0x0000000000000000      0x426 ./Core/Src/main.o
 .debug_macro   0x0000000000000426      0xaa8 ./Core/Src/main.o
 .debug_macro   0x0000000000000ece      0x29b ./Core/Src/main.o
 .debug_macro   0x0000000000001169       0x2e ./Core/Src/main.o
 .debug_macro   0x0000000000001197       0x28 ./Core/Src/main.o
 .debug_macro   0x00000000000011bf       0x22 ./Core/Src/main.o
 .debug_macro   0x00000000000011e1       0x8e ./Core/Src/main.o
 .debug_macro   0x000000000000126f       0x51 ./Core/Src/main.o
 .debug_macro   0x00000000000012c0      0x103 ./Core/Src/main.o
 .debug_macro   0x00000000000013c3       0x6a ./Core/Src/main.o
 .debug_macro   0x000000000000142d      0x1df ./Core/Src/main.o
 .debug_macro   0x000000000000160c       0x1c ./Core/Src/main.o
 .debug_macro   0x0000000000001628       0x22 ./Core/Src/main.o
 .debug_macro   0x000000000000164a       0xdf ./Core/Src/main.o
 .debug_macro   0x0000000000001729     0x102d ./Core/Src/main.o
 .debug_macro   0x0000000000002756      0x11f ./Core/Src/main.o
 .debug_macro   0x0000000000002875     0xb953 ./Core/Src/main.o
 .debug_macro   0x000000000000e1c8       0x6d ./Core/Src/main.o
 .debug_macro   0x000000000000e235     0x3666 ./Core/Src/main.o
 .debug_macro   0x000000000001189b      0x174 ./Core/Src/main.o
 .debug_macro   0x0000000000011a0f       0x5c ./Core/Src/main.o
 .debug_macro   0x0000000000011a6b      0x447 ./Core/Src/main.o
 .debug_macro   0x0000000000011eb2      0x9fe ./Core/Src/main.o
 .debug_macro   0x00000000000128b0      0x116 ./Core/Src/main.o
 .debug_macro   0x00000000000129c6      0x11b ./Core/Src/main.o
 .debug_macro   0x0000000000012ae1       0xa5 ./Core/Src/main.o
 .debug_macro   0x0000000000012b86      0x15f ./Core/Src/main.o
 .debug_macro   0x0000000000012ce5      0x287 ./Core/Src/main.o
 .debug_macro   0x0000000000012f6c       0x5f ./Core/Src/main.o
 .debug_macro   0x0000000000012fcb      0x236 ./Core/Src/main.o
 .debug_macro   0x0000000000013201      0x132 ./Core/Src/main.o
 .debug_macro   0x0000000000013333      0x264 ./Core/Src/main.o
 .debug_macro   0x0000000000013597       0x2e ./Core/Src/main.o
 .debug_macro   0x00000000000135c5      0x11a ./Core/Src/main.o
 .debug_macro   0x00000000000136df       0x85 ./Core/Src/main.o
 .debug_macro   0x0000000000013764       0x89 ./Core/Src/main.o
 .debug_macro   0x00000000000137ed      0x225 ./Core/Src/main.o
 .debug_macro   0x0000000000013a12      0x8d1 ./Core/Src/main.o
 .debug_macro   0x00000000000142e3       0x47 ./Core/Src/main.o
 .debug_macro   0x000000000001432a      0x126 ./Core/Src/main.o
 .debug_macro   0x0000000000014450       0xd6 ./Core/Src/main.o
 .debug_macro   0x0000000000014526       0xd6 ./Core/Src/main.o
 .debug_macro   0x00000000000145fc      0x114 ./Core/Src/main.o
 .debug_macro   0x0000000000014710       0x58 ./Core/Src/main.o
 .debug_macro   0x0000000000014768       0x46 ./Core/Src/main.o
 .debug_macro   0x00000000000147ae       0x64 ./Core/Src/main.o
 .debug_macro   0x0000000000014812       0x16 ./Core/Src/main.o
 .debug_macro   0x0000000000014828       0x49 ./Core/Src/main.o
 .debug_macro   0x0000000000014871       0xbc ./Core/Src/main.o
 .debug_macro   0x000000000001492d      0x204 ./Core/Src/main.o
 .debug_macro   0x0000000000014b31      0x450 ./Core/Src/main.o
 .debug_macro   0x0000000000014f81      0x15a ./Core/Src/main.o
 .debug_macro   0x00000000000150db       0xea ./Core/Src/main.o
 .debug_macro   0x00000000000151c5       0x1c ./Core/Src/main.o
 .debug_macro   0x00000000000151e1       0x26 ./Core/Src/main.o
 .debug_macro   0x0000000000015207      0x3cf ./Core/Src/main.o
 .debug_macro   0x00000000000155d6       0xb5 ./Core/Src/main.o
 .debug_macro   0x000000000001568b      0x120 ./Core/Src/main.o
 .debug_macro   0x00000000000157ab       0x52 ./Core/Src/main.o
 .debug_macro   0x00000000000157fd       0x18 ./Core/Src/main.o
 .debug_macro   0x0000000000015815       0x3c ./Core/Src/main.o
 .debug_macro   0x0000000000015851       0x34 ./Core/Src/main.o
 .debug_macro   0x0000000000015885       0x16 ./Core/Src/main.o
 .debug_macro   0x000000000001589b       0x35 ./Core/Src/main.o
 .debug_macro   0x00000000000158d0      0x333 ./Core/Src/main.o
 .debug_macro   0x0000000000015c03       0x16 ./Core/Src/main.o
 .debug_macro   0x0000000000015c19       0x43 ./Core/Src/main.o
 .debug_macro   0x0000000000015c5c       0x34 ./Core/Src/main.o
 .debug_macro   0x0000000000015c90       0x10 ./Core/Src/main.o
 .debug_macro   0x0000000000015ca0       0x58 ./Core/Src/main.o
 .debug_macro   0x0000000000015cf8       0x71 ./Core/Src/main.o
 .debug_macro   0x0000000000015d69       0x1c ./Core/Src/main.o
 .debug_macro   0x0000000000015d85      0x12a ./Core/Src/main.o
 .debug_macro   0x0000000000015eaf       0x10 ./Core/Src/main.o
 .debug_macro   0x0000000000015ebf       0x1c ./Core/Src/main.o
 .debug_macro   0x0000000000015edb       0x52 ./Core/Src/main.o
 .debug_macro   0x0000000000015f2d       0x22 ./Core/Src/main.o
 .debug_macro   0x0000000000015f4f       0x10 ./Core/Src/main.o
 .debug_macro   0x0000000000015f5f       0x40 ./Core/Src/main.o
 .debug_macro   0x0000000000015f9f       0xd5 ./Core/Src/main.o
 .debug_macro   0x0000000000016074       0x1c ./Core/Src/main.o
 .debug_macro   0x0000000000016090       0x3d ./Core/Src/main.o
 .debug_macro   0x00000000000160cd       0x16 ./Core/Src/main.o
 .debug_macro   0x00000000000160e3      0x145 ./Core/Src/main.o
 .debug_macro   0x0000000000016228       0x80 ./Core/Src/main.o
 .debug_macro   0x00000000000162a8      0x2a5 ./Core/Src/stm32f4xx_hal_msp.o
 .debug_macro   0x000000000001654d      0x1ce ./Core/Src/stm32f4xx_hal_timebase_tim.o
 .debug_macro   0x000000000001671b      0x1fe ./Core/Src/stm32f4xx_it.o
 .debug_macro   0x0000000000016919      0x1ce ./Core/Src/system_stm32f4xx.o
 .debug_macro   0x0000000000016ae7      0x22e ./Drivers/STM32F4xx_HAL_Driver/Src/stm32f4xx_hal.o
 .debug_macro   0x0000000000016d15      0x1ce ./Drivers/STM32F4xx_HAL_Driver/Src/stm32f4xx_hal_cortex.o
 .debug_macro   0x0000000000016ee3      0x1d4 ./Drivers/STM32F4xx_HAL_Driver/Src/stm32f4xx_hal_gpio.o
 .debug_macro   0x00000000000170b7      0x1f2 ./Drivers/STM32F4xx_HAL_Driver/Src/stm32f4xx_hal_rcc.o
 .debug_macro   0x00000000000172a9      0x1dd ./Drivers/STM32F4xx_HAL_Driver/Src/stm32f4xx_hal_spi.o
 .debug_macro   0x0000000000017486      0x1cf ./Drivers/STM32F4xx_HAL_Driver/Src/stm32f4xx_hal_tim.o
 .debug_macro   0x0000000000017655      0x1ce ./Drivers/STM32F4xx_HAL_Driver/Src/stm32f4xx_hal_tim_ex.o
 .debug_macro   0x0000000000017823      0x1f4 ./thirdparty/FreeRTOS/list.o
 .debug_macro   0x0000000000017a17      0x27d ./thirdparty/FreeRTOS/queue.o
 .debug_macro   0x0000000000017c94       0x16 ./thirdparty/FreeRTOS/queue.o
 .debug_macro   0x0000000000017caa       0x20 ./thirdparty/FreeRTOS/queue.o
 .debug_macro   0x0000000000017cca      0x2e1 ./thirdparty/FreeRTOS/tasks.o
 .debug_macro   0x0000000000017fab       0x10 ./thirdparty/FreeRTOS/tasks.o
 .debug_macro   0x0000000000017fbb      0x1f7 ./thirdparty/FreeRTOS/portable/GCC/ARM_CM4F/port.o
 .debug_macro   0x00000000000181b2      0x20f ./thirdparty/FreeRTOS/portable/MemMang/heap_4.o
 .debug_macro   0x00000000000183c1      0x137 ./thirdparty/SEGGER VIEW/CONFIG/SEGGER_SYSVIEW_Config_FreeRTOS.o
 .debug_macro   0x00000000000184f8      0x203 ./thirdparty/SEGGER VIEW/OS/SEGGER_SYSVIEW_FreeRTOS.o
 .debug_macro   0x00000000000186fb      0x426 ./thirdparty/SEGGER VIEW/REC/segger_uart.o
 .debug_macro   0x0000000000018b21       0x3a ./thirdparty/SEGGER VIEW/REC/segger_uart.o
 .debug_macro   0x0000000000018b5b      0x138 ./thirdparty/SEGGER VIEW/REC/segger_uart.o
 .debug_macro   0x0000000000018c93       0xd9 ./thirdparty/SEGGER VIEW/REC/segger_uart.o
 .debug_macro   0x0000000000018d6c       0x56 ./thirdparty/SEGGER VIEW/REC/segger_uart.o
 .debug_macro   0x0000000000018dc2      0x1bd ./thirdparty/SEGGER VIEW/SEGGER/SEGGER_RTT.o
 .debug_macro   0x0000000000018f7f       0x34 ./thirdparty/SEGGER VIEW/SEGGER/SEGGER_RTT.o
 .debug_macro   0x0000000000018fb3      0x212 ./thirdparty/SEGGER VIEW/SEGGER/SEGGER_SYSVIEW.o
 .debug_macro   0x00000000000191c5      0x204 ./thirdparty/SEGGER VIEW/SEGGER/SEGGER_SYSVIEW.o
 .debug_macro   0x00000000000193c9      0x16e ./thirdparty/SEGGER VIEW/SEGGER/SEGGER_SYSVIEW.o
 .debug_macro   0x0000000000019537      0x1f4 ./user_drivers/Src/keypad_4x4.o

.debug_line     0x0000000000000000    0x176db
 .debug_line    0x0000000000000000      0xe9f ./Core/Src/main.o
 .debug_line    0x0000000000000e9f      0xb05 ./Core/Src/stm32f4xx_hal_msp.o
 .debug_line    0x00000000000019a4      0x725 ./Core/Src/stm32f4xx_hal_timebase_tim.o
 .debug_line    0x00000000000020c9      0x811 ./Core/Src/stm32f4xx_it.o
 .debug_line    0x00000000000028da      0x747 ./Core/Src/system_stm32f4xx.o
 .debug_line    0x0000000000003021       0x88 ./Core/Startup/startup_stm32f411vetx.o
 .debug_line    0x00000000000030a9      0x9ad ./Drivers/STM32F4xx_HAL_Driver/Src/stm32f4xx_hal.o
 .debug_line    0x0000000000003a56      0xc5c ./Drivers/STM32F4xx_HAL_Driver/Src/stm32f4xx_hal_cortex.o
 .debug_line    0x00000000000046b2      0xae7 ./Drivers/STM32F4xx_HAL_Driver/Src/stm32f4xx_hal_gpio.o
 .debug_line    0x0000000000005199      0xd29 ./Drivers/STM32F4xx_HAL_Driver/Src/stm32f4xx_hal_rcc.o
 .debug_line    0x0000000000005ec2     0x1c35 ./Drivers/STM32F4xx_HAL_Driver/Src/stm32f4xx_hal_spi.o
 .debug_line    0x0000000000007af7     0x347b ./Drivers/STM32F4xx_HAL_Driver/Src/stm32f4xx_hal_tim.o
 .debug_line    0x000000000000af72     0x1945 ./Drivers/STM32F4xx_HAL_Driver/Src/stm32f4xx_hal_tim_ex.o
 .debug_line    0x000000000000c8b7      0x9b6 ./thirdparty/FreeRTOS/list.o
 .debug_line    0x000000000000d26d     0x1788 ./thirdparty/FreeRTOS/queue.o
 .debug_line    0x000000000000e9f5     0x2055 ./thirdparty/FreeRTOS/tasks.o
 .debug_line    0x0000000000010a4a      0xab7 ./thirdparty/FreeRTOS/portable/GCC/ARM_CM4F/port.o
 .debug_line    0x0000000000011501      0xc01 ./thirdparty/FreeRTOS/portable/MemMang/heap_4.o
 .debug_line    0x0000000000012102      0x724 ./thirdparty/SEGGER VIEW/CONFIG/SEGGER_SYSVIEW_Config_FreeRTOS.o
 .debug_line    0x0000000000012826      0xa1b ./thirdparty/SEGGER VIEW/OS/SEGGER_SYSVIEW_FreeRTOS.o
 .debug_line    0x0000000000013241      0xc14 ./thirdparty/SEGGER VIEW/REC/segger_uart.o
 .debug_line    0x0000000000013e55      0xf18 ./thirdparty/SEGGER VIEW/SEGGER/SEGGER_RTT.o
 .debug_line    0x0000000000014d6d       0xf5 ./thirdparty/SEGGER VIEW/SEGGER/SEGGER_RTT_ASM_ARMv7M.o
 .debug_line    0x0000000000014e62     0x1fff ./thirdparty/SEGGER VIEW/SEGGER/SEGGER_SYSVIEW.o
 .debug_line    0x0000000000016e61      0x87a ./user_drivers/Src/keypad_4x4.o

.debug_str      0x0000000000000000    0x9cb97
 .debug_str     0x0000000000000000    0x942af ./Core/Src/main.o
                                      0x9473e (size before relaxing)
 .debug_str     0x00000000000942af       0x53 ./Core/Src/stm32f4xx_hal_msp.o
                                      0x8dca3 (size before relaxing)
 .debug_str     0x0000000000094302       0xaa ./Core/Src/stm32f4xx_hal_timebase_tim.o
                                      0x86b92 (size before relaxing)
 .debug_str     0x00000000000943ac       0xb3 ./Core/Src/stm32f4xx_it.o
                                      0x86b7a (size before relaxing)
 .debug_str     0x000000000009445f       0xaf ./Core/Src/system_stm32f4xx.o
                                      0x8625d (size before relaxing)
 .debug_str     0x000000000009450e       0x36 ./Core/Startup/startup_stm32f411vetx.o
                                         0xa2 (size before relaxing)
 .debug_str     0x0000000000094544      0x538 ./Drivers/STM32F4xx_HAL_Driver/Src/stm32f4xx_hal.o
                                      0x86be7 (size before relaxing)
 .debug_str     0x0000000000094a7c      0x392 ./Drivers/STM32F4xx_HAL_Driver/Src/stm32f4xx_hal_cortex.o
                                      0x869c4 (size before relaxing)
 .debug_str     0x0000000000094e0e      0x15a ./Drivers/STM32F4xx_HAL_Driver/Src/stm32f4xx_hal_gpio.o
                                      0x86404 (size before relaxing)
 .debug_str     0x0000000000094f68      0x24f ./Drivers/STM32F4xx_HAL_Driver/Src/stm32f4xx_hal_rcc.o
                                      0x8665f (size before relaxing)
 .debug_str     0x00000000000951b7      0x57a ./Drivers/STM32F4xx_HAL_Driver/Src/stm32f4xx_hal_spi.o
                                      0x86aef (size before relaxing)
 .debug_str     0x0000000000095731      0xe47 ./Drivers/STM32F4xx_HAL_Driver/Src/stm32f4xx_hal_tim.o
                                      0x8757a (size before relaxing)
 .debug_str     0x0000000000096578      0x538 ./Drivers/STM32F4xx_HAL_Driver/Src/stm32f4xx_hal_tim_ex.o
                                      0x86d2b (size before relaxing)
 .debug_str     0x0000000000096ab0      0x2de ./thirdparty/FreeRTOS/list.o
                                       0xed63 (size before relaxing)
 .debug_str     0x0000000000096d8e      0x93e ./thirdparty/FreeRTOS/queue.o
                                      0x10ffa (size before relaxing)
 .debug_str     0x00000000000976cc     0x1d7d ./thirdparty/FreeRTOS/tasks.o
                                      0x11e8e (size before relaxing)
 .debug_str     0x0000000000099449      0x84b ./thirdparty/FreeRTOS/portable/GCC/ARM_CM4F/port.o
                                       0xd435 (size before relaxing)
 .debug_str     0x0000000000099c94      0x380 ./thirdparty/FreeRTOS/portable/MemMang/heap_4.o
                                      0x101dd (size before relaxing)
 .debug_str     0x000000000009a014      0x1b8 ./thirdparty/SEGGER VIEW/CONFIG/SEGGER_SYSVIEW_Config_FreeRTOS.o
                                       0xb2da (size before relaxing)
 .debug_str     0x000000000009a1cc      0x14a ./thirdparty/SEGGER VIEW/OS/SEGGER_SYSVIEW_FreeRTOS.o
                                       0xff41 (size before relaxing)
 .debug_str     0x000000000009a316     0x10ac ./thirdparty/SEGGER VIEW/REC/segger_uart.o
                                      0x8c2b1 (size before relaxing)
 .debug_str     0x000000000009b3c2      0x729 ./thirdparty/SEGGER VIEW/SEGGER/SEGGER_RTT.o
                                       0x7cce (size before relaxing)
 .debug_str     0x000000000009baeb       0x89 ./thirdparty/SEGGER VIEW/SEGGER/SEGGER_RTT_ASM_ARMv7M.o
                                        0x103 (size before relaxing)
 .debug_str     0x000000000009bb74      0xfa9 ./thirdparty/SEGGER VIEW/SEGGER/SEGGER_SYSVIEW.o
                                       0x9cab (size before relaxing)
 .debug_str     0x000000000009cb1d       0x7a ./user_drivers/Src/keypad_4x4.o
                                      0x8666f (size before relaxing)

.comment        0x0000000000000000       0x53
 .comment       0x0000000000000000       0x53 ./Core/Src/main.o
                                         0x54 (size before relaxing)
 .comment       0x0000000000000053       0x54 ./Core/Src/stm32f4xx_hal_msp.o
 .comment       0x0000000000000053       0x54 ./Core/Src/stm32f4xx_hal_timebase_tim.o
 .comment       0x0000000000000053       0x54 ./Core/Src/stm32f4xx_it.o
 .comment       0x0000000000000053       0x54 ./Core/Src/system_stm32f4xx.o
 .comment       0x0000000000000053       0x54 ./Drivers/STM32F4xx_HAL_Driver/Src/stm32f4xx_hal.o
 .comment       0x0000000000000053       0x54 ./Drivers/STM32F4xx_HAL_Driver/Src/stm32f4xx_hal_cortex.o
 .comment       0x0000000000000053       0x54 ./Drivers/STM32F4xx_HAL_Driver/Src/stm32f4xx_hal_gpio.o
 .comment       0x0000000000000053       0x54 ./Drivers/STM32F4xx_HAL_Driver/Src/stm32f4xx_hal_rcc.o
 .comment       0x0000000000000053       0x54 ./Drivers/STM32F4xx_HAL_Driver/Src/stm32f4xx_hal_spi.o
 .comment       0x0000000000000053       0x54 ./Drivers/STM32F4xx_HAL_Driver/Src/stm32f4xx_hal_tim.o
 .comment       0x0000000000000053       0x54 ./Drivers/STM32F4xx_HAL_Driver/Src/stm32f4xx_hal_tim_ex.o
 .comment       0x0000000000000053       0x54 ./thirdparty/FreeRTOS/list.o
 .comment       0x0000000000000053       0x54 ./thirdparty/FreeRTOS/queue.o
 .comment       0x0000000000000053       0x54 ./thirdparty/FreeRTOS/tasks.o
 .comment       0x0000000000000053       0x54 ./thirdparty/FreeRTOS/portable/GCC/ARM_CM4F/port.o
 .comment       0x0000000000000053       0x54 ./thirdparty/FreeRTOS/portable/MemMang/heap_4.o
 .comment       0x0000000000000053       0x54 ./thirdparty/SEGGER VIEW/CONFIG/SEGGER_SYSVIEW_Config_FreeRTOS.o
 .comment       0x0000000000000053       0x54 ./thirdparty/SEGGER VIEW/OS/SEGGER_SYSVIEW_FreeRTOS.o
 .comment       0x0000000000000053       0x54 ./thirdparty/SEGGER VIEW/REC/segger_uart.o
 .comment       0x0000000000000053       0x54 ./thirdparty/SEGGER VIEW/SEGGER/SEGGER_RTT.o
 .comment       0x0000000000000053       0x54 ./thirdparty/SEGGER VIEW/SEGGER/SEGGER_SYSVIEW.o
 .comment       0x0000000000000053       0x54 ./user_drivers/Src/keypad_4x4.o

.debug_frame    0x0000000000000000     0x55b8
 .debug_frame   0x0000000000000000      0x110 ./Core/Src/main.o
 .debug_frame   0x0000000000000110       0x7c ./Core/Src/stm32f4xx_hal_msp.o
 .debug_frame   0x000000000000018c       0x74 ./Core/Src/stm32f4xx_hal_timebase_tim.o
 .debug_frame   0x0000000000000200       0xe0 ./Core/Src/stm32f4xx_it.o
 .debug_frame   0x00000000000002e0       0x58 ./Core/Src/system_stm32f4xx.o
 .debug_frame   0x0000000000000338      0x374 ./Drivers/STM32F4xx_HAL_Driver/Src/stm32f4xx_hal.o
 .debug_frame   0x00000000000006ac      0x498 ./Drivers/STM32F4xx_HAL_Driver/Src/stm32f4xx_hal_cortex.o
 .debug_frame   0x0000000000000b44      0x14c ./Drivers/STM32F4xx_HAL_Driver/Src/stm32f4xx_hal_gpio.o
 .debug_frame   0x0000000000000c90      0x1f0 ./Drivers/STM32F4xx_HAL_Driver/Src/stm32f4xx_hal_rcc.o
 .debug_frame   0x0000000000000e80      0x824 ./Drivers/STM32F4xx_HAL_Driver/Src/stm32f4xx_hal_spi.o
 .debug_frame   0x00000000000016a4     0x11bc ./Drivers/STM32F4xx_HAL_Driver/Src/stm32f4xx_hal_tim.o
 .debug_frame   0x0000000000002860      0x638 ./Drivers/STM32F4xx_HAL_Driver/Src/stm32f4xx_hal_tim_ex.o
 .debug_frame   0x0000000000002e98       0xd8 ./thirdparty/FreeRTOS/list.o
 .debug_frame   0x0000000000002f70      0x520 ./thirdparty/FreeRTOS/queue.o
 .debug_frame   0x0000000000003490      0x8fc ./thirdparty/FreeRTOS/tasks.o
 .debug_frame   0x0000000000003d8c      0x1d0 ./thirdparty/FreeRTOS/portable/GCC/ARM_CM4F/port.o
 .debug_frame   0x0000000000003f5c      0x12c ./thirdparty/FreeRTOS/portable/MemMang/heap_4.o
 .debug_frame   0x0000000000004088       0x48 ./thirdparty/SEGGER VIEW/CONFIG/SEGGER_SYSVIEW_Config_FreeRTOS.o
 .debug_frame   0x00000000000040d0       0xfc ./thirdparty/SEGGER VIEW/OS/SEGGER_SYSVIEW_FreeRTOS.o
 .debug_frame   0x00000000000041cc      0x178 ./thirdparty/SEGGER VIEW/REC/segger_uart.o
 .debug_frame   0x0000000000004344      0x530 ./thirdparty/SEGGER VIEW/SEGGER/SEGGER_RTT.o