15:59:01 **** Build of configuration Debug for project 07_freertos_led_switchPriority ****
make -j8 all 
arm-none-eabi-gcc "C:/Users/hoang/OneDrive - ut.edu.vn/Desktop/PROJECT/sample code/FREERTOS/workspace/thirdparty/FreeRTOS/portable/MemMang/heap_4.c" -mcpu=cortex-m4 -std=gnu11 -g3 -DDEBUG -DUSE_HAL_DRIVER -DSTM32F411xE -c -I../Drivers/STM32F4xx_HAL_Driver/Inc -I../Drivers/STM32F4xx_HAL_Driver/Inc/Legacy -I../Drivers/CMSIS/Device/ST/STM32F4xx/Include -I../Drivers/CMSIS/Include -I"C:/Users/hoang/OneDrive - ut.edu.vn/Desktop/PROJECT/sample code/FREERTOS/workspace/thirdparty/FreeRTOS/include" -I"C:/Users/hoang/OneDrive - ut.edu.vn/Desktop/PROJECT/sample code/FREERTOS/workspace/thirdparty/FreeRTOS/portable/GCC/ARM_CM4F" -I"C:/Users/hoang/OneDrive - ut.edu.vn/Desktop/PROJECT/sample code/FREERTOS/workspace/thirdparty/FreeRTOS" -I"C:/Users/hoang/OneDrive - ut.edu.vn/Desktop/PROJECT/sample code/FREERTOS/workspace/thirdparty/SEGGER VIEW/CONFIG" -I"C:/Users/hoang/OneDrive - ut.edu.vn/Desktop/PROJECT/sample code/FREERTOS/workspace/thirdparty/SEGGER VIEW/OS" -I"C:/Users/hoang/OneDrive - ut.edu.vn/Desktop/PROJECT/sample code/FREERTOS/workspace/thirdparty/SEGGER VIEW/SEGGER" -I"C:/Users/hoang/OneDrive - ut.edu.vn/Desktop/PROJECT/sample code/FREERTOS/workspace/thirdparty/SEGGER VIEW/REC" -I"C:/Users/hoang/OneDrive - ut.edu.vn/Desktop/PROJECT/sample code/FREERTOS/workspace/07_test2/Core/Inc" -O0 -ffunction-sections -fdata-sections -Wall -fstack-usage -MMD -MP -MF"thirdparty/FreeRTOS/portable/MemMang/heap_4.d" -MT"thirdparty/FreeRTOS/portable/MemMang/heap_4.o" --specs=nano.specs -mfpu=fpv4-sp-d16 -mfloat-abi=hard -mthumb -o "thirdparty/FreeRTOS/portable/MemMang/heap_4.o"
arm-none-eabi-gcc "C:/Users/hoang/OneDrive - ut.edu.vn/Desktop/PROJECT/sample code/FREERTOS/workspace/thirdparty/FreeRTOS/portable/GCC/ARM_CM4F/port.c" -mcpu=cortex-m4 -std=gnu11 -g3 -DDEBUG -DUSE_HAL_DRIVER -DSTM32F411xE -c -I../Drivers/STM32F4xx_HAL_Driver/Inc -I../Drivers/STM32F4xx_HAL_Driver/Inc/Legacy -I../Drivers/CMSIS/Device/ST/STM32F4xx/Include -I../Drivers/CMSIS/Include -I"C:/Users/hoang/OneDrive - ut.edu.vn/Desktop/PROJECT/sample code/FREERTOS/workspace/thirdparty/FreeRTOS/include" -I"C:/Users/hoang/OneDrive - ut.edu.vn/Desktop/PROJECT/sample code/FREERTOS/workspace/thirdparty/FreeRTOS/portable/GCC/ARM_CM4F" -I"C:/Users/hoang/OneDrive - ut.edu.vn/Desktop/PROJECT/sample code/FREERTOS/workspace/thirdparty/FreeRTOS" -I"C:/Users/hoang/OneDrive - ut.edu.vn/Desktop/PROJECT/sample code/FREERTOS/workspace/thirdparty/SEGGER VIEW/CONFIG" -I"C:/Users/hoang/OneDrive - ut.edu.vn/Desktop/PROJECT/sample code/FREERTOS/workspace/thirdparty/SEGGER VIEW/OS" -I"C:/Users/hoang/OneDrive - ut.edu.vn/Desktop/PROJECT/sample code/FREERTOS/workspace/thirdparty/SEGGER VIEW/SEGGER" -I"C:/Users/hoang/OneDrive - ut.edu.vn/Desktop/PROJECT/sample code/FREERTOS/workspace/thirdparty/SEGGER VIEW/REC" -I"C:/Users/hoang/OneDrive - ut.edu.vn/Desktop/PROJECT/sample code/FREERTOS/workspace/07_test2/Core/Inc" -O0 -ffunction-sections -fdata-sections -Wall -fstack-usage -MMD -MP -MF"thirdparty/FreeRTOS/portable/GCC/ARM_CM4F/port.d" -MT"thirdparty/FreeRTOS/portable/GCC/ARM_CM4F/port.o" --specs=nano.specs -mfpu=fpv4-sp-d16 -mfloat-abi=hard -mthumb -o "thirdparty/FreeRTOS/portable/GCC/ARM_CM4F/port.o"
arm-none-eabi-gcc "C:/Users/hoang/OneDrive - ut.edu.vn/Desktop/PROJECT/sample code/FREERTOS/workspace/thirdparty/FreeRTOS/croutine.c" -mcpu=cortex-m4 -std=gnu11 -g3 -DDEBUG -DUSE_HAL_DRIVER -DSTM32F411xE -c -I../Drivers/STM32F4xx_HAL_Driver/Inc -I../Drivers/STM32F4xx_HAL_Driver/Inc/Legacy -I../Drivers/CMSIS/Device/ST/STM32F4xx/Include -I../Drivers/CMSIS/Include -I"C:/Users/hoang/OneDrive - ut.edu.vn/Desktop/PROJECT/sample code/FREERTOS/workspace/thirdparty/FreeRTOS/include" -I"C:/Users/hoang/OneDrive - ut.edu.vn/Desktop/PROJECT/sample code/FREERTOS/workspace/thirdparty/FreeRTOS/portable/GCC/ARM_CM4F" -I"C:/Users/hoang/OneDrive - ut.edu.vn/Desktop/PROJECT/sample code/FREERTOS/workspace/thirdparty/FreeRTOS" -I"C:/Users/hoang/OneDrive - ut.edu.vn/Desktop/PROJECT/sample code/FREERTOS/workspace/thirdparty/SEGGER VIEW/CONFIG" -I"C:/Users/hoang/OneDrive - ut.edu.vn/Desktop/PROJECT/sample code/FREERTOS/workspace/thirdparty/SEGGER VIEW/OS" -I"C:/Users/hoang/OneDrive - ut.edu.vn/Desktop/PROJECT/sample code/FREERTOS/workspace/thirdparty/SEGGER VIEW/SEGGER" -I"C:/Users/hoang/OneDrive - ut.edu.vn/Desktop/PROJECT/sample code/FREERTOS/workspace/thirdparty/SEGGER VIEW/REC" -I"C:/Users/hoang/OneDrive - ut.edu.vn/Desktop/PROJECT/sample code/FREERTOS/workspace/07_test2/Core/Inc" -O0 -ffunction-sections -fdata-sections -Wall -fstack-usage -MMD -MP -MF"thirdparty/FreeRTOS/croutine.d" -MT"thirdparty/FreeRTOS/croutine.o" --specs=nano.specs -mfpu=fpv4-sp-d16 -mfloat-abi=hard -mthumb -o "thirdparty/FreeRTOS/croutine.o"
arm-none-eabi-gcc "C:/Users/hoang/OneDrive - ut.edu.vn/Desktop/PROJECT/sample code/FREERTOS/workspace/thirdparty/FreeRTOS/event_groups.c" -mcpu=cortex-m4 -std=gnu11 -g3 -DDEBUG -DUSE_HAL_DRIVER -DSTM32F411xE -c -I../Drivers/STM32F4xx_HAL_Driver/Inc -I../Drivers/STM32F4xx_HAL_Driver/Inc/Legacy -I../Drivers/CMSIS/Device/ST/STM32F4xx/Include -I../Drivers/CMSIS/Include -I"C:/Users/hoang/OneDrive - ut.edu.vn/Desktop/PROJECT/sample code/FREERTOS/workspace/thirdparty/FreeRTOS/include" -I"C:/Users/hoang/OneDrive - ut.edu.vn/Desktop/PROJECT/sample code/FREERTOS/workspace/thirdparty/FreeRTOS/portable/GCC/ARM_CM4F" -I"C:/Users/hoang/OneDrive - ut.edu.vn/Desktop/PROJECT/sample code/FREERTOS/workspace/thirdparty/FreeRTOS" -I"C:/Users/hoang/OneDrive - ut.edu.vn/Desktop/PROJECT/sample code/FREERTOS/workspace/thirdparty/SEGGER VIEW/CONFIG" -I"C:/Users/hoang/OneDrive - ut.edu.vn/Desktop/PROJECT/sample code/FREERTOS/workspace/thirdparty/SEGGER VIEW/OS" -I"C:/Users/hoang/OneDrive - ut.edu.vn/Desktop/PROJECT/sample code/FREERTOS/workspace/thirdparty/SEGGER VIEW/SEGGER" -I"C:/Users/hoang/OneDrive - ut.edu.vn/Desktop/PROJECT/sample code/FREERTOS/workspace/thirdparty/SEGGER VIEW/REC" -I"C:/Users/hoang/OneDrive - ut.edu.vn/Desktop/PROJECT/sample code/FREERTOS/workspace/07_test2/Core/Inc" -O0 -ffunction-sections -fdata-sections -Wall -fstack-usage -MMD -MP -MF"thirdparty/FreeRTOS/event_groups.d" -MT"thirdparty/FreeRTOS/event_groups.o" --specs=nano.specs -mfpu=fpv4-sp-d16 -mfloat-abi=hard -mthumb -o "thirdparty/FreeRTOS/event_groups.o"
arm-none-eabi-gcc "C:/Users/hoang/OneDrive - ut.edu.vn/Desktop/PROJECT/sample code/FREERTOS/workspace/thirdparty/FreeRTOS/queue.c" -mcpu=cortex-m4 -std=gnu11 -g3 -DDEBUG -DUSE_HAL_DRIVER -DSTM32F411xE -c -I../Drivers/STM32F4xx_HAL_Driver/Inc -I../Drivers/STM32F4xx_HAL_Driver/Inc/Legacy -I../Drivers/CMSIS/Device/ST/STM32F4xx/Include -I../Drivers/CMSIS/Include -I"C:/Users/hoang/OneDrive - ut.edu.vn/Desktop/PROJECT/sample code/FREERTOS/workspace/thirdparty/FreeRTOS/include" -I"C:/Users/hoang/OneDrive - ut.edu.vn/Desktop/PROJECT/sample code/FREERTOS/workspace/thirdparty/FreeRTOS/portable/GCC/ARM_CM4F" -I"C:/Users/hoang/OneDrive - ut.edu.vn/Desktop/PROJECT/sample code/FREERTOS/workspace/thirdparty/FreeRTOS" -I"C:/Users/hoang/OneDrive - ut.edu.vn/Desktop/PROJECT/sample code/FREERTOS/workspace/thirdparty/SEGGER VIEW/CONFIG" -I"C:/Users/hoang/OneDrive - ut.edu.vn/Desktop/PROJECT/sample code/FREERTOS/workspace/thirdparty/SEGGER VIEW/OS" -I"C:/Users/hoang/OneDrive - ut.edu.vn/Desktop/PROJECT/sample code/FREERTOS/workspace/thirdparty/SEGGER VIEW/SEGGER" -I"C:/Users/hoang/OneDrive - ut.edu.vn/Desktop/PROJECT/sample code/FREERTOS/workspace/thirdparty/SEGGER VIEW/REC" -I"C:/Users/hoang/OneDrive - ut.edu.vn/Desktop/PROJECT/sample code/FREERTOS/workspace/07_test2/Core/Inc" -O0 -ffunction-sections -fdata-sections -Wall -fstack-usage -MMD -MP -MF"thirdparty/FreeRTOS/queue.d" -MT"thirdparty/FreeRTOS/queue.o" --specs=nano.specs -mfpu=fpv4-sp-d16 -mfloat-abi=hard -mthumb -o "thirdparty/FreeRTOS/queue.o"
arm-none-eabi-gcc "C:/Users/hoang/OneDrive - ut.edu.vn/Desktop/PROJECT/sample code/FREERTOS/workspace/thirdparty/FreeRTOS/stream_buffer.c" -mcpu=cortex-m4 -std=gnu11 -g3 -DDEBUG -DUSE_HAL_DRIVER -DSTM32F411xE -c -I../Drivers/STM32F4xx_HAL_Driver/Inc -I../Drivers/STM32F4xx_HAL_Driver/Inc/Legacy -I../Drivers/CMSIS/Device/ST/STM32F4xx/Include -I../Drivers/CMSIS/Include -I"C:/Users/hoang/OneDrive - ut.edu.vn/Desktop/PROJECT/sample code/FREERTOS/workspace/thirdparty/FreeRTOS/include" -I"C:/Users/hoang/OneDrive - ut.edu.vn/Desktop/PROJECT/sample code/FREERTOS/workspace/thirdparty/FreeRTOS/portable/GCC/ARM_CM4F" -I"C:/Users/hoang/OneDrive - ut.edu.vn/Desktop/PROJECT/sample code/FREERTOS/workspace/thirdparty/FreeRTOS" -I"C:/Users/hoang/OneDrive - ut.edu.vn/Desktop/PROJECT/sample code/FREERTOS/workspace/thirdparty/SEGGER VIEW/CONFIG" -I"C:/Users/hoang/OneDrive - ut.edu.vn/Desktop/PROJECT/sample code/FREERTOS/workspace/thirdparty/SEGGER VIEW/OS" -I"C:/Users/hoang/OneDrive - ut.edu.vn/Desktop/PROJECT/sample code/FREERTOS/workspace/thirdparty/SEGGER VIEW/SEGGER" -I"C:/Users/hoang/OneDrive - ut.edu.vn/Desktop/PROJECT/sample code/FREERTOS/workspace/thirdparty/SEGGER VIEW/REC" -I"C:/Users/hoang/OneDrive - ut.edu.vn/Desktop/PROJECT/sample code/FREERTOS/workspace/07_test2/Core/Inc" -O0 -ffunction-sections -fdata-sections -Wall -fstack-usage -MMD -MP -MF"thirdparty/FreeRTOS/stream_buffer.d" -MT"thirdparty/FreeRTOS/stream_buffer.o" --specs=nano.specs -mfpu=fpv4-sp-d16 -mfloat-abi=hard -mthumb -o "thirdparty/FreeRTOS/stream_buffer.o"
arm-none-eabi-gcc "C:/Users/hoang/OneDrive - ut.edu.vn/Desktop/PROJECT/sample code/FREERTOS/workspace/thirdparty/FreeRTOS/tasks.c" -mcpu=cortex-m4 -std=gnu11 -g3 -DDEBUG -DUSE_HAL_DRIVER -DSTM32F411xE -c -I../Drivers/STM32F4xx_HAL_Driver/Inc -I../Drivers/STM32F4xx_HAL_Driver/Inc/Legacy -I../Drivers/CMSIS/Device/ST/STM32F4xx/Include -I../Drivers/CMSIS/Include -I"C:/Users/hoang/OneDrive - ut.edu.vn/Desktop/PROJECT/sample code/FREERTOS/workspace/thirdparty/FreeRTOS/include" -I"C:/Users/hoang/OneDrive - ut.edu.vn/Desktop/PROJECT/sample code/FREERTOS/workspace/thirdparty/FreeRTOS/portable/GCC/ARM_CM4F" -I"C:/Users/hoang/OneDrive - ut.edu.vn/Desktop/PROJECT/sample code/FREERTOS/workspace/thirdparty/FreeRTOS" -I"C:/Users/hoang/OneDrive - ut.edu.vn/Desktop/PROJECT/sample code/FREERTOS/workspace/thirdparty/SEGGER VIEW/CONFIG" -I"C:/Users/hoang/OneDrive - ut.edu.vn/Desktop/PROJECT/sample code/FREERTOS/workspace/thirdparty/SEGGER VIEW/OS" -I"C:/Users/hoang/OneDrive - ut.edu.vn/Desktop/PROJECT/sample code/FREERTOS/workspace/thirdparty/SEGGER VIEW/SEGGER" -I"C:/Users/hoang/OneDrive - ut.edu.vn/Desktop/PROJECT/sample code/FREERTOS/workspace/thirdparty/SEGGER VIEW/REC" -I"C:/Users/hoang/OneDrive - ut.edu.vn/Desktop/PROJECT/sample code/FREERTOS/workspace/07_test2/Core/Inc" -O0 -ffunction-sections -fdata-sections -Wall -fstack-usage -MMD -MP -MF"thirdparty/FreeRTOS/tasks.d" -MT"thirdparty/FreeRTOS/tasks.o" --specs=nano.specs -mfpu=fpv4-sp-d16 -mfloat-abi=hard -mthumb -o "thirdparty/FreeRTOS/tasks.o"
arm-none-eabi-gcc "C:/Users/hoang/OneDrive - ut.edu.vn/Desktop/PROJECT/sample code/FREERTOS/workspace/thirdparty/FreeRTOS/timers.c" -mcpu=cortex-m4 -std=gnu11 -g3 -DDEBUG -DUSE_HAL_DRIVER -DSTM32F411xE -c -I../Drivers/STM32F4xx_HAL_Driver/Inc -I../Drivers/STM32F4xx_HAL_Driver/Inc/Legacy -I../Drivers/CMSIS/Device/ST/STM32F4xx/Include -I../Drivers/CMSIS/Include -I"C:/Users/hoang/OneDrive - ut.edu.vn/Desktop/PROJECT/sample code/FREERTOS/workspace/thirdparty/FreeRTOS/include" -I"C:/Users/hoang/OneDrive - ut.edu.vn/Desktop/PROJECT/sample code/FREERTOS/workspace/thirdparty/FreeRTOS/portable/GCC/ARM_CM4F" -I"C:/Users/hoang/OneDrive - ut.edu.vn/Desktop/PROJECT/sample code/FREERTOS/workspace/thirdparty/FreeRTOS" -I"C:/Users/hoang/OneDrive - ut.edu.vn/Desktop/PROJECT/sample code/FREERTOS/workspace/thirdparty/SEGGER VIEW/CONFIG" -I"C:/Users/hoang/OneDrive - ut.edu.vn/Desktop/PROJECT/sample code/FREERTOS/workspace/thirdparty/SEGGER VIEW/OS" -I"C:/Users/hoang/OneDrive - ut.edu.vn/Desktop/PROJECT/sample code/FREERTOS/workspace/thirdparty/SEGGER VIEW/SEGGER" -I"C:/Users/hoang/OneDrive - ut.edu.vn/Desktop/PROJECT/sample code/FREERTOS/workspace/thirdparty/SEGGER VIEW/REC" -I"C:/Users/hoang/OneDrive - ut.edu.vn/Desktop/PROJECT/sample code/FREERTOS/workspace/07_test2/Core/Inc" -O0 -ffunction-sections -fdata-sections -Wall -fstack-usage -MMD -MP -MF"thirdparty/FreeRTOS/timers.d" -MT"thirdparty/FreeRTOS/timers.o" --specs=nano.specs -mfpu=fpv4-sp-d16 -mfloat-abi=hard -mthumb -o "thirdparty/FreeRTOS/timers.o"
arm-none-eabi-gcc "../Core/Src/main.c" -mcpu=cortex-m4 -std=gnu11 -g3 -DDEBUG -DUSE_HAL_DRIVER -DSTM32F411xE -c -I../Drivers/STM32F4xx_HAL_Driver/Inc -I../Drivers/STM32F4xx_HAL_Driver/Inc/Legacy -I../Drivers/CMSIS/Device/ST/STM32F4xx/Include -I../Drivers/CMSIS/Include -I"C:/Users/hoang/OneDrive - ut.edu.vn/Desktop/PROJECT/sample code/FREERTOS/workspace/thirdparty/FreeRTOS/include" -I"C:/Users/hoang/OneDrive - ut.edu.vn/Desktop/PROJECT/sample code/FREERTOS/workspace/thirdparty/FreeRTOS/portable/GCC/ARM_CM4F" -I"C:/Users/hoang/OneDrive - ut.edu.vn/Desktop/PROJECT/sample code/FREERTOS/workspace/thirdparty/FreeRTOS" -I"C:/Users/hoang/OneDrive - ut.edu.vn/Desktop/PROJECT/sample code/FREERTOS/workspace/thirdparty/SEGGER VIEW/CONFIG" -I"C:/Users/hoang/OneDrive - ut.edu.vn/Desktop/PROJECT/sample code/FREERTOS/workspace/thirdparty/SEGGER VIEW/OS" -I"C:/Users/hoang/OneDrive - ut.edu.vn/Desktop/PROJECT/sample code/FREERTOS/workspace/thirdparty/SEGGER VIEW/SEGGER" -I"C:/Users/hoang/OneDrive - ut.edu.vn/Desktop/PROJECT/sample code/FREERTOS/workspace/thirdparty/SEGGER VIEW/REC" -I"C:/Users/hoang/OneDrive - ut.edu.vn/Desktop/PROJECT/sample code/FREERTOS/workspace/07_test2/Core/Inc" -O0 -ffunction-sections -fdata-sections -Wall -fstack-usage -MMD -MP -MF"Core/Src/main.d" -MT"Core/Src/main.o" --specs=nano.specs -mfpu=fpv4-sp-d16 -mfloat-abi=hard -mthumb -o "Core/Src/main.o"
arm-none-eabi-gcc -o "07_freertos_led_switchPriority.elf" @"objects.list"   -mcpu=cortex-m4 -T"C:\Users\hoang\OneDrive - ut.edu.vn\Desktop\PROJECT\sample code\FREERTOS\workspace\07_test2\STM32F411VETX_FLASH.ld" --specs=nosys.specs -Wl,-Map="07_freertos_led_switchPriority.map" -Wl,--gc-sections -static --specs=nano.specs -mfpu=fpv4-sp-d16 -mfloat-abi=hard -mthumb -Wl,--start-group -lc -lm -Wl,--end-group
Finished building target: 07_freertos_led_switchPriority.elf
 
arm-none-eabi-size   07_freertos_led_switchPriority.elf 
arm-none-eabi-objdump -h -S  07_freertos_led_switchPriority.elf  > "07_freertos_led_switchPriority.list"
arm-none-eabi-objcopy  -O binary  07_freertos_led_switchPriority.elf  "07_freertos_led_switchPriority.bin"
   text	   data	    bss	    dec	    hex	filename
  22212	     36	  81548	 103796	  19574	07_freertos_led_switchPriority.elf
Finished building: default.size.stdout
 
Finished building: 07_freertos_led_switchPriority.bin
 
Finished building: 07_freertos_led_switchPriority.list
 

15:59:03 Build Finished. 0 errors, 0 warnings. (took 1s.690ms)

