16:05:24 **** Build of configuration Debug for project 10_freertos_6task ****
make -j8 all 
arm-none-eabi-gcc "C:/Users/hoang/OneDrive - ut.edu.vn/Desktop/PROJECT/sample code/FREERTOS/workspace/thirdparty/SEGGER VIEW/SEGGER/Syscalls/SEGGER_RTT_Syscalls_GCC.c" -mcpu=cortex-m4 -std=gnu11 -g3 -DDEBUG -DUSE_HAL_DRIVER -DSTM32F411xE -c -I../Drivers/STM32F4xx_HAL_Driver/Inc -I../Drivers/STM32F4xx_HAL_Driver/Inc/Legacy -I../Drivers/CMSIS/Device/ST/STM32F4xx/Include -I../Drivers/CMSIS/Include -I"C:/Users/hoang/OneDrive - ut.edu.vn/Desktop/PROJECT/sample code/FREERTOS/workspace/thirdparty/FreeRTOS/include" -I"C:/Users/hoang/OneDrive - ut.edu.vn/Desktop/PROJECT/sample code/FREERTOS/workspace/thirdparty/FreeRTOS/portable/GCC/ARM_CM4F" -I"C:/Users/hoang/OneDrive - ut.edu.vn/Desktop/PROJECT/sample code/FREERTOS/workspace/thirdparty/FreeRTOS" -I"C:/Users/hoang/OneDrive - ut.edu.vn/Desktop/PROJECT/sample code/FREERTOS/workspace/thirdparty/SEGGER VIEW/CONFIG" -I"C:/Users/hoang/OneDrive - ut.edu.vn/Desktop/PROJECT/sample code/FREERTOS/workspace/thirdparty/SEGGER VIEW/OS" -I"C:/Users/hoang/OneDrive - ut.edu.vn/Desktop/PROJECT/sample code/FREERTOS/workspace/thirdparty/SEGGER VIEW/SEGGER" -I"C:/Users/hoang/OneDrive - ut.edu.vn/Desktop/PROJECT/sample code/FREERTOS/workspace/thirdparty/SEGGER VIEW/REC" -I../Core/Inc -O0 -ffunction-sections -fdata-sections -Wall -fstack-usage -MMD -MP -MF"thirdparty/SEGGER VIEW/SEGGER/Syscalls/SEGGER_RTT_Syscalls_GCC.d" -MT"thirdparty/SEGGER VIEW/SEGGER/Syscalls/SEGGER_RTT_Syscalls_GCC.o" --specs=nano.specs -mfpu=fpv4-sp-d16 -mfloat-abi=hard -mthumb -o "thirdparty/SEGGER VIEW/SEGGER/Syscalls/SEGGER_RTT_Syscalls_GCC.o"
arm-none-eabi-gcc "C:/Users/hoang/OneDrive - ut.edu.vn/Desktop/PROJECT/sample code/FREERTOS/workspace/thirdparty/SEGGER VIEW/SEGGER/SEGGER_RTT.c" -mcpu=cortex-m4 -std=gnu11 -g3 -DDEBUG -DUSE_HAL_DRIVER -DSTM32F411xE -c -I../Drivers/STM32F4xx_HAL_Driver/Inc -I../Drivers/STM32F4xx_HAL_Driver/Inc/Legacy -I../Drivers/CMSIS/Device/ST/STM32F4xx/Include -I../Drivers/CMSIS/Include -I"C:/Users/hoang/OneDrive - ut.edu.vn/Desktop/PROJECT/sample code/FREERTOS/workspace/thirdparty/FreeRTOS/include" -I"C:/Users/hoang/OneDrive - ut.edu.vn/Desktop/PROJECT/sample code/FREERTOS/workspace/thirdparty/FreeRTOS/portable/GCC/ARM_CM4F" -I"C:/Users/hoang/OneDrive - ut.edu.vn/Desktop/PROJECT/sample code/FREERTOS/workspace/thirdparty/FreeRTOS" -I"C:/Users/hoang/OneDrive - ut.edu.vn/Desktop/PROJECT/sample code/FREERTOS/workspace/thirdparty/SEGGER VIEW/CONFIG" -I"C:/Users/hoang/OneDrive - ut.edu.vn/Desktop/PROJECT/sample code/FREERTOS/workspace/thirdparty/SEGGER VIEW/OS" -I"C:/Users/hoang/OneDrive - ut.edu.vn/Desktop/PROJECT/sample code/FREERTOS/workspace/thirdparty/SEGGER VIEW/SEGGER" -I"C:/Users/hoang/OneDrive - ut.edu.vn/Desktop/PROJECT/sample code/FREERTOS/workspace/thirdparty/SEGGER VIEW/REC" -I../Core/Inc -O0 -ffunction-sections -fdata-sections -Wall -fstack-usage -MMD -MP -MF"thirdparty/SEGGER VIEW/SEGGER/SEGGER_RTT.d" -MT"thirdparty/SEGGER VIEW/SEGGER/SEGGER_RTT.o" --specs=nano.specs -mfpu=fpv4-sp-d16 -mfloat-abi=hard -mthumb -o "thirdparty/SEGGER VIEW/SEGGER/SEGGER_RTT.o"
arm-none-eabi-gcc -mcpu=cortex-m4 -g3 -DDEBUG -c -I"C:/Users/hoang/OneDrive - ut.edu.vn/Desktop/PROJECT/sample code/FREERTOS/workspace/thirdparty/SEGGER VIEW/CONFIG" -I"C:/Users/hoang/OneDrive - ut.edu.vn/Desktop/PROJECT/sample code/FREERTOS/workspace/thirdparty/SEGGER VIEW/SEGGER" -x assembler-with-cpp -MMD -MP -MF"thirdparty/SEGGER VIEW/SEGGER/SEGGER_RTT_ASM_ARMv7M.d" -MT"thirdparty/SEGGER VIEW/SEGGER/SEGGER_RTT_ASM_ARMv7M.o" --specs=nano.specs -mfpu=fpv4-sp-d16 -mfloat-abi=hard -mthumb -o "thirdparty/SEGGER VIEW/SEGGER/SEGGER_RTT_ASM_ARMv7M.o" "C:/Users/hoang/OneDrive - ut.edu.vn/Desktop/PROJECT/sample code/FREERTOS/workspace/thirdparty/SEGGER VIEW/SEGGER/SEGGER_RTT_ASM_ARMv7M.S"
arm-none-eabi-gcc "C:/Users/hoang/OneDrive - ut.edu.vn/Desktop/PROJECT/sample code/FREERTOS/workspace/thirdparty/SEGGER VIEW/SEGGER/SEGGER_RTT_printf.c" -mcpu=cortex-m4 -std=gnu11 -g3 -DDEBUG -DUSE_HAL_DRIVER -DSTM32F411xE -c -I../Drivers/STM32F4xx_HAL_Driver/Inc -I../Drivers/STM32F4xx_HAL_Driver/Inc/Legacy -I../Drivers/CMSIS/Device/ST/STM32F4xx/Include -I../Drivers/CMSIS/Include -I"C:/Users/hoang/OneDrive - ut.edu.vn/Desktop/PROJECT/sample code/FREERTOS/workspace/thirdparty/FreeRTOS/include" -I"C:/Users/hoang/OneDrive - ut.edu.vn/Desktop/PROJECT/sample code/FREERTOS/workspace/thirdparty/FreeRTOS/portable/GCC/ARM_CM4F" -I"C:/Users/hoang/OneDrive - ut.edu.vn/Desktop/PROJECT/sample code/FREERTOS/workspace/thirdparty/FreeRTOS" -I"C:/Users/hoang/OneDrive - ut.edu.vn/Desktop/PROJECT/sample code/FREERTOS/workspace/thirdparty/SEGGER VIEW/CONFIG" -I"C:/Users/hoang/OneDrive - ut.edu.vn/Desktop/PROJECT/sample code/FREERTOS/workspace/thirdparty/SEGGER VIEW/OS" -I"C:/Users/hoang/OneDrive - ut.edu.vn/Desktop/PROJECT/sample code/FREERTOS/workspace/thirdparty/SEGGER VIEW/SEGGER" -I"C:/Users/hoang/OneDrive - ut.edu.vn/Desktop/PROJECT/sample code/FREERTOS/workspace/thirdparty/SEGGER VIEW/REC" -I../Core/Inc -O0 -ffunction-sections -fdata-sections -Wall -fstack-usage -MMD -MP -MF"thirdparty/SEGGER VIEW/SEGGER/SEGGER_RTT_printf.d" -MT"thirdparty/SEGGER VIEW/SEGGER/SEGGER_RTT_printf.o" --specs=nano.specs -mfpu=fpv4-sp-d16 -mfloat-abi=hard -mthumb -o "thirdparty/SEGGER VIEW/SEGGER/SEGGER_RTT_printf.o"
arm-none-eabi-gcc "C:/Users/hoang/OneDrive - ut.edu.vn/Desktop/PROJECT/sample code/FREERTOS/workspace/thirdparty/SEGGER VIEW/SEGGER/SEGGER_SYSVIEW.c" -mcpu=cortex-m4 -std=gnu11 -g3 -DDEBUG -DUSE_HAL_DRIVER -DSTM32F411xE -c -I../Drivers/STM32F4xx_HAL_Driver/Inc -I../Drivers/STM32F4xx_HAL_Driver/Inc/Legacy -I../Drivers/CMSIS/Device/ST/STM32F4xx/Include -I../Drivers/CMSIS/Include -I"C:/Users/hoang/OneDrive - ut.edu.vn/Desktop/PROJECT/sample code/FREERTOS/workspace/thirdparty/FreeRTOS/include" -I"C:/Users/hoang/OneDrive - ut.edu.vn/Desktop/PROJECT/sample code/FREERTOS/workspace/thirdparty/FreeRTOS/portable/GCC/ARM_CM4F" -I"C:/Users/hoang/OneDrive - ut.edu.vn/Desktop/PROJECT/sample code/FREERTOS/workspace/thirdparty/FreeRTOS" -I"C:/Users/hoang/OneDrive - ut.edu.vn/Desktop/PROJECT/sample code/FREERTOS/workspace/thirdparty/SEGGER VIEW/CONFIG" -I"C:/Users/hoang/OneDrive - ut.edu.vn/Desktop/PROJECT/sample code/FREERTOS/workspace/thirdparty/SEGGER VIEW/OS" -I"C:/Users/hoang/OneDrive - ut.edu.vn/Desktop/PROJECT/sample code/FREERTOS/workspace/thirdparty/SEGGER VIEW/SEGGER" -I"C:/Users/hoang/OneDrive - ut.edu.vn/Desktop/PROJECT/sample code/FREERTOS/workspace/thirdparty/SEGGER VIEW/REC" -I../Core/Inc -O0 -ffunction-sections -fdata-sections -Wall -fstack-usage -MMD -MP -MF"thirdparty/SEGGER VIEW/SEGGER/SEGGER_SYSVIEW.d" -MT"thirdparty/SEGGER VIEW/SEGGER/SEGGER_SYSVIEW.o" --specs=nano.specs -mfpu=fpv4-sp-d16 -mfloat-abi=hard -mthumb -o "thirdparty/SEGGER VIEW/SEGGER/SEGGER_SYSVIEW.o"
arm-none-eabi-gcc "C:/Users/hoang/OneDrive - ut.edu.vn/Desktop/PROJECT/sample code/FREERTOS/workspace/thirdparty/SEGGER VIEW/REC/segger_uart.c" -mcpu=cortex-m4 -std=gnu11 -g3 -DDEBUG -DUSE_HAL_DRIVER -DSTM32F411xE -c -I../Drivers/STM32F4xx_HAL_Driver/Inc -I../Drivers/STM32F4xx_HAL_Driver/Inc/Legacy -I../Drivers/CMSIS/Device/ST/STM32F4xx/Include -I../Drivers/CMSIS/Include -I"C:/Users/hoang/OneDrive - ut.edu.vn/Desktop/PROJECT/sample code/FREERTOS/workspace/thirdparty/FreeRTOS/include" -I"C:/Users/hoang/OneDrive - ut.edu.vn/Desktop/PROJECT/sample code/FREERTOS/workspace/thirdparty/FreeRTOS/portable/GCC/ARM_CM4F" -I"C:/Users/hoang/OneDrive - ut.edu.vn/Desktop/PROJECT/sample code/FREERTOS/workspace/thirdparty/FreeRTOS" -I"C:/Users/hoang/OneDrive - ut.edu.vn/Desktop/PROJECT/sample code/FREERTOS/workspace/thirdparty/SEGGER VIEW/CONFIG" -I"C:/Users/hoang/OneDrive - ut.edu.vn/Desktop/PROJECT/sample code/FREERTOS/workspace/thirdparty/SEGGER VIEW/OS" -I"C:/Users/hoang/OneDrive - ut.edu.vn/Desktop/PROJECT/sample code/FREERTOS/workspace/thirdparty/SEGGER VIEW/SEGGER" -I"C:/Users/hoang/OneDrive - ut.edu.vn/Desktop/PROJECT/sample code/FREERTOS/workspace/thirdparty/SEGGER VIEW/REC" -I../Core/Inc -O0 -ffunction-sections -fdata-sections -Wall -fstack-usage -MMD -MP -MF"thirdparty/SEGGER VIEW/REC/segger_uart.d" -MT"thirdparty/SEGGER VIEW/REC/segger_uart.o" --specs=nano.specs -mfpu=fpv4-sp-d16 -mfloat-abi=hard -mthumb -o "thirdparty/SEGGER VIEW/REC/segger_uart.o"
arm-none-eabi-gcc "C:/Users/hoang/OneDrive - ut.edu.vn/Desktop/PROJECT/sample code/FREERTOS/workspace/thirdparty/SEGGER VIEW/OS/SEGGER_SYSVIEW_FreeRTOS.c" -mcpu=cortex-m4 -std=gnu11 -g3 -DDEBUG -DUSE_HAL_DRIVER -DSTM32F411xE -c -I../Drivers/STM32F4xx_HAL_Driver/Inc -I../Drivers/STM32F4xx_HAL_Driver/Inc/Legacy -I../Drivers/CMSIS/Device/ST/STM32F4xx/Include -I../Drivers/CMSIS/Include -I"C:/Users/hoang/OneDrive - ut.edu.vn/Desktop/PROJECT/sample code/FREERTOS/workspace/thirdparty/FreeRTOS/include" -I"C:/Users/hoang/OneDrive - ut.edu.vn/Desktop/PROJECT/sample code/FREERTOS/workspace/thirdparty/FreeRTOS/portable/GCC/ARM_CM4F" -I"C:/Users/hoang/OneDrive - ut.edu.vn/Desktop/PROJECT/sample code/FREERTOS/workspace/thirdparty/FreeRTOS" -I"C:/Users/hoang/OneDrive - ut.edu.vn/Desktop/PROJECT/sample code/FREERTOS/workspace/thirdparty/SEGGER VIEW/CONFIG" -I"C:/Users/hoang/OneDrive - ut.edu.vn/Desktop/PROJECT/sample code/FREERTOS/workspace/thirdparty/SEGGER VIEW/OS" -I"C:/Users/hoang/OneDrive - ut.edu.vn/Desktop/PROJECT/sample code/FREERTOS/workspace/thirdparty/SEGGER VIEW/SEGGER" -I"C:/Users/hoang/OneDrive - ut.edu.vn/Desktop/PROJECT/sample code/FREERTOS/workspace/thirdparty/SEGGER VIEW/REC" -I../Core/Inc -O0 -ffunction-sections -fdata-sections -Wall -fstack-usage -MMD -MP -MF"thirdparty/SEGGER VIEW/OS/SEGGER_SYSVIEW_FreeRTOS.d" -MT"thirdparty/SEGGER VIEW/OS/SEGGER_SYSVIEW_FreeRTOS.o" --specs=nano.specs -mfpu=fpv4-sp-d16 -mfloat-abi=hard -mthumb -o "thirdparty/SEGGER VIEW/OS/SEGGER_SYSVIEW_FreeRTOS.o"
arm-none-eabi-gcc "C:/Users/hoang/OneDrive - ut.edu.vn/Desktop/PROJECT/sample code/FREERTOS/workspace/thirdparty/SEGGER VIEW/CONFIG/SEGGER_SYSVIEW_Config_FreeRTOS.c" -mcpu=cortex-m4 -std=gnu11 -g3 -DDEBUG -DUSE_HAL_DRIVER -DSTM32F411xE -c -I../Drivers/STM32F4xx_HAL_Driver/Inc -I../Drivers/STM32F4xx_HAL_Driver/Inc/Legacy -I../Drivers/CMSIS/Device/ST/STM32F4xx/Include -I../Drivers/CMSIS/Include -I"C:/Users/hoang/OneDrive - ut.edu.vn/Desktop/PROJECT/sample code/FREERTOS/workspace/thirdparty/FreeRTOS/include" -I"C:/Users/hoang/OneDrive - ut.edu.vn/Desktop/PROJECT/sample code/FREERTOS/workspace/thirdparty/FreeRTOS/portable/GCC/ARM_CM4F" -I"C:/Users/hoang/OneDrive - ut.edu.vn/Desktop/PROJECT/sample code/FREERTOS/workspace/thirdparty/FreeRTOS" -I"C:/Users/hoang/OneDrive - ut.edu.vn/Desktop/PROJECT/sample code/FREERTOS/workspace/thirdparty/SEGGER VIEW/CONFIG" -I"C:/Users/hoang/OneDrive - ut.edu.vn/Desktop/PROJECT/sample code/FREERTOS/workspace/thirdparty/SEGGER VIEW/OS" -I"C:/Users/hoang/OneDrive - ut.edu.vn/Desktop/PROJECT/sample code/FREERTOS/workspace/thirdparty/SEGGER VIEW/SEGGER" -I"C:/Users/hoang/OneDrive - ut.edu.vn/Desktop/PROJECT/sample code/FREERTOS/workspace/thirdparty/SEGGER VIEW/REC" -I../Core/Inc -O0 -ffunction-sections -fdata-sections -Wall -fstack-usage -MMD -MP -MF"thirdparty/SEGGER VIEW/CONFIG/SEGGER_SYSVIEW_Config_FreeRTOS.d" -MT"thirdparty/SEGGER VIEW/CONFIG/SEGGER_SYSVIEW_Config_FreeRTOS.o" --specs=nano.specs -mfpu=fpv4-sp-d16 -mfloat-abi=hard -mthumb -o "thirdparty/SEGGER VIEW/CONFIG/SEGGER_SYSVIEW_Config_FreeRTOS.o"
arm-none-eabi-gcc "C:/Users/hoang/OneDrive - ut.edu.vn/Desktop/PROJECT/sample code/FREERTOS/workspace/thirdparty/FreeRTOS/portable/MemMang/heap_4.c" -mcpu=cortex-m4 -std=gnu11 -g3 -DDEBUG -DUSE_HAL_DRIVER -DSTM32F411xE -c -I../Drivers/STM32F4xx_HAL_Driver/Inc -I../Drivers/STM32F4xx_HAL_Driver/Inc/Legacy -I../Drivers/CMSIS/Device/ST/STM32F4xx/Include -I../Drivers/CMSIS/Include -I"C:/Users/hoang/OneDrive - ut.edu.vn/Desktop/PROJECT/sample code/FREERTOS/workspace/thirdparty/FreeRTOS/include" -I"C:/Users/hoang/OneDrive - ut.edu.vn/Desktop/PROJECT/sample code/FREERTOS/workspace/thirdparty/FreeRTOS/portable/GCC/ARM_CM4F" -I"C:/Users/hoang/OneDrive - ut.edu.vn/Desktop/PROJECT/sample code/FREERTOS/workspace/thirdparty/FreeRTOS" -I"C:/Users/hoang/OneDrive - ut.edu.vn/Desktop/PROJECT/sample code/FREERTOS/workspace/thirdparty/SEGGER VIEW/CONFIG" -I"C:/Users/hoang/OneDrive - ut.edu.vn/Desktop/PROJECT/sample code/FREERTOS/workspace/thirdparty/SEGGER VIEW/OS" -I"C:/Users/hoang/OneDrive - ut.edu.vn/Desktop/PROJECT/sample code/FREERTOS/workspace/thirdparty/SEGGER VIEW/SEGGER" -I"C:/Users/hoang/OneDrive - ut.edu.vn/Desktop/PROJECT/sample code/FREERTOS/workspace/thirdparty/SEGGER VIEW/REC" -I../Core/Inc -O0 -ffunction-sections -fdata-sections -Wall -fstack-usage -MMD -MP -MF"thirdparty/FreeRTOS/portable/MemMang/heap_4.d" -MT"thirdparty/FreeRTOS/portable/MemMang/heap_4.o" --specs=nano.specs -mfpu=fpv4-sp-d16 -mfloat-abi=hard -mthumb -o "thirdparty/FreeRTOS/portable/MemMang/heap_4.o"
arm-none-eabi-gcc "C:/Users/hoang/OneDrive - ut.edu.vn/Desktop/PROJECT/sample code/FREERTOS/workspace/thirdparty/FreeRTOS/portable/GCC/ARM_CM4F/port.c" -mcpu=cortex-m4 -std=gnu11 -g3 -DDEBUG -DUSE_HAL_DRIVER -DSTM32F411xE -c -I../Drivers/STM32F4xx_HAL_Driver/Inc -I../Drivers/STM32F4xx_HAL_Driver/Inc/Legacy -I../Drivers/CMSIS/Device/ST/STM32F4xx/Include -I../Drivers/CMSIS/Include -I"C:/Users/hoang/OneDrive - ut.edu.vn/Desktop/PROJECT/sample code/FREERTOS/workspace/thirdparty/FreeRTOS/include" -I"C:/Users/hoang/OneDrive - ut.edu.vn/Desktop/PROJECT/sample code/FREERTOS/workspace/thirdparty/FreeRTOS/portable/GCC/ARM_CM4F" -I"C:/Users/hoang/OneDrive - ut.edu.vn/Desktop/PROJECT/sample code/FREERTOS/workspace/thirdparty/FreeRTOS" -I"C:/Users/hoang/OneDrive - ut.edu.vn/Desktop/PROJECT/sample code/FREERTOS/workspace/thirdparty/SEGGER VIEW/CONFIG" -I"C:/Users/hoang/OneDrive - ut.edu.vn/Desktop/PROJECT/sample code/FREERTOS/workspace/thirdparty/SEGGER VIEW/OS" -I"C:/Users/hoang/OneDrive - ut.edu.vn/Desktop/PROJECT/sample code/FREERTOS/workspace/thirdparty/SEGGER VIEW/SEGGER" -I"C:/Users/hoang/OneDrive - ut.edu.vn/Desktop/PROJECT/sample code/FREERTOS/workspace/thirdparty/SEGGER VIEW/REC" -I../Core/Inc -O0 -ffunction-sections -fdata-sections -Wall -fstack-usage -MMD -MP -MF"thirdparty/FreeRTOS/portable/GCC/ARM_CM4F/port.d" -MT"thirdparty/FreeRTOS/portable/GCC/ARM_CM4F/port.o" --specs=nano.specs -mfpu=fpv4-sp-d16 -mfloat-abi=hard -mthumb -o "thirdparty/FreeRTOS/portable/GCC/ARM_CM4F/port.o"
arm-none-eabi-gcc "C:/Users/hoang/OneDrive - ut.edu.vn/Desktop/PROJECT/sample code/FREERTOS/workspace/thirdparty/FreeRTOS/croutine.c" -mcpu=cortex-m4 -std=gnu11 -g3 -DDEBUG -DUSE_HAL_DRIVER -DSTM32F411xE -c -I../Drivers/STM32F4xx_HAL_Driver/Inc -I../Drivers/STM32F4xx_HAL_Driver/Inc/Legacy -I../Drivers/CMSIS/Device/ST/STM32F4xx/Include -I../Drivers/CMSIS/Include -I"C:/Users/hoang/OneDrive - ut.edu.vn/Desktop/PROJECT/sample code/FREERTOS/workspace/thirdparty/FreeRTOS/include" -I"C:/Users/hoang/OneDrive - ut.edu.vn/Desktop/PROJECT/sample code/FREERTOS/workspace/thirdparty/FreeRTOS/portable/GCC/ARM_CM4F" -I"C:/Users/hoang/OneDrive - ut.edu.vn/Desktop/PROJECT/sample code/FREERTOS/workspace/thirdparty/FreeRTOS" -I"C:/Users/hoang/OneDrive - ut.edu.vn/Desktop/PROJECT/sample code/FREERTOS/workspace/thirdparty/SEGGER VIEW/CONFIG" -I"C:/Users/hoang/OneDrive - ut.edu.vn/Desktop/PROJECT/sample code/FREERTOS/workspace/thirdparty/SEGGER VIEW/OS" -I"C:/Users/hoang/OneDrive - ut.edu.vn/Desktop/PROJECT/sample code/FREERTOS/workspace/thirdparty/SEGGER VIEW/SEGGER" -I"C:/Users/hoang/OneDrive - ut.edu.vn/Desktop/PROJECT/sample code/FREERTOS/workspace/thirdparty/SEGGER VIEW/REC" -I../Core/Inc -O0 -ffunction-sections -fdata-sections -Wall -fstack-usage -MMD -MP -MF"thirdparty/FreeRTOS/croutine.d" -MT"thirdparty/FreeRTOS/croutine.o" --specs=nano.specs -mfpu=fpv4-sp-d16 -mfloat-abi=hard -mthumb -o "thirdparty/FreeRTOS/croutine.o"
arm-none-eabi-gcc "C:/Users/hoang/OneDrive - ut.edu.vn/Desktop/PROJECT/sample code/FREERTOS/workspace/thirdparty/FreeRTOS/event_groups.c" -mcpu=cortex-m4 -std=gnu11 -g3 -DDEBUG -DUSE_HAL_DRIVER -DSTM32F411xE -c -I../Drivers/STM32F4xx_HAL_Driver/Inc -I../Drivers/STM32F4xx_HAL_Driver/Inc/Legacy -I../Drivers/CMSIS/Device/ST/STM32F4xx/Include -I../Drivers/CMSIS/Include -I"C:/Users/hoang/OneDrive - ut.edu.vn/Desktop/PROJECT/sample code/FREERTOS/workspace/thirdparty/FreeRTOS/include" -I"C:/Users/hoang/OneDrive - ut.edu.vn/Desktop/PROJECT/sample code/FREERTOS/workspace/thirdparty/FreeRTOS/portable/GCC/ARM_CM4F" -I"C:/Users/hoang/OneDrive - ut.edu.vn/Desktop/PROJECT/sample code/FREERTOS/workspace/thirdparty/FreeRTOS" -I"C:/Users/hoang/OneDrive - ut.edu.vn/Desktop/PROJECT/sample code/FREERTOS/workspace/thirdparty/SEGGER VIEW/CONFIG" -I"C:/Users/hoang/OneDrive - ut.edu.vn/Desktop/PROJECT/sample code/FREERTOS/workspace/thirdparty/SEGGER VIEW/OS" -I"C:/Users/hoang/OneDrive - ut.edu.vn/Desktop/PROJECT/sample code/FREERTOS/workspace/thirdparty/SEGGER VIEW/SEGGER" -I"C:/Users/hoang/OneDrive - ut.edu.vn/Desktop/PROJECT/sample code/FREERTOS/workspace/thirdparty/SEGGER VIEW/REC" -I../Core/Inc -O0 -ffunction-sections -fdata-sections -Wall -fstack-usage -MMD -MP -MF"thirdparty/FreeRTOS/event_groups.d" -MT"thirdparty/FreeRTOS/event_groups.o" --specs=nano.specs -mfpu=fpv4-sp-d16 -mfloat-abi=hard -mthumb -o "thirdparty/FreeRTOS/event_groups.o"
arm-none-eabi-gcc "C:/Users/hoang/OneDrive - ut.edu.vn/Desktop/PROJECT/sample code/FREERTOS/workspace/thirdparty/FreeRTOS/list.c" -mcpu=cortex-m4 -std=gnu11 -g3 -DDEBUG -DUSE_HAL_DRIVER -DSTM32F411xE -c -I../Drivers/STM32F4xx_HAL_Driver/Inc -I../Drivers/STM32F4xx_HAL_Driver/Inc/Legacy -I../Drivers/CMSIS/Device/ST/STM32F4xx/Include -I../Drivers/CMSIS/Include -I"C:/Users/hoang/OneDrive - ut.edu.vn/Desktop/PROJECT/sample code/FREERTOS/workspace/thirdparty/FreeRTOS/include" -I"C:/Users/hoang/OneDrive - ut.edu.vn/Desktop/PROJECT/sample code/FREERTOS/workspace/thirdparty/FreeRTOS/portable/GCC/ARM_CM4F" -I"C:/Users/hoang/OneDrive - ut.edu.vn/Desktop/PROJECT/sample code/FREERTOS/workspace/thirdparty/FreeRTOS" -I"C:/Users/hoang/OneDrive - ut.edu.vn/Desktop/PROJECT/sample code/FREERTOS/workspace/thirdparty/SEGGER VIEW/CONFIG" -I"C:/Users/hoang/OneDrive - ut.edu.vn/Desktop/PROJECT/sample code/FREERTOS/workspace/thirdparty/SEGGER VIEW/OS" -I"C:/Users/hoang/OneDrive - ut.edu.vn/Desktop/PROJECT/sample code/FREERTOS/workspace/thirdparty/SEGGER VIEW/SEGGER" -I"C:/Users/hoang/OneDrive - ut.edu.vn/Desktop/PROJECT/sample code/FREERTOS/workspace/thirdparty/SEGGER VIEW/REC" -I../Core/Inc -O0 -ffunction-sections -fdata-sections -Wall -fstack-usage -MMD -MP -MF"thirdparty/FreeRTOS/list.d" -MT"thirdparty/FreeRTOS/list.o" --specs=nano.specs -mfpu=fpv4-sp-d16 -mfloat-abi=hard -mthumb -o "thirdparty/FreeRTOS/list.o"
arm-none-eabi-gcc "C:/Users/hoang/OneDrive - ut.edu.vn/Desktop/PROJECT/sample code/FREERTOS/workspace/thirdparty/FreeRTOS/queue.c" -mcpu=cortex-m4 -std=gnu11 -g3 -DDEBUG -DUSE_HAL_DRIVER -DSTM32F411xE -c -I../Drivers/STM32F4xx_HAL_Driver/Inc -I../Drivers/STM32F4xx_HAL_Driver/Inc/Legacy -I../Drivers/CMSIS/Device/ST/STM32F4xx/Include -I../Drivers/CMSIS/Include -I"C:/Users/hoang/OneDrive - ut.edu.vn/Desktop/PROJECT/sample code/FREERTOS/workspace/thirdparty/FreeRTOS/include" -I"C:/Users/hoang/OneDrive - ut.edu.vn/Desktop/PROJECT/sample code/FREERTOS/workspace/thirdparty/FreeRTOS/portable/GCC/ARM_CM4F" -I"C:/Users/hoang/OneDrive - ut.edu.vn/Desktop/PROJECT/sample code/FREERTOS/workspace/thirdparty/FreeRTOS" -I"C:/Users/hoang/OneDrive - ut.edu.vn/Desktop/PROJECT/sample code/FREERTOS/workspace/thirdparty/SEGGER VIEW/CONFIG" -I"C:/Users/hoang/OneDrive - ut.edu.vn/Desktop/PROJECT/sample code/FREERTOS/workspace/thirdparty/SEGGER VIEW/OS" -I"C:/Users/hoang/OneDrive - ut.edu.vn/Desktop/PROJECT/sample code/FREERTOS/workspace/thirdparty/SEGGER VIEW/SEGGER" -I"C:/Users/hoang/OneDrive - ut.edu.vn/Desktop/PROJECT/sample code/FREERTOS/workspace/thirdparty/SEGGER VIEW/REC" -I../Core/Inc -O0 -ffunction-sections -fdata-sections -Wall -fstack-usage -MMD -MP -MF"thirdparty/FreeRTOS/queue.d" -MT"thirdparty/FreeRTOS/queue.o" --specs=nano.specs -mfpu=fpv4-sp-d16 -mfloat-abi=hard -mthumb -o "thirdparty/FreeRTOS/queue.o"
arm-none-eabi-gcc "C:/Users/hoang/OneDrive - ut.edu.vn/Desktop/PROJECT/sample code/FREERTOS/workspace/thirdparty/FreeRTOS/stream_buffer.c" -mcpu=cortex-m4 -std=gnu11 -g3 -DDEBUG -DUSE_HAL_DRIVER -DSTM32F411xE -c -I../Drivers/STM32F4xx_HAL_Driver/Inc -I../Drivers/STM32F4xx_HAL_Driver/Inc/Legacy -I../Drivers/CMSIS/Device/ST/STM32F4xx/Include -I../Drivers/CMSIS/Include -I"C:/Users/hoang/OneDrive - ut.edu.vn/Desktop/PROJECT/sample code/FREERTOS/workspace/thirdparty/FreeRTOS/include" -I"C:/Users/hoang/OneDrive - ut.edu.vn/Desktop/PROJECT/sample code/FREERTOS/workspace/thirdparty/FreeRTOS/portable/GCC/ARM_CM4F" -I"C:/Users/hoang/OneDrive - ut.edu.vn/Desktop/PROJECT/sample code/FREERTOS/workspace/thirdparty/FreeRTOS" -I"C:/Users/hoang/OneDrive - ut.edu.vn/Desktop/PROJECT/sample code/FREERTOS/workspace/thirdparty/SEGGER VIEW/CONFIG" -I"C:/Users/hoang/OneDrive - ut.edu.vn/Desktop/PROJECT/sample code/FREERTOS/workspace/thirdparty/SEGGER VIEW/OS" -I"C:/Users/hoang/OneDrive - ut.edu.vn/Desktop/PROJECT/sample code/FREERTOS/workspace/thirdparty/SEGGER VIEW/SEGGER" -I"C:/Users/hoang/OneDrive - ut.edu.vn/Desktop/PROJECT/sample code/FREERTOS/workspace/thirdparty/SEGGER VIEW/REC" -I../Core/Inc -O0 -ffunction-sections -fdata-sections -Wall -fstack-usage -MMD -MP -MF"thirdparty/FreeRTOS/stream_buffer.d" -MT"thirdparty/FreeRTOS/stream_buffer.o" --specs=nano.specs -mfpu=fpv4-sp-d16 -mfloat-abi=hard -mthumb -o "thirdparty/FreeRTOS/stream_buffer.o"
arm-none-eabi-gcc "C:/Users/hoang/OneDrive - ut.edu.vn/Desktop/PROJECT/sample code/FREERTOS/workspace/thirdparty/FreeRTOS/tasks.c" -mcpu=cortex-m4 -std=gnu11 -g3 -DDEBUG -DUSE_HAL_DRIVER -DSTM32F411xE -c -I../Drivers/STM32F4xx_HAL_Driver/Inc -I../Drivers/STM32F4xx_HAL_Driver/Inc/Legacy -I../Drivers/CMSIS/Device/ST/STM32F4xx/Include -I../Drivers/CMSIS/Include -I"C:/Users/hoang/OneDrive - ut.edu.vn/Desktop/PROJECT/sample code/FREERTOS/workspace/thirdparty/FreeRTOS/include" -I"C:/Users/hoang/OneDrive - ut.edu.vn/Desktop/PROJECT/sample code/FREERTOS/workspace/thirdparty/FreeRTOS/portable/GCC/ARM_CM4F" -I"C:/Users/hoang/OneDrive - ut.edu.vn/Desktop/PROJECT/sample code/FREERTOS/workspace/thirdparty/FreeRTOS" -I"C:/Users/hoang/OneDrive - ut.edu.vn/Desktop/PROJECT/sample code/FREERTOS/workspace/thirdparty/SEGGER VIEW/CONFIG" -I"C:/Users/hoang/OneDrive - ut.edu.vn/Desktop/PROJECT/sample code/FREERTOS/workspace/thirdparty/SEGGER VIEW/OS" -I"C:/Users/hoang/OneDrive - ut.edu.vn/Desktop/PROJECT/sample code/FREERTOS/workspace/thirdparty/SEGGER VIEW/SEGGER" -I"C:/Users/hoang/OneDrive - ut.edu.vn/Desktop/PROJECT/sample code/FREERTOS/workspace/thirdparty/SEGGER VIEW/REC" -I../Core/Inc -O0 -ffunction-sections -fdata-sections -Wall -fstack-usage -MMD -MP -MF"thirdparty/FreeRTOS/tasks.d" -MT"thirdparty/FreeRTOS/tasks.o" --specs=nano.specs -mfpu=fpv4-sp-d16 -mfloat-abi=hard -mthumb -o "thirdparty/FreeRTOS/tasks.o"
arm-none-eabi-gcc "C:/Users/hoang/OneDrive - ut.edu.vn/Desktop/PROJECT/sample code/FREERTOS/workspace/thirdparty/FreeRTOS/timers.c" -mcpu=cortex-m4 -std=gnu11 -g3 -DDEBUG -DUSE_HAL_DRIVER -DSTM32F411xE -c -I../Drivers/STM32F4xx_HAL_Driver/Inc -I../Drivers/STM32F4xx_HAL_Driver/Inc/Legacy -I../Drivers/CMSIS/Device/ST/STM32F4xx/Include -I../Drivers/CMSIS/Include -I"C:/Users/hoang/OneDrive - ut.edu.vn/Desktop/PROJECT/sample code/FREERTOS/workspace/thirdparty/FreeRTOS/include" -I"C:/Users/hoang/OneDrive - ut.edu.vn/Desktop/PROJECT/sample code/FREERTOS/workspace/thirdparty/FreeRTOS/portable/GCC/ARM_CM4F" -I"C:/Users/hoang/OneDrive - ut.edu.vn/Desktop/PROJECT/sample code/FREERTOS/workspace/thirdparty/FreeRTOS" -I"C:/Users/hoang/OneDrive - ut.edu.vn/Desktop/PROJECT/sample code/FREERTOS/workspace/thirdparty/SEGGER VIEW/CONFIG" -I"C:/Users/hoang/OneDrive - ut.edu.vn/Desktop/PROJECT/sample code/FREERTOS/workspace/thirdparty/SEGGER VIEW/OS" -I"C:/Users/hoang/OneDrive - ut.edu.vn/Desktop/PROJECT/sample code/FREERTOS/workspace/thirdparty/SEGGER VIEW/SEGGER" -I"C:/Users/hoang/OneDrive - ut.edu.vn/Desktop/PROJECT/sample code/FREERTOS/workspace/thirdparty/SEGGER VIEW/REC" -I../Core/Inc -O0 -ffunction-sections -fdata-sections -Wall -fstack-usage -MMD -MP -MF"thirdparty/FreeRTOS/timers.d" -MT"thirdparty/FreeRTOS/timers.o" --specs=nano.specs -mfpu=fpv4-sp-d16 -mfloat-abi=hard -mthumb -o "thirdparty/FreeRTOS/timers.o"
arm-none-eabi-gcc "../Drivers/STM32F4xx_HAL_Driver/Src/stm32f4xx_hal.c" -mcpu=cortex-m4 -std=gnu11 -g3 -DDEBUG -DUSE_HAL_DRIVER -DSTM32F411xE -c -I../Drivers/STM32F4xx_HAL_Driver/Inc -I../Drivers/STM32F4xx_HAL_Driver/Inc/Legacy -I../Drivers/CMSIS/Device/ST/STM32F4xx/Include -I../Drivers/CMSIS/Include -I"C:/Users/hoang/OneDrive - ut.edu.vn/Desktop/PROJECT/sample code/FREERTOS/workspace/thirdparty/FreeRTOS/include" -I"C:/Users/hoang/OneDrive - ut.edu.vn/Desktop/PROJECT/sample code/FREERTOS/workspace/thirdparty/FreeRTOS/portable/GCC/ARM_CM4F" -I"C:/Users/hoang/OneDrive - ut.edu.vn/Desktop/PROJECT/sample code/FREERTOS/workspace/thirdparty/FreeRTOS" -I"C:/Users/hoang/OneDrive - ut.edu.vn/Desktop/PROJECT/sample code/FREERTOS/workspace/thirdparty/SEGGER VIEW/CONFIG" -I"C:/Users/hoang/OneDrive - ut.edu.vn/Desktop/PROJECT/sample code/FREERTOS/workspace/thirdparty/SEGGER VIEW/OS" -I"C:/Users/hoang/OneDrive - ut.edu.vn/Desktop/PROJECT/sample code/FREERTOS/workspace/thirdparty/SEGGER VIEW/SEGGER" -I"C:/Users/hoang/OneDrive - ut.edu.vn/Desktop/PROJECT/sample code/FREERTOS/workspace/thirdparty/SEGGER VIEW/REC" -I../Core/Inc -O0 -ffunction-sections -fdata-sections -Wall -fstack-usage -MMD -MP -MF"Drivers/STM32F4xx_HAL_Driver/Src/stm32f4xx_hal.d" -MT"Drivers/STM32F4xx_HAL_Driver/Src/stm32f4xx_hal.o" --specs=nano.specs -mfpu=fpv4-sp-d16 -mfloat-abi=hard -mthumb -o "Drivers/STM32F4xx_HAL_Driver/Src/stm32f4xx_hal.o"
arm-none-eabi-gcc "../Drivers/STM32F4xx_HAL_Driver/Src/stm32f4xx_hal_cortex.c" -mcpu=cortex-m4 -std=gnu11 -g3 -DDEBUG -DUSE_HAL_DRIVER -DSTM32F411xE -c -I../Drivers/STM32F4xx_HAL_Driver/Inc -I../Drivers/STM32F4xx_HAL_Driver/Inc/Legacy -I../Drivers/CMSIS/Device/ST/STM32F4xx/Include -I../Drivers/CMSIS/Include -I"C:/Users/hoang/OneDrive - ut.edu.vn/Desktop/PROJECT/sample code/FREERTOS/workspace/thirdparty/FreeRTOS/include" -I"C:/Users/hoang/OneDrive - ut.edu.vn/Desktop/PROJECT/sample code/FREERTOS/workspace/thirdparty/FreeRTOS/portable/GCC/ARM_CM4F" -I"C:/Users/hoang/OneDrive - ut.edu.vn/Desktop/PROJECT/sample code/FREERTOS/workspace/thirdparty/FreeRTOS" -I"C:/Users/hoang/OneDrive - ut.edu.vn/Desktop/PROJECT/sample code/FREERTOS/workspace/thirdparty/SEGGER VIEW/CONFIG" -I"C:/Users/hoang/OneDrive - ut.edu.vn/Desktop/PROJECT/sample code/FREERTOS/workspace/thirdparty/SEGGER VIEW/OS" -I"C:/Users/hoang/OneDrive - ut.edu.vn/Desktop/PROJECT/sample code/FREERTOS/workspace/thirdparty/SEGGER VIEW/SEGGER" -I"C:/Users/hoang/OneDrive - ut.edu.vn/Desktop/PROJECT/sample code/FREERTOS/workspace/thirdparty/SEGGER VIEW/REC" -I../Core/Inc -O0 -ffunction-sections -fdata-sections -Wall -fstack-usage -MMD -MP -MF"Drivers/STM32F4xx_HAL_Driver/Src/stm32f4xx_hal_cortex.d" -MT"Drivers/STM32F4xx_HAL_Driver/Src/stm32f4xx_hal_cortex.o" --specs=nano.specs -mfpu=fpv4-sp-d16 -mfloat-abi=hard -mthumb -o "Drivers/STM32F4xx_HAL_Driver/Src/stm32f4xx_hal_cortex.o"
arm-none-eabi-gcc "../Drivers/STM32F4xx_HAL_Driver/Src/stm32f4xx_hal_dma.c" -mcpu=cortex-m4 -std=gnu11 -g3 -DDEBUG -DUSE_HAL_DRIVER -DSTM32F411xE -c -I../Drivers/STM32F4xx_HAL_Driver/Inc -I../Drivers/STM32F4xx_HAL_Driver/Inc/Legacy -I../Drivers/CMSIS/Device/ST/STM32F4xx/Include -I../Drivers/CMSIS/Include -I"C:/Users/hoang/OneDrive - ut.edu.vn/Desktop/PROJECT/sample code/FREERTOS/workspace/thirdparty/FreeRTOS/include" -I"C:/Users/hoang/OneDrive - ut.edu.vn/Desktop/PROJECT/sample code/FREERTOS/workspace/thirdparty/FreeRTOS/portable/GCC/ARM_CM4F" -I"C:/Users/hoang/OneDrive - ut.edu.vn/Desktop/PROJECT/sample code/FREERTOS/workspace/thirdparty/FreeRTOS" -I"C:/Users/hoang/OneDrive - ut.edu.vn/Desktop/PROJECT/sample code/FREERTOS/workspace/thirdparty/SEGGER VIEW/CONFIG" -I"C:/Users/hoang/OneDrive - ut.edu.vn/Desktop/PROJECT/sample code/FREERTOS/workspace/thirdparty/SEGGER VIEW/OS" -I"C:/Users/hoang/OneDrive - ut.edu.vn/Desktop/PROJECT/sample code/FREERTOS/workspace/thirdparty/SEGGER VIEW/SEGGER" -I"C:/Users/hoang/OneDrive - ut.edu.vn/Desktop/PROJECT/sample code/FREERTOS/workspace/thirdparty/SEGGER VIEW/REC" -I../Core/Inc -O0 -ffunction-sections -fdata-sections -Wall -fstack-usage -MMD -MP -MF"Drivers/STM32F4xx_HAL_Driver/Src/stm32f4xx_hal_dma.d" -MT"Drivers/STM32F4xx_HAL_Driver/Src/stm32f4xx_hal_dma.o" --specs=nano.specs -mfpu=fpv4-sp-d16 -mfloat-abi=hard -mthumb -o "Drivers/STM32F4xx_HAL_Driver/Src/stm32f4xx_hal_dma.o"
arm-none-eabi-gcc "../Drivers/STM32F4xx_HAL_Driver/Src/stm32f4xx_hal_dma_ex.c" -mcpu=cortex-m4 -std=gnu11 -g3 -DDEBUG -DUSE_HAL_DRIVER -DSTM32F411xE -c -I../Drivers/STM32F4xx_HAL_Driver/Inc -I../Drivers/STM32F4xx_HAL_Driver/Inc/Legacy -I../Drivers/CMSIS/Device/ST/STM32F4xx/Include -I../Drivers/CMSIS/Include -I"C:/Users/hoang/OneDrive - ut.edu.vn/Desktop/PROJECT/sample code/FREERTOS/workspace/thirdparty/FreeRTOS/include" -I"C:/Users/hoang/OneDrive - ut.edu.vn/Desktop/PROJECT/sample code/FREERTOS/workspace/thirdparty/FreeRTOS/portable/GCC/ARM_CM4F" -I"C:/Users/hoang/OneDrive - ut.edu.vn/Desktop/PROJECT/sample code/FREERTOS/workspace/thirdparty/FreeRTOS" -I"C:/Users/hoang/OneDrive - ut.edu.vn/Desktop/PROJECT/sample code/FREERTOS/workspace/thirdparty/SEGGER VIEW/CONFIG" -I"C:/Users/hoang/OneDrive - ut.edu.vn/Desktop/PROJECT/sample code/FREERTOS/workspace/thirdparty/SEGGER VIEW/OS" -I"C:/Users/hoang/OneDrive - ut.edu.vn/Desktop/PROJECT/sample code/FREERTOS/workspace/thirdparty/SEGGER VIEW/SEGGER" -I"C:/Users/hoang/OneDrive - ut.edu.vn/Desktop/PROJECT/sample code/FREERTOS/workspace/thirdparty/SEGGER VIEW/REC" -I../Core/Inc -O0 -ffunction-sections -fdata-sections -Wall -fstack-usage -MMD -MP -MF"Drivers/STM32F4xx_HAL_Driver/Src/stm32f4xx_hal_dma_ex.d" -MT"Drivers/STM32F4xx_HAL_Driver/Src/stm32f4xx_hal_dma_ex.o" --specs=nano.specs -mfpu=fpv4-sp-d16 -mfloat-abi=hard -mthumb -o "Drivers/STM32F4xx_HAL_Driver/Src/stm32f4xx_hal_dma_ex.o"
arm-none-eabi-gcc "../Drivers/STM32F4xx_HAL_Driver/Src/stm32f4xx_hal_exti.c" -mcpu=cortex-m4 -std=gnu11 -g3 -DDEBUG -DUSE_HAL_DRIVER -DSTM32F411xE -c -I../Drivers/STM32F4xx_HAL_Driver/Inc -I../Drivers/STM32F4xx_HAL_Driver/Inc/Legacy -I../Drivers/CMSIS/Device/ST/STM32F4xx/Include -I../Drivers/CMSIS/Include -I"C:/Users/hoang/OneDrive - ut.edu.vn/Desktop/PROJECT/sample code/FREERTOS/workspace/thirdparty/FreeRTOS/include" -I"C:/Users/hoang/OneDrive - ut.edu.vn/Desktop/PROJECT/sample code/FREERTOS/workspace/thirdparty/FreeRTOS/portable/GCC/ARM_CM4F" -I"C:/Users/hoang/OneDrive - ut.edu.vn/Desktop/PROJECT/sample code/FREERTOS/workspace/thirdparty/FreeRTOS" -I"C:/Users/hoang/OneDrive - ut.edu.vn/Desktop/PROJECT/sample code/FREERTOS/workspace/thirdparty/SEGGER VIEW/CONFIG" -I"C:/Users/hoang/OneDrive - ut.edu.vn/Desktop/PROJECT/sample code/FREERTOS/workspace/thirdparty/SEGGER VIEW/OS" -I"C:/Users/hoang/OneDrive - ut.edu.vn/Desktop/PROJECT/sample code/FREERTOS/workspace/thirdparty/SEGGER VIEW/SEGGER" -I"C:/Users/hoang/OneDrive - ut.edu.vn/Desktop/PROJECT/sample code/FREERTOS/workspace/thirdparty/SEGGER VIEW/REC" -I../Core/Inc -O0 -ffunction-sections -fdata-sections -Wall -fstack-usage -MMD -MP -MF"Drivers/STM32F4xx_HAL_Driver/Src/stm32f4xx_hal_exti.d" -MT"Drivers/STM32F4xx_HAL_Driver/Src/stm32f4xx_hal_exti.o" --specs=nano.specs -mfpu=fpv4-sp-d16 -mfloat-abi=hard -mthumb -o "Drivers/STM32F4xx_HAL_Driver/Src/stm32f4xx_hal_exti.o"
arm-none-eabi-gcc "../Drivers/STM32F4xx_HAL_Driver/Src/stm32f4xx_hal_flash.c" -mcpu=cortex-m4 -std=gnu11 -g3 -DDEBUG -DUSE_HAL_DRIVER -DSTM32F411xE -c -I../Drivers/STM32F4xx_HAL_Driver/Inc -I../Drivers/STM32F4xx_HAL_Driver/Inc/Legacy -I../Drivers/CMSIS/Device/ST/STM32F4xx/Include -I../Drivers/CMSIS/Include -I"C:/Users/hoang/OneDrive - ut.edu.vn/Desktop/PROJECT/sample code/FREERTOS/workspace/thirdparty/FreeRTOS/include" -I"C:/Users/hoang/OneDrive - ut.edu.vn/Desktop/PROJECT/sample code/FREERTOS/workspace/thirdparty/FreeRTOS/portable/GCC/ARM_CM4F" -I"C:/Users/hoang/OneDrive - ut.edu.vn/Desktop/PROJECT/sample code/FREERTOS/workspace/thirdparty/FreeRTOS" -I"C:/Users/hoang/OneDrive - ut.edu.vn/Desktop/PROJECT/sample code/FREERTOS/workspace/thirdparty/SEGGER VIEW/CONFIG" -I"C:/Users/hoang/OneDrive - ut.edu.vn/Desktop/PROJECT/sample code/FREERTOS/workspace/thirdparty/SEGGER VIEW/OS" -I"C:/Users/hoang/OneDrive - ut.edu.vn/Desktop/PROJECT/sample code/FREERTOS/workspace/thirdparty/SEGGER VIEW/SEGGER" -I"C:/Users/hoang/OneDrive - ut.edu.vn/Desktop/PROJECT/sample code/FREERTOS/workspace/thirdparty/SEGGER VIEW/REC" -I../Core/Inc -O0 -ffunction-sections -fdata-sections -Wall -fstack-usage -MMD -MP -MF"Drivers/STM32F4xx_HAL_Driver/Src/stm32f4xx_hal_flash.d" -MT"Drivers/STM32F4xx_HAL_Driver/Src/stm32f4xx_hal_flash.o" --specs=nano.specs -mfpu=fpv4-sp-d16 -mfloat-abi=hard -mthumb -o "Drivers/STM32F4xx_HAL_Driver/Src/stm32f4xx_hal_flash.o"
arm-none-eabi-gcc "../Drivers/STM32F4xx_HAL_Driver/Src/stm32f4xx_hal_flash_ex.c" -mcpu=cortex-m4 -std=gnu11 -g3 -DDEBUG -DUSE_HAL_DRIVER -DSTM32F411xE -c -I../Drivers/STM32F4xx_HAL_Driver/Inc -I../Drivers/STM32F4xx_HAL_Driver/Inc/Legacy -I../Drivers/CMSIS/Device/ST/STM32F4xx/Include -I../Drivers/CMSIS/Include -I"C:/Users/hoang/OneDrive - ut.edu.vn/Desktop/PROJECT/sample code/FREERTOS/workspace/thirdparty/FreeRTOS/include" -I"C:/Users/hoang/OneDrive - ut.edu.vn/Desktop/PROJECT/sample code/FREERTOS/workspace/thirdparty/FreeRTOS/portable/GCC/ARM_CM4F" -I"C:/Users/hoang/OneDrive - ut.edu.vn/Desktop/PROJECT/sample code/FREERTOS/workspace/thirdparty/FreeRTOS" -I"C:/Users/hoang/OneDrive - ut.edu.vn/Desktop/PROJECT/sample code/FREERTOS/workspace/thirdparty/SEGGER VIEW/CONFIG" -I"C:/Users/hoang/OneDrive - ut.edu.vn/Desktop/PROJECT/sample code/FREERTOS/workspace/thirdparty/SEGGER VIEW/OS" -I"C:/Users/hoang/OneDrive - ut.edu.vn/Desktop/PROJECT/sample code/FREERTOS/workspace/thirdparty/SEGGER VIEW/SEGGER" -I"C:/Users/hoang/OneDrive - ut.edu.vn/Desktop/PROJECT/sample code/FREERTOS/workspace/thirdparty/SEGGER VIEW/REC" -I../Core/Inc -O0 -ffunction-sections -fdata-sections -Wall -fstack-usage -MMD -MP -MF"Drivers/STM32F4xx_HAL_Driver/Src/stm32f4xx_hal_flash_ex.d" -MT"Drivers/STM32F4xx_HAL_Driver/Src/stm32f4xx_hal_flash_ex.o" --specs=nano.specs -mfpu=fpv4-sp-d16 -mfloat-abi=hard -mthumb -o "Drivers/STM32F4xx_HAL_Driver/Src/stm32f4xx_hal_flash_ex.o"
arm-none-eabi-gcc "../Drivers/STM32F4xx_HAL_Driver/Src/stm32f4xx_hal_flash_ramfunc.c" -mcpu=cortex-m4 -std=gnu11 -g3 -DDEBUG -DUSE_HAL_DRIVER -DSTM32F411xE -c -I../Drivers/STM32F4xx_HAL_Driver/Inc -I../Drivers/STM32F4xx_HAL_Driver/Inc/Legacy -I../Drivers/CMSIS/Device/ST/STM32F4xx/Include -I../Drivers/CMSIS/Include -I"C:/Users/hoang/OneDrive - ut.edu.vn/Desktop/PROJECT/sample code/FREERTOS/workspace/thirdparty/FreeRTOS/include" -I"C:/Users/hoang/OneDrive - ut.edu.vn/Desktop/PROJECT/sample code/FREERTOS/workspace/thirdparty/FreeRTOS/portable/GCC/ARM_CM4F" -I"C:/Users/hoang/OneDrive - ut.edu.vn/Desktop/PROJECT/sample code/FREERTOS/workspace/thirdparty/FreeRTOS" -I"C:/Users/hoang/OneDrive - ut.edu.vn/Desktop/PROJECT/sample code/FREERTOS/workspace/thirdparty/SEGGER VIEW/CONFIG" -I"C:/Users/hoang/OneDrive - ut.edu.vn/Desktop/PROJECT/sample code/FREERTOS/workspace/thirdparty/SEGGER VIEW/OS" -I"C:/Users/hoang/OneDrive - ut.edu.vn/Desktop/PROJECT/sample code/FREERTOS/workspace/thirdparty/SEGGER VIEW/SEGGER" -I"C:/Users/hoang/OneDrive - ut.edu.vn/Desktop/PROJECT/sample code/FREERTOS/workspace/thirdparty/SEGGER VIEW/REC" -I../Core/Inc -O0 -ffunction-sections -fdata-sections -Wall -fstack-usage -MMD -MP -MF"Drivers/STM32F4xx_HAL_Driver/Src/stm32f4xx_hal_flash_ramfunc.d" -MT"Drivers/STM32F4xx_HAL_Driver/Src/stm32f4xx_hal_flash_ramfunc.o" --specs=nano.specs -mfpu=fpv4-sp-d16 -mfloat-abi=hard -mthumb -o "Drivers/STM32F4xx_HAL_Driver/Src/stm32f4xx_hal_flash_ramfunc.o"
arm-none-eabi-gcc "../Drivers/STM32F4xx_HAL_Driver/Src/stm32f4xx_hal_gpio.c" -mcpu=cortex-m4 -std=gnu11 -g3 -DDEBUG -DUSE_HAL_DRIVER -DSTM32F411xE -c -I../Drivers/STM32F4xx_HAL_Driver/Inc -I../Drivers/STM32F4xx_HAL_Driver/Inc/Legacy -I../Drivers/CMSIS/Device/ST/STM32F4xx/Include -I../Drivers/CMSIS/Include -I"C:/Users/hoang/OneDrive - ut.edu.vn/Desktop/PROJECT/sample code/FREERTOS/workspace/thirdparty/FreeRTOS/include" -I"C:/Users/hoang/OneDrive - ut.edu.vn/Desktop/PROJECT/sample code/FREERTOS/workspace/thirdparty/FreeRTOS/portable/GCC/ARM_CM4F" -I"C:/Users/hoang/OneDrive - ut.edu.vn/Desktop/PROJECT/sample code/FREERTOS/workspace/thirdparty/FreeRTOS" -I"C:/Users/hoang/OneDrive - ut.edu.vn/Desktop/PROJECT/sample code/FREERTOS/workspace/thirdparty/SEGGER VIEW/CONFIG" -I"C:/Users/hoang/OneDrive - ut.edu.vn/Desktop/PROJECT/sample code/FREERTOS/workspace/thirdparty/SEGGER VIEW/OS" -I"C:/Users/hoang/OneDrive - ut.edu.vn/Desktop/PROJECT/sample code/FREERTOS/workspace/thirdparty/SEGGER VIEW/SEGGER" -I"C:/Users/hoang/OneDrive - ut.edu.vn/Desktop/PROJECT/sample code/FREERTOS/workspace/thirdparty/SEGGER VIEW/REC" -I../Core/Inc -O0 -ffunction-sections -fdata-sections -Wall -fstack-usage -MMD -MP -MF"Drivers/STM32F4xx_HAL_Driver/Src/stm32f4xx_hal_gpio.d" -MT"Drivers/STM32F4xx_HAL_Driver/Src/stm32f4xx_hal_gpio.o" --specs=nano.specs -mfpu=fpv4-sp-d16 -mfloat-abi=hard -mthumb -o "Drivers/STM32F4xx_HAL_Driver/Src/stm32f4xx_hal_gpio.o"
arm-none-eabi-gcc "../Drivers/STM32F4xx_HAL_Driver/Src/stm32f4xx_hal_pwr.c" -mcpu=cortex-m4 -std=gnu11 -g3 -DDEBUG -DUSE_HAL_DRIVER -DSTM32F411xE -c -I../Drivers/STM32F4xx_HAL_Driver/Inc -I../Drivers/STM32F4xx_HAL_Driver/Inc/Legacy -I../Drivers/CMSIS/Device/ST/STM32F4xx/Include -I../Drivers/CMSIS/Include -I"C:/Users/hoang/OneDrive - ut.edu.vn/Desktop/PROJECT/sample code/FREERTOS/workspace/thirdparty/FreeRTOS/include" -I"C:/Users/hoang/OneDrive - ut.edu.vn/Desktop/PROJECT/sample code/FREERTOS/workspace/thirdparty/FreeRTOS/portable/GCC/ARM_CM4F" -I"C:/Users/hoang/OneDrive - ut.edu.vn/Desktop/PROJECT/sample code/FREERTOS/workspace/thirdparty/FreeRTOS" -I"C:/Users/hoang/OneDrive - ut.edu.vn/Desktop/PROJECT/sample code/FREERTOS/workspace/thirdparty/SEGGER VIEW/CONFIG" -I"C:/Users/hoang/OneDrive - ut.edu.vn/Desktop/PROJECT/sample code/FREERTOS/workspace/thirdparty/SEGGER VIEW/OS" -I"C:/Users/hoang/OneDrive - ut.edu.vn/Desktop/PROJECT/sample code/FREERTOS/workspace/thirdparty/SEGGER VIEW/SEGGER" -I"C:/Users/hoang/OneDrive - ut.edu.vn/Desktop/PROJECT/sample code/FREERTOS/workspace/thirdparty/SEGGER VIEW/REC" -I../Core/Inc -O0 -ffunction-sections -fdata-sections -Wall -fstack-usage -MMD -MP -MF"Drivers/STM32F4xx_HAL_Driver/Src/stm32f4xx_hal_pwr.d" -MT"Drivers/STM32F4xx_HAL_Driver/Src/stm32f4xx_hal_pwr.o" --specs=nano.specs -mfpu=fpv4-sp-d16 -mfloat-abi=hard -mthumb -o "Drivers/STM32F4xx_HAL_Driver/Src/stm32f4xx_hal_pwr.o"
arm-none-eabi-gcc "../Drivers/STM32F4xx_HAL_Driver/Src/stm32f4xx_hal_pwr_ex.c" -mcpu=cortex-m4 -std=gnu11 -g3 -DDEBUG -DUSE_HAL_DRIVER -DSTM32F411xE -c -I../Drivers/STM32F4xx_HAL_Driver/Inc -I../Drivers/STM32F4xx_HAL_Driver/Inc/Legacy -I../Drivers/CMSIS/Device/ST/STM32F4xx/Include -I../Drivers/CMSIS/Include -I"C:/Users/hoang/OneDrive - ut.edu.vn/Desktop/PROJECT/sample code/FREERTOS/workspace/thirdparty/FreeRTOS/include" -I"C:/Users/hoang/OneDrive - ut.edu.vn/Desktop/PROJECT/sample code/FREERTOS/workspace/thirdparty/FreeRTOS/portable/GCC/ARM_CM4F" -I"C:/Users/hoang/OneDrive - ut.edu.vn/Desktop/PROJECT/sample code/FREERTOS/workspace/thirdparty/FreeRTOS" -I"C:/Users/hoang/OneDrive - ut.edu.vn/Desktop/PROJECT/sample code/FREERTOS/workspace/thirdparty/SEGGER VIEW/CONFIG" -I"C:/Users/hoang/OneDrive - ut.edu.vn/Desktop/PROJECT/sample code/FREERTOS/workspace/thirdparty/SEGGER VIEW/OS" -I"C:/Users/hoang/OneDrive - ut.edu.vn/Desktop/PROJECT/sample code/FREERTOS/workspace/thirdparty/SEGGER VIEW/SEGGER" -I"C:/Users/hoang/OneDrive - ut.edu.vn/Desktop/PROJECT/sample code/FREERTOS/workspace/thirdparty/SEGGER VIEW/REC" -I../Core/Inc -O0 -ffunction-sections -fdata-sections -Wall -fstack-usage -MMD -MP -MF"Drivers/STM32F4xx_HAL_Driver/Src/stm32f4xx_hal_pwr_ex.d" -MT"Drivers/STM32F4xx_HAL_Driver/Src/stm32f4xx_hal_pwr_ex.o" --specs=nano.specs -mfpu=fpv4-sp-d16 -mfloat-abi=hard -mthumb -o "Drivers/STM32F4xx_HAL_Driver/Src/stm32f4xx_hal_pwr_ex.o"
arm-none-eabi-gcc "../Drivers/STM32F4xx_HAL_Driver/Src/stm32f4xx_hal_rcc.c" -mcpu=cortex-m4 -std=gnu11 -g3 -DDEBUG -DUSE_HAL_DRIVER -DSTM32F411xE -c -I../Drivers/STM32F4xx_HAL_Driver/Inc -I../Drivers/STM32F4xx_HAL_Driver/Inc/Legacy -I../Drivers/CMSIS/Device/ST/STM32F4xx/Include -I../Drivers/CMSIS/Include -I"C:/Users/hoang/OneDrive - ut.edu.vn/Desktop/PROJECT/sample code/FREERTOS/workspace/thirdparty/FreeRTOS/include" -I"C:/Users/hoang/OneDrive - ut.edu.vn/Desktop/PROJECT/sample code/FREERTOS/workspace/thirdparty/FreeRTOS/portable/GCC/ARM_CM4F" -I"C:/Users/hoang/OneDrive - ut.edu.vn/Desktop/PROJECT/sample code/FREERTOS/workspace/thirdparty/FreeRTOS" -I"C:/Users/hoang/OneDrive - ut.edu.vn/Desktop/PROJECT/sample code/FREERTOS/workspace/thirdparty/SEGGER VIEW/CONFIG" -I"C:/Users/hoang/OneDrive - ut.edu.vn/Desktop/PROJECT/sample code/FREERTOS/workspace/thirdparty/SEGGER VIEW/OS" -I"C:/Users/hoang/OneDrive - ut.edu.vn/Desktop/PROJECT/sample code/FREERTOS/workspace/thirdparty/SEGGER VIEW/SEGGER" -I"C:/Users/hoang/OneDrive - ut.edu.vn/Desktop/PROJECT/sample code/FREERTOS/workspace/thirdparty/SEGGER VIEW/REC" -I../Core/Inc -O0 -ffunction-sections -fdata-sections -Wall -fstack-usage -MMD -MP -MF"Drivers/STM32F4xx_HAL_Driver/Src/stm32f4xx_hal_rcc.d" -MT"Drivers/STM32F4xx_HAL_Driver/Src/stm32f4xx_hal_rcc.o" --specs=nano.specs -mfpu=fpv4-sp-d16 -mfloat-abi=hard -mthumb -o "Drivers/STM32F4xx_HAL_Driver/Src/stm32f4xx_hal_rcc.o"
arm-none-eabi-gcc "../Drivers/STM32F4xx_HAL_Driver/Src/stm32f4xx_hal_rcc_ex.c" -mcpu=cortex-m4 -std=gnu11 -g3 -DDEBUG -DUSE_HAL_DRIVER -DSTM32F411xE -c -I../Drivers/STM32F4xx_HAL_Driver/Inc -I../Drivers/STM32F4xx_HAL_Driver/Inc/Legacy -I../Drivers/CMSIS/Device/ST/STM32F4xx/Include -I../Drivers/CMSIS/Include -I"C:/Users/hoang/OneDrive - ut.edu.vn/Desktop/PROJECT/sample code/FREERTOS/workspace/thirdparty/FreeRTOS/include" -I"C:/Users/hoang/OneDrive - ut.edu.vn/Desktop/PROJECT/sample code/FREERTOS/workspace/thirdparty/FreeRTOS/portable/GCC/ARM_CM4F" -I"C:/Users/hoang/OneDrive - ut.edu.vn/Desktop/PROJECT/sample code/FREERTOS/workspace/thirdparty/FreeRTOS" -I"C:/Users/hoang/OneDrive - ut.edu.vn/Desktop/PROJECT/sample code/FREERTOS/workspace/thirdparty/SEGGER VIEW/CONFIG" -I"C:/Users/hoang/OneDrive - ut.edu.vn/Desktop/PROJECT/sample code/FREERTOS/workspace/thirdparty/SEGGER VIEW/OS" -I"C:/Users/hoang/OneDrive - ut.edu.vn/Desktop/PROJECT/sample code/FREERTOS/workspace/thirdparty/SEGGER VIEW/SEGGER" -I"C:/Users/hoang/OneDrive - ut.edu.vn/Desktop/PROJECT/sample code/FREERTOS/workspace/thirdparty/SEGGER VIEW/REC" -I../Core/Inc -O0 -ffunction-sections -fdata-sections -Wall -fstack-usage -MMD -MP -MF"Drivers/STM32F4xx_HAL_Driver/Src/stm32f4xx_hal_rcc_ex.d" -MT"Drivers/STM32F4xx_HAL_Driver/Src/stm32f4xx_hal_rcc_ex.o" --specs=nano.specs -mfpu=fpv4-sp-d16 -mfloat-abi=hard -mthumb -o "Drivers/STM32F4xx_HAL_Driver/Src/stm32f4xx_hal_rcc_ex.o"
arm-none-eabi-gcc "../Drivers/STM32F4xx_HAL_Driver/Src/stm32f4xx_hal_tim.c" -mcpu=cortex-m4 -std=gnu11 -g3 -DDEBUG -DUSE_HAL_DRIVER -DSTM32F411xE -c -I../Drivers/STM32F4xx_HAL_Driver/Inc -I../Drivers/STM32F4xx_HAL_Driver/Inc/Legacy -I../Drivers/CMSIS/Device/ST/STM32F4xx/Include -I../Drivers/CMSIS/Include -I"C:/Users/hoang/OneDrive - ut.edu.vn/Desktop/PROJECT/sample code/FREERTOS/workspace/thirdparty/FreeRTOS/include" -I"C:/Users/hoang/OneDrive - ut.edu.vn/Desktop/PROJECT/sample code/FREERTOS/workspace/thirdparty/FreeRTOS/portable/GCC/ARM_CM4F" -I"C:/Users/hoang/OneDrive - ut.edu.vn/Desktop/PROJECT/sample code/FREERTOS/workspace/thirdparty/FreeRTOS" -I"C:/Users/hoang/OneDrive - ut.edu.vn/Desktop/PROJECT/sample code/FREERTOS/workspace/thirdparty/SEGGER VIEW/CONFIG" -I"C:/Users/hoang/OneDrive - ut.edu.vn/Desktop/PROJECT/sample code/FREERTOS/workspace/thirdparty/SEGGER VIEW/OS" -I"C:/Users/hoang/OneDrive - ut.edu.vn/Desktop/PROJECT/sample code/FREERTOS/workspace/thirdparty/SEGGER VIEW/SEGGER" -I"C:/Users/hoang/OneDrive - ut.edu.vn/Desktop/PROJECT/sample code/FREERTOS/workspace/thirdparty/SEGGER VIEW/REC" -I../Core/Inc -O0 -ffunction-sections -fdata-sections -Wall -fstack-usage -MMD -MP -MF"Drivers/STM32F4xx_HAL_Driver/Src/stm32f4xx_hal_tim.d" -MT"Drivers/STM32F4xx_HAL_Driver/Src/stm32f4xx_hal_tim.o" --specs=nano.specs -mfpu=fpv4-sp-d16 -mfloat-abi=hard -mthumb -o "Drivers/STM32F4xx_HAL_Driver/Src/stm32f4xx_hal_tim.o"
arm-none-eabi-gcc "../Drivers/STM32F4xx_HAL_Driver/Src/stm32f4xx_hal_tim_ex.c" -mcpu=cortex-m4 -std=gnu11 -g3 -DDEBUG -DUSE_HAL_DRIVER -DSTM32F411xE -c -I../Drivers/STM32F4xx_HAL_Driver/Inc -I../Drivers/STM32F4xx_HAL_Driver/Inc/Legacy -I../Drivers/CMSIS/Device/ST/STM32F4xx/Include -I../Drivers/CMSIS/Include -I"C:/Users/hoang/OneDrive - ut.edu.vn/Desktop/PROJECT/sample code/FREERTOS/workspace/thirdparty/FreeRTOS/include" -I"C:/Users/hoang/OneDrive - ut.edu.vn/Desktop/PROJECT/sample code/FREERTOS/workspace/thirdparty/FreeRTOS/portable/GCC/ARM_CM4F" -I"C:/Users/hoang/OneDrive - ut.edu.vn/Desktop/PROJECT/sample code/FREERTOS/workspace/thirdparty/FreeRTOS" -I"C:/Users/hoang/OneDrive - ut.edu.vn/Desktop/PROJECT/sample code/FREERTOS/workspace/thirdparty/SEGGER VIEW/CONFIG" -I"C:/Users/hoang/OneDrive - ut.edu.vn/Desktop/PROJECT/sample code/FREERTOS/workspace/thirdparty/SEGGER VIEW/OS" -I"C:/Users/hoang/OneDrive - ut.edu.vn/Desktop/PROJECT/sample code/FREERTOS/workspace/thirdparty/SEGGER VIEW/SEGGER" -I"C:/Users/hoang/OneDrive - ut.edu.vn/Desktop/PROJECT/sample code/FREERTOS/workspace/thirdparty/SEGGER VIEW/REC" -I../Core/Inc -O0 -ffunction-sections -fdata-sections -Wall -fstack-usage -MMD -MP -MF"Drivers/STM32F4xx_HAL_Driver/Src/stm32f4xx_hal_tim_ex.d" -MT"Drivers/STM32F4xx_HAL_Driver/Src/stm32f4xx_hal_tim_ex.o" --specs=nano.specs -mfpu=fpv4-sp-d16 -mfloat-abi=hard -mthumb -o "Drivers/STM32F4xx_HAL_Driver/Src/stm32f4xx_hal_tim_ex.o"
arm-none-eabi-gcc -mcpu=cortex-m4 -g3 -DDEBUG -c -I"C:/Users/hoang/OneDrive - ut.edu.vn/Desktop/PROJECT/sample code/FREERTOS/workspace/thirdparty/SEGGER VIEW/CONFIG" -I"C:/Users/hoang/OneDrive - ut.edu.vn/Desktop/PROJECT/sample code/FREERTOS/workspace/thirdparty/SEGGER VIEW/SEGGER" -x assembler-with-cpp -MMD -MP -MF"Core/Startup/startup_stm32f411vetx.d" -MT"Core/Startup/startup_stm32f411vetx.o" --specs=nano.specs -mfpu=fpv4-sp-d16 -mfloat-abi=hard -mthumb -o "Core/Startup/startup_stm32f411vetx.o" "../Core/Startup/startup_stm32f411vetx.s"
arm-none-eabi-gcc "../Core/Src/main.c" -mcpu=cortex-m4 -std=gnu11 -g3 -DDEBUG -DUSE_HAL_DRIVER -DSTM32F411xE -c -I../Drivers/STM32F4xx_HAL_Driver/Inc -I../Drivers/STM32F4xx_HAL_Driver/Inc/Legacy -I../Drivers/CMSIS/Device/ST/STM32F4xx/Include -I../Drivers/CMSIS/Include -I"C:/Users/hoang/OneDrive - ut.edu.vn/Desktop/PROJECT/sample code/FREERTOS/workspace/thirdparty/FreeRTOS/include" -I"C:/Users/hoang/OneDrive - ut.edu.vn/Desktop/PROJECT/sample code/FREERTOS/workspace/thirdparty/FreeRTOS/portable/GCC/ARM_CM4F" -I"C:/Users/hoang/OneDrive - ut.edu.vn/Desktop/PROJECT/sample code/FREERTOS/workspace/thirdparty/FreeRTOS" -I"C:/Users/hoang/OneDrive - ut.edu.vn/Desktop/PROJECT/sample code/FREERTOS/workspace/thirdparty/SEGGER VIEW/CONFIG" -I"C:/Users/hoang/OneDrive - ut.edu.vn/Desktop/PROJECT/sample code/FREERTOS/workspace/thirdparty/SEGGER VIEW/OS" -I"C:/Users/hoang/OneDrive - ut.edu.vn/Desktop/PROJECT/sample code/FREERTOS/workspace/thirdparty/SEGGER VIEW/SEGGER" -I"C:/Users/hoang/OneDrive - ut.edu.vn/Desktop/PROJECT/sample code/FREERTOS/workspace/thirdparty/SEGGER VIEW/REC" -I../Core/Inc -O0 -ffunction-sections -fdata-sections -Wall -fstack-usage -MMD -MP -MF"Core/Src/main.d" -MT"Core/Src/main.o" --specs=nano.specs -mfpu=fpv4-sp-d16 -mfloat-abi=hard -mthumb -o "Core/Src/main.o"
arm-none-eabi-gcc "../Core/Src/stm32f4xx_hal_msp.c" -mcpu=cortex-m4 -std=gnu11 -g3 -DDEBUG -DUSE_HAL_DRIVER -DSTM32F411xE -c -I../Drivers/STM32F4xx_HAL_Driver/Inc -I../Drivers/STM32F4xx_HAL_Driver/Inc/Legacy -I../Drivers/CMSIS/Device/ST/STM32F4xx/Include -I../Drivers/CMSIS/Include -I"C:/Users/hoang/OneDrive - ut.edu.vn/Desktop/PROJECT/sample code/FREERTOS/workspace/thirdparty/FreeRTOS/include" -I"C:/Users/hoang/OneDrive - ut.edu.vn/Desktop/PROJECT/sample code/FREERTOS/workspace/thirdparty/FreeRTOS/portable/GCC/ARM_CM4F" -I"C:/Users/hoang/OneDrive - ut.edu.vn/Desktop/PROJECT/sample code/FREERTOS/workspace/thirdparty/FreeRTOS" -I"C:/Users/hoang/OneDrive - ut.edu.vn/Desktop/PROJECT/sample code/FREERTOS/workspace/thirdparty/SEGGER VIEW/CONFIG" -I"C:/Users/hoang/OneDrive - ut.edu.vn/Desktop/PROJECT/sample code/FREERTOS/workspace/thirdparty/SEGGER VIEW/OS" -I"C:/Users/hoang/OneDrive - ut.edu.vn/Desktop/PROJECT/sample code/FREERTOS/workspace/thirdparty/SEGGER VIEW/SEGGER" -I"C:/Users/hoang/OneDrive - ut.edu.vn/Desktop/PROJECT/sample code/FREERTOS/workspace/thirdparty/SEGGER VIEW/REC" -I../Core/Inc -O0 -ffunction-sections -fdata-sections -Wall -fstack-usage -MMD -MP -MF"Core/Src/stm32f4xx_hal_msp.d" -MT"Core/Src/stm32f4xx_hal_msp.o" --specs=nano.specs -mfpu=fpv4-sp-d16 -mfloat-abi=hard -mthumb -o "Core/Src/stm32f4xx_hal_msp.o"
arm-none-eabi-gcc "../Core/Src/stm32f4xx_hal_timebase_tim.c" -mcpu=cortex-m4 -std=gnu11 -g3 -DDEBUG -DUSE_HAL_DRIVER -DSTM32F411xE -c -I../Drivers/STM32F4xx_HAL_Driver/Inc -I../Drivers/STM32F4xx_HAL_Driver/Inc/Legacy -I../Drivers/CMSIS/Device/ST/STM32F4xx/Include -I../Drivers/CMSIS/Include -I"C:/Users/hoang/OneDrive - ut.edu.vn/Desktop/PROJECT/sample code/FREERTOS/workspace/thirdparty/FreeRTOS/include" -I"C:/Users/hoang/OneDrive - ut.edu.vn/Desktop/PROJECT/sample code/FREERTOS/workspace/thirdparty/FreeRTOS/portable/GCC/ARM_CM4F" -I"C:/Users/hoang/OneDrive - ut.edu.vn/Desktop/PROJECT/sample code/FREERTOS/workspace/thirdparty/FreeRTOS" -I"C:/Users/hoang/OneDrive - ut.edu.vn/Desktop/PROJECT/sample code/FREERTOS/workspace/thirdparty/SEGGER VIEW/CONFIG" -I"C:/Users/hoang/OneDrive - ut.edu.vn/Desktop/PROJECT/sample code/FREERTOS/workspace/thirdparty/SEGGER VIEW/OS" -I"C:/Users/hoang/OneDrive - ut.edu.vn/Desktop/PROJECT/sample code/FREERTOS/workspace/thirdparty/SEGGER VIEW/SEGGER" -I"C:/Users/hoang/OneDrive - ut.edu.vn/Desktop/PROJECT/sample code/FREERTOS/workspace/thirdparty/SEGGER VIEW/REC" -I../Core/Inc -O0 -ffunction-sections -fdata-sections -Wall -fstack-usage -MMD -MP -MF"Core/Src/stm32f4xx_hal_timebase_tim.d" -MT"Core/Src/stm32f4xx_hal_timebase_tim.o" --specs=nano.specs -mfpu=fpv4-sp-d16 -mfloat-abi=hard -mthumb -o "Core/Src/stm32f4xx_hal_timebase_tim.o"
arm-none-eabi-gcc "../Core/Src/stm32f4xx_it.c" -mcpu=cortex-m4 -std=gnu11 -g3 -DDEBUG -DUSE_HAL_DRIVER -DSTM32F411xE -c -I../Drivers/STM32F4xx_HAL_Driver/Inc -I../Drivers/STM32F4xx_HAL_Driver/Inc/Legacy -I../Drivers/CMSIS/Device/ST/STM32F4xx/Include -I../Drivers/CMSIS/Include -I"C:/Users/hoang/OneDrive - ut.edu.vn/Desktop/PROJECT/sample code/FREERTOS/workspace/thirdparty/FreeRTOS/include" -I"C:/Users/hoang/OneDrive - ut.edu.vn/Desktop/PROJECT/sample code/FREERTOS/workspace/thirdparty/FreeRTOS/portable/GCC/ARM_CM4F" -I"C:/Users/hoang/OneDrive - ut.edu.vn/Desktop/PROJECT/sample code/FREERTOS/workspace/thirdparty/FreeRTOS" -I"C:/Users/hoang/OneDrive - ut.edu.vn/Desktop/PROJECT/sample code/FREERTOS/workspace/thirdparty/SEGGER VIEW/CONFIG" -I"C:/Users/hoang/OneDrive - ut.edu.vn/Desktop/PROJECT/sample code/FREERTOS/workspace/thirdparty/SEGGER VIEW/OS" -I"C:/Users/hoang/OneDrive - ut.edu.vn/Desktop/PROJECT/sample code/FREERTOS/workspace/thirdparty/SEGGER VIEW/SEGGER" -I"C:/Users/hoang/OneDrive - ut.edu.vn/Desktop/PROJECT/sample code/FREERTOS/workspace/thirdparty/SEGGER VIEW/REC" -I../Core/Inc -O0 -ffunction-sections -fdata-sections -Wall -fstack-usage -MMD -MP -MF"Core/Src/stm32f4xx_it.d" -MT"Core/Src/stm32f4xx_it.o" --specs=nano.specs -mfpu=fpv4-sp-d16 -mfloat-abi=hard -mthumb -o "Core/Src/stm32f4xx_it.o"
arm-none-eabi-gcc "../Core/Src/syscalls.c" -mcpu=cortex-m4 -std=gnu11 -g3 -DDEBUG -DUSE_HAL_DRIVER -DSTM32F411xE -c -I../Drivers/STM32F4xx_HAL_Driver/Inc -I../Drivers/STM32F4xx_HAL_Driver/Inc/Legacy -I../Drivers/CMSIS/Device/ST/STM32F4xx/Include -I../Drivers/CMSIS/Include -I"C:/Users/hoang/OneDrive - ut.edu.vn/Desktop/PROJECT/sample code/FREERTOS/workspace/thirdparty/FreeRTOS/include" -I"C:/Users/hoang/OneDrive - ut.edu.vn/Desktop/PROJECT/sample code/FREERTOS/workspace/thirdparty/FreeRTOS/portable/GCC/ARM_CM4F" -I"C:/Users/hoang/OneDrive - ut.edu.vn/Desktop/PROJECT/sample code/FREERTOS/workspace/thirdparty/FreeRTOS" -I"C:/Users/hoang/OneDrive - ut.edu.vn/Desktop/PROJECT/sample code/FREERTOS/workspace/thirdparty/SEGGER VIEW/CONFIG" -I"C:/Users/hoang/OneDrive - ut.edu.vn/Desktop/PROJECT/sample code/FREERTOS/workspace/thirdparty/SEGGER VIEW/OS" -I"C:/Users/hoang/OneDrive - ut.edu.vn/Desktop/PROJECT/sample code/FREERTOS/workspace/thirdparty/SEGGER VIEW/SEGGER" -I"C:/Users/hoang/OneDrive - ut.edu.vn/Desktop/PROJECT/sample code/FREERTOS/workspace/thirdparty/SEGGER VIEW/REC" -I../Core/Inc -O0 -ffunction-sections -fdata-sections -Wall -fstack-usage -MMD -MP -MF"Core/Src/syscalls.d" -MT"Core/Src/syscalls.o" --specs=nano.specs -mfpu=fpv4-sp-d16 -mfloat-abi=hard -mthumb -o "Core/Src/syscalls.o"
arm-none-eabi-gcc "../Core/Src/sysmem.c" -mcpu=cortex-m4 -std=gnu11 -g3 -DDEBUG -DUSE_HAL_DRIVER -DSTM32F411xE -c -I../Drivers/STM32F4xx_HAL_Driver/Inc -I../Drivers/STM32F4xx_HAL_Driver/Inc/Legacy -I../Drivers/CMSIS/Device/ST/STM32F4xx/Include -I../Drivers/CMSIS/Include -I"C:/Users/hoang/OneDrive - ut.edu.vn/Desktop/PROJECT/sample code/FREERTOS/workspace/thirdparty/FreeRTOS/include" -I"C:/Users/hoang/OneDrive - ut.edu.vn/Desktop/PROJECT/sample code/FREERTOS/workspace/thirdparty/FreeRTOS/portable/GCC/ARM_CM4F" -I"C:/Users/hoang/OneDrive - ut.edu.vn/Desktop/PROJECT/sample code/FREERTOS/workspace/thirdparty/FreeRTOS" -I"C:/Users/hoang/OneDrive - ut.edu.vn/Desktop/PROJECT/sample code/FREERTOS/workspace/thirdparty/SEGGER VIEW/CONFIG" -I"C:/Users/hoang/OneDrive - ut.edu.vn/Desktop/PROJECT/sample code/FREERTOS/workspace/thirdparty/SEGGER VIEW/OS" -I"C:/Users/hoang/OneDrive - ut.edu.vn/Desktop/PROJECT/sample code/FREERTOS/workspace/thirdparty/SEGGER VIEW/SEGGER" -I"C:/Users/hoang/OneDrive - ut.edu.vn/Desktop/PROJECT/sample code/FREERTOS/workspace/thirdparty/SEGGER VIEW/REC" -I../Core/Inc -O0 -ffunction-sections -fdata-sections -Wall -fstack-usage -MMD -MP -MF"Core/Src/sysmem.d" -MT"Core/Src/sysmem.o" --specs=nano.specs -mfpu=fpv4-sp-d16 -mfloat-abi=hard -mthumb -o "Core/Src/sysmem.o"
arm-none-eabi-gcc "../Core/Src/system_stm32f4xx.c" -mcpu=cortex-m4 -std=gnu11 -g3 -DDEBUG -DUSE_HAL_DRIVER -DSTM32F411xE -c -I../Drivers/STM32F4xx_HAL_Driver/Inc -I../Drivers/STM32F4xx_HAL_Driver/Inc/Legacy -I../Drivers/CMSIS/Device/ST/STM32F4xx/Include -I../Drivers/CMSIS/Include -I"C:/Users/hoang/OneDrive - ut.edu.vn/Desktop/PROJECT/sample code/FREERTOS/workspace/thirdparty/FreeRTOS/include" -I"C:/Users/hoang/OneDrive - ut.edu.vn/Desktop/PROJECT/sample code/FREERTOS/workspace/thirdparty/FreeRTOS/portable/GCC/ARM_CM4F" -I"C:/Users/hoang/OneDrive - ut.edu.vn/Desktop/PROJECT/sample code/FREERTOS/workspace/thirdparty/FreeRTOS" -I"C:/Users/hoang/OneDrive - ut.edu.vn/Desktop/PROJECT/sample code/FREERTOS/workspace/thirdparty/SEGGER VIEW/CONFIG" -I"C:/Users/hoang/OneDrive - ut.edu.vn/Desktop/PROJECT/sample code/FREERTOS/workspace/thirdparty/SEGGER VIEW/OS" -I"C:/Users/hoang/OneDrive - ut.edu.vn/Desktop/PROJECT/sample code/FREERTOS/workspace/thirdparty/SEGGER VIEW/SEGGER" -I"C:/Users/hoang/OneDrive - ut.edu.vn/Desktop/PROJECT/sample code/FREERTOS/workspace/thirdparty/SEGGER VIEW/REC" -I../Core/Inc -O0 -ffunction-sections -fdata-sections -Wall -fstack-usage -MMD -MP -MF"Core/Src/system_stm32f4xx.d" -MT"Core/Src/system_stm32f4xx.o" --specs=nano.specs -mfpu=fpv4-sp-d16 -mfloat-abi=hard -mthumb -o "Core/Src/system_stm32f4xx.o"
arm-none-eabi-gcc -o "10_freertos_6task.elf" @"objects.list"   -mcpu=cortex-m4 -T"C:\Users\hoang\OneDrive - ut.edu.vn\Desktop\PROJECT\sample code\FREERTOS\workspace\10_freertos_6task\STM32F411VETX_FLASH.ld" --specs=nosys.specs -Wl,-Map="10_freertos_6task.map" -Wl,--gc-sections -static --specs=nano.specs -mfpu=fpv4-sp-d16 -mfloat-abi=hard -mthumb -Wl,--start-group -lc -lm -Wl,--end-group
Finished building target: 10_freertos_6task.elf
 
arm-none-eabi-size   10_freertos_6task.elf 
arm-none-eabi-objdump -h -S  10_freertos_6task.elf  > "10_freertos_6task.list"
arm-none-eabi-objcopy  -O binary  10_freertos_6task.elf  "10_freertos_6task.bin"
   text	   data	    bss	    dec	    hex	filename
  24084	     36	  81532	 105652	  19cb4	10_freertos_6task.elf
Finished building: default.size.stdout
 
Finished building: 10_freertos_6task.bin
 
Finished building: 10_freertos_6task.list
 

16:05:28 Build Finished. 0 errors, 0 warnings. (took 3s.785ms)

