16:35:30 **** Incremental Build of configuration Debug for project 12_freertos_3tasks_keypad_lcd_rtc ****
make -j8 all 
arm-none-eabi-gcc "../user_drivers/Src/ds3231_hal.c" -mcpu=cortex-m4 -std=gnu11 -g3 -DDEBUG -DUSE_HAL_DRIVER -DSTM32F411xE -c -I../Drivers/STM32F4xx_HAL_Driver/Inc -I../Drivers/STM32F4xx_HAL_Driver/Inc/Legacy -I../Drivers/CMSIS/Device/ST/STM32F4xx/Include -I../Drivers/CMSIS/Include -I"C:/Users/hoang/OneDrive - ut.edu.vn/Desktop/PROJECT/sample code/FREERTOS/workspace/thirdparty/FreeRTOS/include" -I"C:/Users/hoang/OneDrive - ut.edu.vn/Desktop/PROJECT/sample code/FREERTOS/workspace/thirdparty/FreeRTOS/portable/GCC/ARM_CM4F" -I"C:/Users/hoang/OneDrive - ut.edu.vn/Desktop/PROJECT/sample code/FREERTOS/workspace/thirdparty/FreeRTOS" -I"C:/Users/hoang/OneDrive - ut.edu.vn/Desktop/PROJECT/sample code/FREERTOS/workspace/thirdparty/SEGGER VIEW/CONFIG" -I"C:/Users/hoang/OneDrive - ut.edu.vn/Desktop/PROJECT/sample code/FREERTOS/workspace/thirdparty/SEGGER VIEW/OS" -I"C:/Users/hoang/OneDrive - ut.edu.vn/Desktop/PROJECT/sample code/FREERTOS/workspace/thirdparty/SEGGER VIEW/SEGGER" -I"C:/Users/hoang/OneDrive - ut.edu.vn/Desktop/PROJECT/sample code/FREERTOS/workspace/thirdparty/SEGGER VIEW/REC" -I../Core/Inc -I"C:/Users/hoang/OneDrive - ut.edu.vn/Desktop/PROJECT/sample code/FREERTOS/workspace/12_freertos_3tasks_keypad_lcd_rtc/user_drivers/Inc" -O0 -ffunction-sections -fdata-sections -Wall -fstack-usage -MMD -MP -MF"user_drivers/Src/ds3231_hal.d" -MT"user_drivers/Src/ds3231_hal.o" --specs=nano.specs -mfpu=fpv4-sp-d16 -mfloat-abi=hard -mthumb -o "user_drivers/Src/ds3231_hal.o"
arm-none-eabi-gcc "../user_drivers/Src/keypad_4x4.c" -mcpu=cortex-m4 -std=gnu11 -g3 -DDEBUG -DUSE_HAL_DRIVER -DSTM32F411xE -c -I../Drivers/STM32F4xx_HAL_Driver/Inc -I../Drivers/STM32F4xx_HAL_Driver/Inc/Legacy -I../Drivers/CMSIS/Device/ST/STM32F4xx/Include -I../Drivers/CMSIS/Include -I"C:/Users/hoang/OneDrive - ut.edu.vn/Desktop/PROJECT/sample code/FREERTOS/workspace/thirdparty/FreeRTOS/include" -I"C:/Users/hoang/OneDrive - ut.edu.vn/Desktop/PROJECT/sample code/FREERTOS/workspace/thirdparty/FreeRTOS/portable/GCC/ARM_CM4F" -I"C:/Users/hoang/OneDrive - ut.edu.vn/Desktop/PROJECT/sample code/FREERTOS/workspace/thirdparty/FreeRTOS" -I"C:/Users/hoang/OneDrive - ut.edu.vn/Desktop/PROJECT/sample code/FREERTOS/workspace/thirdparty/SEGGER VIEW/CONFIG" -I"C:/Users/hoang/OneDrive - ut.edu.vn/Desktop/PROJECT/sample code/FREERTOS/workspace/thirdparty/SEGGER VIEW/OS" -I"C:/Users/hoang/OneDrive - ut.edu.vn/Desktop/PROJECT/sample code/FREERTOS/workspace/thirdparty/SEGGER VIEW/SEGGER" -I"C:/Users/hoang/OneDrive - ut.edu.vn/Desktop/PROJECT/sample code/FREERTOS/workspace/thirdparty/SEGGER VIEW/REC" -I../Core/Inc -I"C:/Users/hoang/OneDrive - ut.edu.vn/Desktop/PROJECT/sample code/FREERTOS/workspace/12_freertos_3tasks_keypad_lcd_rtc/user_drivers/Inc" -O0 -ffunction-sections -fdata-sections -Wall -fstack-usage -MMD -MP -MF"user_drivers/Src/keypad_4x4.d" -MT"user_drivers/Src/keypad_4x4.o" --specs=nano.specs -mfpu=fpv4-sp-d16 -mfloat-abi=hard -mthumb -o "user_drivers/Src/keypad_4x4.o"
arm-none-eabi-gcc "../user_drivers/Src/lcd_hal.c" -mcpu=cortex-m4 -std=gnu11 -g3 -DDEBUG -DUSE_HAL_DRIVER -DSTM32F411xE -c -I../Drivers/STM32F4xx_HAL_Driver/Inc -I../Drivers/STM32F4xx_HAL_Driver/Inc/Legacy -I../Drivers/CMSIS/Device/ST/STM32F4xx/Include -I../Drivers/CMSIS/Include -I"C:/Users/hoang/OneDrive - ut.edu.vn/Desktop/PROJECT/sample code/FREERTOS/workspace/thirdparty/FreeRTOS/include" -I"C:/Users/hoang/OneDrive - ut.edu.vn/Desktop/PROJECT/sample code/FREERTOS/workspace/thirdparty/FreeRTOS/portable/GCC/ARM_CM4F" -I"C:/Users/hoang/OneDrive - ut.edu.vn/Desktop/PROJECT/sample code/FREERTOS/workspace/thirdparty/FreeRTOS" -I"C:/Users/hoang/OneDrive - ut.edu.vn/Desktop/PROJECT/sample code/FREERTOS/workspace/thirdparty/SEGGER VIEW/CONFIG" -I"C:/Users/hoang/OneDrive - ut.edu.vn/Desktop/PROJECT/sample code/FREERTOS/workspace/thirdparty/SEGGER VIEW/OS" -I"C:/Users/hoang/OneDrive - ut.edu.vn/Desktop/PROJECT/sample code/FREERTOS/workspace/thirdparty/SEGGER VIEW/SEGGER" -I"C:/Users/hoang/OneDrive - ut.edu.vn/Desktop/PROJECT/sample code/FREERTOS/workspace/thirdparty/SEGGER VIEW/REC" -I../Core/Inc -I"C:/Users/hoang/OneDrive - ut.edu.vn/Desktop/PROJECT/sample code/FREERTOS/workspace/12_freertos_3tasks_keypad_lcd_rtc/user_drivers/Inc" -O0 -ffunction-sections -fdata-sections -Wall -fstack-usage -MMD -MP -MF"user_drivers/Src/lcd_hal.d" -MT"user_drivers/Src/lcd_hal.o" --specs=nano.specs -mfpu=fpv4-sp-d16 -mfloat-abi=hard -mthumb -o "user_drivers/Src/lcd_hal.o"
arm-none-eabi-gcc "C:/Users/hoang/OneDrive - ut.edu.vn/Desktop/PROJECT/sample code/FREERTOS/workspace/thirdparty/SEGGER VIEW/REC/segger_uart.c" -mcpu=cortex-m4 -std=gnu11 -g3 -DDEBUG -DUSE_HAL_DRIVER -DSTM32F411xE -c -I../Drivers/STM32F4xx_HAL_Driver/Inc -I../Drivers/STM32F4xx_HAL_Driver/Inc/Legacy -I../Drivers/CMSIS/Device/ST/STM32F4xx/Include -I../Drivers/CMSIS/Include -I"C:/Users/hoang/OneDrive - ut.edu.vn/Desktop/PROJECT/sample code/FREERTOS/workspace/thirdparty/FreeRTOS/include" -I"C:/Users/hoang/OneDrive - ut.edu.vn/Desktop/PROJECT/sample code/FREERTOS/workspace/thirdparty/FreeRTOS/portable/GCC/ARM_CM4F" -I"C:/Users/hoang/OneDrive - ut.edu.vn/Desktop/PROJECT/sample code/FREERTOS/workspace/thirdparty/FreeRTOS" -I"C:/Users/hoang/OneDrive - ut.edu.vn/Desktop/PROJECT/sample code/FREERTOS/workspace/thirdparty/SEGGER VIEW/CONFIG" -I"C:/Users/hoang/OneDrive - ut.edu.vn/Desktop/PROJECT/sample code/FREERTOS/workspace/thirdparty/SEGGER VIEW/OS" -I"C:/Users/hoang/OneDrive - ut.edu.vn/Desktop/PROJECT/sample code/FREERTOS/workspace/thirdparty/SEGGER VIEW/SEGGER" -I"C:/Users/hoang/OneDrive - ut.edu.vn/Desktop/PROJECT/sample code/FREERTOS/workspace/thirdparty/SEGGER VIEW/REC" -I../Core/Inc -I"C:/Users/hoang/OneDrive - ut.edu.vn/Desktop/PROJECT/sample code/FREERTOS/workspace/12_freertos_3tasks_keypad_lcd_rtc/user_drivers/Inc" -O0 -ffunction-sections -fdata-sections -Wall -fstack-usage -MMD -MP -MF"thirdparty/SEGGER VIEW/REC/segger_uart.d" -MT"thirdparty/SEGGER VIEW/REC/segger_uart.o" --specs=nano.specs -mfpu=fpv4-sp-d16 -mfloat-abi=hard -mthumb -o "thirdparty/SEGGER VIEW/REC/segger_uart.o"
arm-none-eabi-gcc "../Drivers/STM32F4xx_HAL_Driver/Src/stm32f4xx_hal.c" -mcpu=cortex-m4 -std=gnu11 -g3 -DDEBUG -DUSE_HAL_DRIVER -DSTM32F411xE -c -I../Drivers/STM32F4xx_HAL_Driver/Inc -I../Drivers/STM32F4xx_HAL_Driver/Inc/Legacy -I../Drivers/CMSIS/Device/ST/STM32F4xx/Include -I../Drivers/CMSIS/Include -I"C:/Users/hoang/OneDrive - ut.edu.vn/Desktop/PROJECT/sample code/FREERTOS/workspace/thirdparty/FreeRTOS/include" -I"C:/Users/hoang/OneDrive - ut.edu.vn/Desktop/PROJECT/sample code/FREERTOS/workspace/thirdparty/FreeRTOS/portable/GCC/ARM_CM4F" -I"C:/Users/hoang/OneDrive - ut.edu.vn/Desktop/PROJECT/sample code/FREERTOS/workspace/thirdparty/FreeRTOS" -I"C:/Users/hoang/OneDrive - ut.edu.vn/Desktop/PROJECT/sample code/FREERTOS/workspace/thirdparty/SEGGER VIEW/CONFIG" -I"C:/Users/hoang/OneDrive - ut.edu.vn/Desktop/PROJECT/sample code/FREERTOS/workspace/thirdparty/SEGGER VIEW/OS" -I"C:/Users/hoang/OneDrive - ut.edu.vn/Desktop/PROJECT/sample code/FREERTOS/workspace/thirdparty/SEGGER VIEW/SEGGER" -I"C:/Users/hoang/OneDrive - ut.edu.vn/Desktop/PROJECT/sample code/FREERTOS/workspace/thirdparty/SEGGER VIEW/REC" -I../Core/Inc -I"C:/Users/hoang/OneDrive - ut.edu.vn/Desktop/PROJECT/sample code/FREERTOS/workspace/12_freertos_3tasks_keypad_lcd_rtc/user_drivers/Inc" -O0 -ffunction-sections -fdata-sections -Wall -fstack-usage -MMD -MP -MF"Drivers/STM32F4xx_HAL_Driver/Src/stm32f4xx_hal.d" -MT"Drivers/STM32F4xx_HAL_Driver/Src/stm32f4xx_hal.o" --specs=nano.specs -mfpu=fpv4-sp-d16 -mfloat-abi=hard -mthumb -o "Drivers/STM32F4xx_HAL_Driver/Src/stm32f4xx_hal.o"
arm-none-eabi-gcc "../Drivers/STM32F4xx_HAL_Driver/Src/stm32f4xx_hal_cortex.c" -mcpu=cortex-m4 -std=gnu11 -g3 -DDEBUG -DUSE_HAL_DRIVER -DSTM32F411xE -c -I../Drivers/STM32F4xx_HAL_Driver/Inc -I../Drivers/STM32F4xx_HAL_Driver/Inc/Legacy -I../Drivers/CMSIS/Device/ST/STM32F4xx/Include -I../Drivers/CMSIS/Include -I"C:/Users/hoang/OneDrive - ut.edu.vn/Desktop/PROJECT/sample code/FREERTOS/workspace/thirdparty/FreeRTOS/include" -I"C:/Users/hoang/OneDrive - ut.edu.vn/Desktop/PROJECT/sample code/FREERTOS/workspace/thirdparty/FreeRTOS/portable/GCC/ARM_CM4F" -I"C:/Users/hoang/OneDrive - ut.edu.vn/Desktop/PROJECT/sample code/FREERTOS/workspace/thirdparty/FreeRTOS" -I"C:/Users/hoang/OneDrive - ut.edu.vn/Desktop/PROJECT/sample code/FREERTOS/workspace/thirdparty/SEGGER VIEW/CONFIG" -I"C:/Users/hoang/OneDrive - ut.edu.vn/Desktop/PROJECT/sample code/FREERTOS/workspace/thirdparty/SEGGER VIEW/OS" -I"C:/Users/hoang/OneDrive - ut.edu.vn/Desktop/PROJECT/sample code/FREERTOS/workspace/thirdparty/SEGGER VIEW/SEGGER" -I"C:/Users/hoang/OneDrive - ut.edu.vn/Desktop/PROJECT/sample code/FREERTOS/workspace/thirdparty/SEGGER VIEW/REC" -I../Core/Inc -I"C:/Users/hoang/OneDrive - ut.edu.vn/Desktop/PROJECT/sample code/FREERTOS/workspace/12_freertos_3tasks_keypad_lcd_rtc/user_drivers/Inc" -O0 -ffunction-sections -fdata-sections -Wall -fstack-usage -MMD -MP -MF"Drivers/STM32F4xx_HAL_Driver/Src/stm32f4xx_hal_cortex.d" -MT"Drivers/STM32F4xx_HAL_Driver/Src/stm32f4xx_hal_cortex.o" --specs=nano.specs -mfpu=fpv4-sp-d16 -mfloat-abi=hard -mthumb -o "Drivers/STM32F4xx_HAL_Driver/Src/stm32f4xx_hal_cortex.o"
arm-none-eabi-gcc "../Drivers/STM32F4xx_HAL_Driver/Src/stm32f4xx_hal_dma.c" -mcpu=cortex-m4 -std=gnu11 -g3 -DDEBUG -DUSE_HAL_DRIVER -DSTM32F411xE -c -I../Drivers/STM32F4xx_HAL_Driver/Inc -I../Drivers/STM32F4xx_HAL_Driver/Inc/Legacy -I../Drivers/CMSIS/Device/ST/STM32F4xx/Include -I../Drivers/CMSIS/Include -I"C:/Users/hoang/OneDrive - ut.edu.vn/Desktop/PROJECT/sample code/FREERTOS/workspace/thirdparty/FreeRTOS/include" -I"C:/Users/hoang/OneDrive - ut.edu.vn/Desktop/PROJECT/sample code/FREERTOS/workspace/thirdparty/FreeRTOS/portable/GCC/ARM_CM4F" -I"C:/Users/hoang/OneDrive - ut.edu.vn/Desktop/PROJECT/sample code/FREERTOS/workspace/thirdparty/FreeRTOS" -I"C:/Users/hoang/OneDrive - ut.edu.vn/Desktop/PROJECT/sample code/FREERTOS/workspace/thirdparty/SEGGER VIEW/CONFIG" -I"C:/Users/hoang/OneDrive - ut.edu.vn/Desktop/PROJECT/sample code/FREERTOS/workspace/thirdparty/SEGGER VIEW/OS" -I"C:/Users/hoang/OneDrive - ut.edu.vn/Desktop/PROJECT/sample code/FREERTOS/workspace/thirdparty/SEGGER VIEW/SEGGER" -I"C:/Users/hoang/OneDrive - ut.edu.vn/Desktop/PROJECT/sample code/FREERTOS/workspace/thirdparty/SEGGER VIEW/REC" -I../Core/Inc -I"C:/Users/hoang/OneDrive - ut.edu.vn/Desktop/PROJECT/sample code/FREERTOS/workspace/12_freertos_3tasks_keypad_lcd_rtc/user_drivers/Inc" -O0 -ffunction-sections -fdata-sections -Wall -fstack-usage -MMD -MP -MF"Drivers/STM32F4xx_HAL_Driver/Src/stm32f4xx_hal_dma.d" -MT"Drivers/STM32F4xx_HAL_Driver/Src/stm32f4xx_hal_dma.o" --specs=nano.specs -mfpu=fpv4-sp-d16 -mfloat-abi=hard -mthumb -o "Drivers/STM32F4xx_HAL_Driver/Src/stm32f4xx_hal_dma.o"
arm-none-eabi-gcc "../Drivers/STM32F4xx_HAL_Driver/Src/stm32f4xx_hal_dma_ex.c" -mcpu=cortex-m4 -std=gnu11 -g3 -DDEBUG -DUSE_HAL_DRIVER -DSTM32F411xE -c -I../Drivers/STM32F4xx_HAL_Driver/Inc -I../Drivers/STM32F4xx_HAL_Driver/Inc/Legacy -I../Drivers/CMSIS/Device/ST/STM32F4xx/Include -I../Drivers/CMSIS/Include -I"C:/Users/hoang/OneDrive - ut.edu.vn/Desktop/PROJECT/sample code/FREERTOS/workspace/thirdparty/FreeRTOS/include" -I"C:/Users/hoang/OneDrive - ut.edu.vn/Desktop/PROJECT/sample code/FREERTOS/workspace/thirdparty/FreeRTOS/portable/GCC/ARM_CM4F" -I"C:/Users/hoang/OneDrive - ut.edu.vn/Desktop/PROJECT/sample code/FREERTOS/workspace/thirdparty/FreeRTOS" -I"C:/Users/hoang/OneDrive - ut.edu.vn/Desktop/PROJECT/sample code/FREERTOS/workspace/thirdparty/SEGGER VIEW/CONFIG" -I"C:/Users/hoang/OneDrive - ut.edu.vn/Desktop/PROJECT/sample code/FREERTOS/workspace/thirdparty/SEGGER VIEW/OS" -I"C:/Users/hoang/OneDrive - ut.edu.vn/Desktop/PROJECT/sample code/FREERTOS/workspace/thirdparty/SEGGER VIEW/SEGGER" -I"C:/Users/hoang/OneDrive - ut.edu.vn/Desktop/PROJECT/sample code/FREERTOS/workspace/thirdparty/SEGGER VIEW/REC" -I../Core/Inc -I"C:/Users/hoang/OneDrive - ut.edu.vn/Desktop/PROJECT/sample code/FREERTOS/workspace/12_freertos_3tasks_keypad_lcd_rtc/user_drivers/Inc" -O0 -ffunction-sections -fdata-sections -Wall -fstack-usage -MMD -MP -MF"Drivers/STM32F4xx_HAL_Driver/Src/stm32f4xx_hal_dma_ex.d" -MT"Drivers/STM32F4xx_HAL_Driver/Src/stm32f4xx_hal_dma_ex.o" --specs=nano.specs -mfpu=fpv4-sp-d16 -mfloat-abi=hard -mthumb -o "Drivers/STM32F4xx_HAL_Driver/Src/stm32f4xx_hal_dma_ex.o"
arm-none-eabi-gcc "../Drivers/STM32F4xx_HAL_Driver/Src/stm32f4xx_hal_exti.c" -mcpu=cortex-m4 -std=gnu11 -g3 -DDEBUG -DUSE_HAL_DRIVER -DSTM32F411xE -c -I../Drivers/STM32F4xx_HAL_Driver/Inc -I../Drivers/STM32F4xx_HAL_Driver/Inc/Legacy -I../Drivers/CMSIS/Device/ST/STM32F4xx/Include -I../Drivers/CMSIS/Include -I"C:/Users/hoang/OneDrive - ut.edu.vn/Desktop/PROJECT/sample code/FREERTOS/workspace/thirdparty/FreeRTOS/include" -I"C:/Users/hoang/OneDrive - ut.edu.vn/Desktop/PROJECT/sample code/FREERTOS/workspace/thirdparty/FreeRTOS/portable/GCC/ARM_CM4F" -I"C:/Users/hoang/OneDrive - ut.edu.vn/Desktop/PROJECT/sample code/FREERTOS/workspace/thirdparty/FreeRTOS" -I"C:/Users/hoang/OneDrive - ut.edu.vn/Desktop/PROJECT/sample code/FREERTOS/workspace/thirdparty/SEGGER VIEW/CONFIG" -I"C:/Users/hoang/OneDrive - ut.edu.vn/Desktop/PROJECT/sample code/FREERTOS/workspace/thirdparty/SEGGER VIEW/OS" -I"C:/Users/hoang/OneDrive - ut.edu.vn/Desktop/PROJECT/sample code/FREERTOS/workspace/thirdparty/SEGGER VIEW/SEGGER" -I"C:/Users/hoang/OneDrive - ut.edu.vn/Desktop/PROJECT/sample code/FREERTOS/workspace/thirdparty/SEGGER VIEW/REC" -I../Core/Inc -I"C:/Users/hoang/OneDrive - ut.edu.vn/Desktop/PROJECT/sample code/FREERTOS/workspace/12_freertos_3tasks_keypad_lcd_rtc/user_drivers/Inc" -O0 -ffunction-sections -fdata-sections -Wall -fstack-usage -MMD -MP -MF"Drivers/STM32F4xx_HAL_Driver/Src/stm32f4xx_hal_exti.d" -MT"Drivers/STM32F4xx_HAL_Driver/Src/stm32f4xx_hal_exti.o" --specs=nano.specs -mfpu=fpv4-sp-d16 -mfloat-abi=hard -mthumb -o "Drivers/STM32F4xx_HAL_Driver/Src/stm32f4xx_hal_exti.o"
arm-none-eabi-gcc "../Drivers/STM32F4xx_HAL_Driver/Src/stm32f4xx_hal_flash.c" -mcpu=cortex-m4 -std=gnu11 -g3 -DDEBUG -DUSE_HAL_DRIVER -DSTM32F411xE -c -I../Drivers/STM32F4xx_HAL_Driver/Inc -I../Drivers/STM32F4xx_HAL_Driver/Inc/Legacy -I../Drivers/CMSIS/Device/ST/STM32F4xx/Include -I../Drivers/CMSIS/Include -I"C:/Users/hoang/OneDrive - ut.edu.vn/Desktop/PROJECT/sample code/FREERTOS/workspace/thirdparty/FreeRTOS/include" -I"C:/Users/hoang/OneDrive - ut.edu.vn/Desktop/PROJECT/sample code/FREERTOS/workspace/thirdparty/FreeRTOS/portable/GCC/ARM_CM4F" -I"C:/Users/hoang/OneDrive - ut.edu.vn/Desktop/PROJECT/sample code/FREERTOS/workspace/thirdparty/FreeRTOS" -I"C:/Users/hoang/OneDrive - ut.edu.vn/Desktop/PROJECT/sample code/FREERTOS/workspace/thirdparty/SEGGER VIEW/CONFIG" -I"C:/Users/hoang/OneDrive - ut.edu.vn/Desktop/PROJECT/sample code/FREERTOS/workspace/thirdparty/SEGGER VIEW/OS" -I"C:/Users/hoang/OneDrive - ut.edu.vn/Desktop/PROJECT/sample code/FREERTOS/workspace/thirdparty/SEGGER VIEW/SEGGER" -I"C:/Users/hoang/OneDrive - ut.edu.vn/Desktop/PROJECT/sample code/FREERTOS/workspace/thirdparty/SEGGER VIEW/REC" -I../Core/Inc -I"C:/Users/hoang/OneDrive - ut.edu.vn/Desktop/PROJECT/sample code/FREERTOS/workspace/12_freertos_3tasks_keypad_lcd_rtc/user_drivers/Inc" -O0 -ffunction-sections -fdata-sections -Wall -fstack-usage -MMD -MP -MF"Drivers/STM32F4xx_HAL_Driver/Src/stm32f4xx_hal_flash.d" -MT"Drivers/STM32F4xx_HAL_Driver/Src/stm32f4xx_hal_flash.o" --specs=nano.specs -mfpu=fpv4-sp-d16 -mfloat-abi=hard -mthumb -o "Drivers/STM32F4xx_HAL_Driver/Src/stm32f4xx_hal_flash.o"
arm-none-eabi-gcc "../Drivers/STM32F4xx_HAL_Driver/Src/stm32f4xx_hal_flash_ex.c" -mcpu=cortex-m4 -std=gnu11 -g3 -DDEBUG -DUSE_HAL_DRIVER -DSTM32F411xE -c -I../Drivers/STM32F4xx_HAL_Driver/Inc -I../Drivers/STM32F4xx_HAL_Driver/Inc/Legacy -I../Drivers/CMSIS/Device/ST/STM32F4xx/Include -I../Drivers/CMSIS/Include -I"C:/Users/hoang/OneDrive - ut.edu.vn/Desktop/PROJECT/sample code/FREERTOS/workspace/thirdparty/FreeRTOS/include" -I"C:/Users/hoang/OneDrive - ut.edu.vn/Desktop/PROJECT/sample code/FREERTOS/workspace/thirdparty/FreeRTOS/portable/GCC/ARM_CM4F" -I"C:/Users/hoang/OneDrive - ut.edu.vn/Desktop/PROJECT/sample code/FREERTOS/workspace/thirdparty/FreeRTOS" -I"C:/Users/hoang/OneDrive - ut.edu.vn/Desktop/PROJECT/sample code/FREERTOS/workspace/thirdparty/SEGGER VIEW/CONFIG" -I"C:/Users/hoang/OneDrive - ut.edu.vn/Desktop/PROJECT/sample code/FREERTOS/workspace/thirdparty/SEGGER VIEW/OS" -I"C:/Users/hoang/OneDrive - ut.edu.vn/Desktop/PROJECT/sample code/FREERTOS/workspace/thirdparty/SEGGER VIEW/SEGGER" -I"C:/Users/hoang/OneDrive - ut.edu.vn/Desktop/PROJECT/sample code/FREERTOS/workspace/thirdparty/SEGGER VIEW/REC" -I../Core/Inc -I"C:/Users/hoang/OneDrive - ut.edu.vn/Desktop/PROJECT/sample code/FREERTOS/workspace/12_freertos_3tasks_keypad_lcd_rtc/user_drivers/Inc" -O0 -ffunction-sections -fdata-sections -Wall -fstack-usage -MMD -MP -MF"Drivers/STM32F4xx_HAL_Driver/Src/stm32f4xx_hal_flash_ex.d" -MT"Drivers/STM32F4xx_HAL_Driver/Src/stm32f4xx_hal_flash_ex.o" --specs=nano.specs -mfpu=fpv4-sp-d16 -mfloat-abi=hard -mthumb -o "Drivers/STM32F4xx_HAL_Driver/Src/stm32f4xx_hal_flash_ex.o"
arm-none-eabi-gcc "../Drivers/STM32F4xx_HAL_Driver/Src/stm32f4xx_hal_flash_ramfunc.c" -mcpu=cortex-m4 -std=gnu11 -g3 -DDEBUG -DUSE_HAL_DRIVER -DSTM32F411xE -c -I../Drivers/STM32F4xx_HAL_Driver/Inc -I../Drivers/STM32F4xx_HAL_Driver/Inc/Legacy -I../Drivers/CMSIS/Device/ST/STM32F4xx/Include -I../Drivers/CMSIS/Include -I"C:/Users/hoang/OneDrive - ut.edu.vn/Desktop/PROJECT/sample code/FREERTOS/workspace/thirdparty/FreeRTOS/include" -I"C:/Users/hoang/OneDrive - ut.edu.vn/Desktop/PROJECT/sample code/FREERTOS/workspace/thirdparty/FreeRTOS/portable/GCC/ARM_CM4F" -I"C:/Users/hoang/OneDrive - ut.edu.vn/Desktop/PROJECT/sample code/FREERTOS/workspace/thirdparty/FreeRTOS" -I"C:/Users/hoang/OneDrive - ut.edu.vn/Desktop/PROJECT/sample code/FREERTOS/workspace/thirdparty/SEGGER VIEW/CONFIG" -I"C:/Users/hoang/OneDrive - ut.edu.vn/Desktop/PROJECT/sample code/FREERTOS/workspace/thirdparty/SEGGER VIEW/OS" -I"C:/Users/hoang/OneDrive - ut.edu.vn/Desktop/PROJECT/sample code/FREERTOS/workspace/thirdparty/SEGGER VIEW/SEGGER" -I"C:/Users/hoang/OneDrive - ut.edu.vn/Desktop/PROJECT/sample code/FREERTOS/workspace/thirdparty/SEGGER VIEW/REC" -I../Core/Inc -I"C:/Users/hoang/OneDrive - ut.edu.vn/Desktop/PROJECT/sample code/FREERTOS/workspace/12_freertos_3tasks_keypad_lcd_rtc/user_drivers/Inc" -O0 -ffunction-sections -fdata-sections -Wall -fstack-usage -MMD -MP -MF"Drivers/STM32F4xx_HAL_Driver/Src/stm32f4xx_hal_flash_ramfunc.d" -MT"Drivers/STM32F4xx_HAL_Driver/Src/stm32f4xx_hal_flash_ramfunc.o" --specs=nano.specs -mfpu=fpv4-sp-d16 -mfloat-abi=hard -mthumb -o "Drivers/STM32F4xx_HAL_Driver/Src/stm32f4xx_hal_flash_ramfunc.o"
arm-none-eabi-gcc "../Drivers/STM32F4xx_HAL_Driver/Src/stm32f4xx_hal_gpio.c" -mcpu=cortex-m4 -std=gnu11 -g3 -DDEBUG -DUSE_HAL_DRIVER -DSTM32F411xE -c -I../Drivers/STM32F4xx_HAL_Driver/Inc -I../Drivers/STM32F4xx_HAL_Driver/Inc/Legacy -I../Drivers/CMSIS/Device/ST/STM32F4xx/Include -I../Drivers/CMSIS/Include -I"C:/Users/hoang/OneDrive - ut.edu.vn/Desktop/PROJECT/sample code/FREERTOS/workspace/thirdparty/FreeRTOS/include" -I"C:/Users/hoang/OneDrive - ut.edu.vn/Desktop/PROJECT/sample code/FREERTOS/workspace/thirdparty/FreeRTOS/portable/GCC/ARM_CM4F" -I"C:/Users/hoang/OneDrive - ut.edu.vn/Desktop/PROJECT/sample code/FREERTOS/workspace/thirdparty/FreeRTOS" -I"C:/Users/hoang/OneDrive - ut.edu.vn/Desktop/PROJECT/sample code/FREERTOS/workspace/thirdparty/SEGGER VIEW/CONFIG" -I"C:/Users/hoang/OneDrive - ut.edu.vn/Desktop/PROJECT/sample code/FREERTOS/workspace/thirdparty/SEGGER VIEW/OS" -I"C:/Users/hoang/OneDrive - ut.edu.vn/Desktop/PROJECT/sample code/FREERTOS/workspace/thirdparty/SEGGER VIEW/SEGGER" -I"C:/Users/hoang/OneDrive - ut.edu.vn/Desktop/PROJECT/sample code/FREERTOS/workspace/thirdparty/SEGGER VIEW/REC" -I../Core/Inc -I"C:/Users/hoang/OneDrive - ut.edu.vn/Desktop/PROJECT/sample code/FREERTOS/workspace/12_freertos_3tasks_keypad_lcd_rtc/user_drivers/Inc" -O0 -ffunction-sections -fdata-sections -Wall -fstack-usage -MMD -MP -MF"Drivers/STM32F4xx_HAL_Driver/Src/stm32f4xx_hal_gpio.d" -MT"Drivers/STM32F4xx_HAL_Driver/Src/stm32f4xx_hal_gpio.o" --specs=nano.specs -mfpu=fpv4-sp-d16 -mfloat-abi=hard -mthumb -o "Drivers/STM32F4xx_HAL_Driver/Src/stm32f4xx_hal_gpio.o"
arm-none-eabi-gcc "../Drivers/STM32F4xx_HAL_Driver/Src/stm32f4xx_hal_i2c.c" -mcpu=cortex-m4 -std=gnu11 -g3 -DDEBUG -DUSE_HAL_DRIVER -DSTM32F411xE -c -I../Drivers/STM32F4xx_HAL_Driver/Inc -I../Drivers/STM32F4xx_HAL_Driver/Inc/Legacy -I../Drivers/CMSIS/Device/ST/STM32F4xx/Include -I../Drivers/CMSIS/Include -I"C:/Users/hoang/OneDrive - ut.edu.vn/Desktop/PROJECT/sample code/FREERTOS/workspace/thirdparty/FreeRTOS/include" -I"C:/Users/hoang/OneDrive - ut.edu.vn/Desktop/PROJECT/sample code/FREERTOS/workspace/thirdparty/FreeRTOS/portable/GCC/ARM_CM4F" -I"C:/Users/hoang/OneDrive - ut.edu.vn/Desktop/PROJECT/sample code/FREERTOS/workspace/thirdparty/FreeRTOS" -I"C:/Users/hoang/OneDrive - ut.edu.vn/Desktop/PROJECT/sample code/FREERTOS/workspace/thirdparty/SEGGER VIEW/CONFIG" -I"C:/Users/hoang/OneDrive - ut.edu.vn/Desktop/PROJECT/sample code/FREERTOS/workspace/thirdparty/SEGGER VIEW/OS" -I"C:/Users/hoang/OneDrive - ut.edu.vn/Desktop/PROJECT/sample code/FREERTOS/workspace/thirdparty/SEGGER VIEW/SEGGER" -I"C:/Users/hoang/OneDrive - ut.edu.vn/Desktop/PROJECT/sample code/FREERTOS/workspace/thirdparty/SEGGER VIEW/REC" -I../Core/Inc -I"C:/Users/hoang/OneDrive - ut.edu.vn/Desktop/PROJECT/sample code/FREERTOS/workspace/12_freertos_3tasks_keypad_lcd_rtc/user_drivers/Inc" -O0 -ffunction-sections -fdata-sections -Wall -fstack-usage -MMD -MP -MF"Drivers/STM32F4xx_HAL_Driver/Src/stm32f4xx_hal_i2c.d" -MT"Drivers/STM32F4xx_HAL_Driver/Src/stm32f4xx_hal_i2c.o" --specs=nano.specs -mfpu=fpv4-sp-d16 -mfloat-abi=hard -mthumb -o "Drivers/STM32F4xx_HAL_Driver/Src/stm32f4xx_hal_i2c.o"
arm-none-eabi-gcc "../Drivers/STM32F4xx_HAL_Driver/Src/stm32f4xx_hal_i2c_ex.c" -mcpu=cortex-m4 -std=gnu11 -g3 -DDEBUG -DUSE_HAL_DRIVER -DSTM32F411xE -c -I../Drivers/STM32F4xx_HAL_Driver/Inc -I../Drivers/STM32F4xx_HAL_Driver/Inc/Legacy -I../Drivers/CMSIS/Device/ST/STM32F4xx/Include -I../Drivers/CMSIS/Include -I"C:/Users/hoang/OneDrive - ut.edu.vn/Desktop/PROJECT/sample code/FREERTOS/workspace/thirdparty/FreeRTOS/include" -I"C:/Users/hoang/OneDrive - ut.edu.vn/Desktop/PROJECT/sample code/FREERTOS/workspace/thirdparty/FreeRTOS/portable/GCC/ARM_CM4F" -I"C:/Users/hoang/OneDrive - ut.edu.vn/Desktop/PROJECT/sample code/FREERTOS/workspace/thirdparty/FreeRTOS" -I"C:/Users/hoang/OneDrive - ut.edu.vn/Desktop/PROJECT/sample code/FREERTOS/workspace/thirdparty/SEGGER VIEW/CONFIG" -I"C:/Users/hoang/OneDrive - ut.edu.vn/Desktop/PROJECT/sample code/FREERTOS/workspace/thirdparty/SEGGER VIEW/OS" -I"C:/Users/hoang/OneDrive - ut.edu.vn/Desktop/PROJECT/sample code/FREERTOS/workspace/thirdparty/SEGGER VIEW/SEGGER" -I"C:/Users/hoang/OneDrive - ut.edu.vn/Desktop/PROJECT/sample code/FREERTOS/workspace/thirdparty/SEGGER VIEW/REC" -I../Core/Inc -I"C:/Users/hoang/OneDrive - ut.edu.vn/Desktop/PROJECT/sample code/FREERTOS/workspace/12_freertos_3tasks_keypad_lcd_rtc/user_drivers/Inc" -O0 -ffunction-sections -fdata-sections -Wall -fstack-usage -MMD -MP -MF"Drivers/STM32F4xx_HAL_Driver/Src/stm32f4xx_hal_i2c_ex.d" -MT"Drivers/STM32F4xx_HAL_Driver/Src/stm32f4xx_hal_i2c_ex.o" --specs=nano.specs -mfpu=fpv4-sp-d16 -mfloat-abi=hard -mthumb -o "Drivers/STM32F4xx_HAL_Driver/Src/stm32f4xx_hal_i2c_ex.o"
arm-none-eabi-gcc "../Drivers/STM32F4xx_HAL_Driver/Src/stm32f4xx_hal_pwr.c" -mcpu=cortex-m4 -std=gnu11 -g3 -DDEBUG -DUSE_HAL_DRIVER -DSTM32F411xE -c -I../Drivers/STM32F4xx_HAL_Driver/Inc -I../Drivers/STM32F4xx_HAL_Driver/Inc/Legacy -I../Drivers/CMSIS/Device/ST/STM32F4xx/Include -I../Drivers/CMSIS/Include -I"C:/Users/hoang/OneDrive - ut.edu.vn/Desktop/PROJECT/sample code/FREERTOS/workspace/thirdparty/FreeRTOS/include" -I"C:/Users/hoang/OneDrive - ut.edu.vn/Desktop/PROJECT/sample code/FREERTOS/workspace/thirdparty/FreeRTOS/portable/GCC/ARM_CM4F" -I"C:/Users/hoang/OneDrive - ut.edu.vn/Desktop/PROJECT/sample code/FREERTOS/workspace/thirdparty/FreeRTOS" -I"C:/Users/hoang/OneDrive - ut.edu.vn/Desktop/PROJECT/sample code/FREERTOS/workspace/thirdparty/SEGGER VIEW/CONFIG" -I"C:/Users/hoang/OneDrive - ut.edu.vn/Desktop/PROJECT/sample code/FREERTOS/workspace/thirdparty/SEGGER VIEW/OS" -I"C:/Users/hoang/OneDrive - ut.edu.vn/Desktop/PROJECT/sample code/FREERTOS/workspace/thirdparty/SEGGER VIEW/SEGGER" -I"C:/Users/hoang/OneDrive - ut.edu.vn/Desktop/PROJECT/sample code/FREERTOS/workspace/thirdparty/SEGGER VIEW/REC" -I../Core/Inc -I"C:/Users/hoang/OneDrive - ut.edu.vn/Desktop/PROJECT/sample code/FREERTOS/workspace/12_freertos_3tasks_keypad_lcd_rtc/user_drivers/Inc" -O0 -ffunction-sections -fdata-sections -Wall -fstack-usage -MMD -MP -MF"Drivers/STM32F4xx_HAL_Driver/Src/stm32f4xx_hal_pwr.d" -MT"Drivers/STM32F4xx_HAL_Driver/Src/stm32f4xx_hal_pwr.o" --specs=nano.specs -mfpu=fpv4-sp-d16 -mfloat-abi=hard -mthumb -o "Drivers/STM32F4xx_HAL_Driver/Src/stm32f4xx_hal_pwr.o"
arm-none-eabi-gcc "../Drivers/STM32F4xx_HAL_Driver/Src/stm32f4xx_hal_pwr_ex.c" -mcpu=cortex-m4 -std=gnu11 -g3 -DDEBUG -DUSE_HAL_DRIVER -DSTM32F411xE -c -I../Drivers/STM32F4xx_HAL_Driver/Inc -I../Drivers/STM32F4xx_HAL_Driver/Inc/Legacy -I../Drivers/CMSIS/Device/ST/STM32F4xx/Include -I../Drivers/CMSIS/Include -I"C:/Users/hoang/OneDrive - ut.edu.vn/Desktop/PROJECT/sample code/FREERTOS/workspace/thirdparty/FreeRTOS/include" -I"C:/Users/hoang/OneDrive - ut.edu.vn/Desktop/PROJECT/sample code/FREERTOS/workspace/thirdparty/FreeRTOS/portable/GCC/ARM_CM4F" -I"C:/Users/hoang/OneDrive - ut.edu.vn/Desktop/PROJECT/sample code/FREERTOS/workspace/thirdparty/FreeRTOS" -I"C:/Users/hoang/OneDrive - ut.edu.vn/Desktop/PROJECT/sample code/FREERTOS/workspace/thirdparty/SEGGER VIEW/CONFIG" -I"C:/Users/hoang/OneDrive - ut.edu.vn/Desktop/PROJECT/sample code/FREERTOS/workspace/thirdparty/SEGGER VIEW/OS" -I"C:/Users/hoang/OneDrive - ut.edu.vn/Desktop/PROJECT/sample code/FREERTOS/workspace/thirdparty/SEGGER VIEW/SEGGER" -I"C:/Users/hoang/OneDrive - ut.edu.vn/Desktop/PROJECT/sample code/FREERTOS/workspace/thirdparty/SEGGER VIEW/REC" -I../Core/Inc -I"C:/Users/hoang/OneDrive - ut.edu.vn/Desktop/PROJECT/sample code/FREERTOS/workspace/12_freertos_3tasks_keypad_lcd_rtc/user_drivers/Inc" -O0 -ffunction-sections -fdata-sections -Wall -fstack-usage -MMD -MP -MF"Drivers/STM32F4xx_HAL_Driver/Src/stm32f4xx_hal_pwr_ex.d" -MT"Drivers/STM32F4xx_HAL_Driver/Src/stm32f4xx_hal_pwr_ex.o" --specs=nano.specs -mfpu=fpv4-sp-d16 -mfloat-abi=hard -mthumb -o "Drivers/STM32F4xx_HAL_Driver/Src/stm32f4xx_hal_pwr_ex.o"
arm-none-eabi-gcc "../Drivers/STM32F4xx_HAL_Driver/Src/stm32f4xx_hal_rcc.c" -mcpu=cortex-m4 -std=gnu11 -g3 -DDEBUG -DUSE_HAL_DRIVER -DSTM32F411xE -c -I../Drivers/STM32F4xx_HAL_Driver/Inc -I../Drivers/STM32F4xx_HAL_Driver/Inc/Legacy -I../Drivers/CMSIS/Device/ST/STM32F4xx/Include -I../Drivers/CMSIS/Include -I"C:/Users/hoang/OneDrive - ut.edu.vn/Desktop/PROJECT/sample code/FREERTOS/workspace/thirdparty/FreeRTOS/include" -I"C:/Users/hoang/OneDrive - ut.edu.vn/Desktop/PROJECT/sample code/FREERTOS/workspace/thirdparty/FreeRTOS/portable/GCC/ARM_CM4F" -I"C:/Users/hoang/OneDrive - ut.edu.vn/Desktop/PROJECT/sample code/FREERTOS/workspace/thirdparty/FreeRTOS" -I"C:/Users/hoang/OneDrive - ut.edu.vn/Desktop/PROJECT/sample code/FREERTOS/workspace/thirdparty/SEGGER VIEW/CONFIG" -I"C:/Users/hoang/OneDrive - ut.edu.vn/Desktop/PROJECT/sample code/FREERTOS/workspace/thirdparty/SEGGER VIEW/OS" -I"C:/Users/hoang/OneDrive - ut.edu.vn/Desktop/PROJECT/sample code/FREERTOS/workspace/thirdparty/SEGGER VIEW/SEGGER" -I"C:/Users/hoang/OneDrive - ut.edu.vn/Desktop/PROJECT/sample code/FREERTOS/workspace/thirdparty/SEGGER VIEW/REC" -I../Core/Inc -I"C:/Users/hoang/OneDrive - ut.edu.vn/Desktop/PROJECT/sample code/FREERTOS/workspace/12_freertos_3tasks_keypad_lcd_rtc/user_drivers/Inc" -O0 -ffunction-sections -fdata-sections -Wall -fstack-usage -MMD -MP -MF"Drivers/STM32F4xx_HAL_Driver/Src/stm32f4xx_hal_rcc.d" -MT"Drivers/STM32F4xx_HAL_Driver/Src/stm32f4xx_hal_rcc.o" --specs=nano.specs -mfpu=fpv4-sp-d16 -mfloat-abi=hard -mthumb -o "Drivers/STM32F4xx_HAL_Driver/Src/stm32f4xx_hal_rcc.o"
arm-none-eabi-gcc "../Drivers/STM32F4xx_HAL_Driver/Src/stm32f4xx_hal_rcc_ex.c" -mcpu=cortex-m4 -std=gnu11 -g3 -DDEBUG -DUSE_HAL_DRIVER -DSTM32F411xE -c -I../Drivers/STM32F4xx_HAL_Driver/Inc -I../Drivers/STM32F4xx_HAL_Driver/Inc/Legacy -I../Drivers/CMSIS/Device/ST/STM32F4xx/Include -I../Drivers/CMSIS/Include -I"C:/Users/hoang/OneDrive - ut.edu.vn/Desktop/PROJECT/sample code/FREERTOS/workspace/thirdparty/FreeRTOS/include" -I"C:/Users/hoang/OneDrive - ut.edu.vn/Desktop/PROJECT/sample code/FREERTOS/workspace/thirdparty/FreeRTOS/portable/GCC/ARM_CM4F" -I"C:/Users/hoang/OneDrive - ut.edu.vn/Desktop/PROJECT/sample code/FREERTOS/workspace/thirdparty/FreeRTOS" -I"C:/Users/hoang/OneDrive - ut.edu.vn/Desktop/PROJECT/sample code/FREERTOS/workspace/thirdparty/SEGGER VIEW/CONFIG" -I"C:/Users/hoang/OneDrive - ut.edu.vn/Desktop/PROJECT/sample code/FREERTOS/workspace/thirdparty/SEGGER VIEW/OS" -I"C:/Users/hoang/OneDrive - ut.edu.vn/Desktop/PROJECT/sample code/FREERTOS/workspace/thirdparty/SEGGER VIEW/SEGGER" -I"C:/Users/hoang/OneDrive - ut.edu.vn/Desktop/PROJECT/sample code/FREERTOS/workspace/thirdparty/SEGGER VIEW/REC" -I../Core/Inc -I"C:/Users/hoang/OneDrive - ut.edu.vn/Desktop/PROJECT/sample code/FREERTOS/workspace/12_freertos_3tasks_keypad_lcd_rtc/user_drivers/Inc" -O0 -ffunction-sections -fdata-sections -Wall -fstack-usage -MMD -MP -MF"Drivers/STM32F4xx_HAL_Driver/Src/stm32f4xx_hal_rcc_ex.d" -MT"Drivers/STM32F4xx_HAL_Driver/Src/stm32f4xx_hal_rcc_ex.o" --specs=nano.specs -mfpu=fpv4-sp-d16 -mfloat-abi=hard -mthumb -o "Drivers/STM32F4xx_HAL_Driver/Src/stm32f4xx_hal_rcc_ex.o"
arm-none-eabi-gcc "../Drivers/STM32F4xx_HAL_Driver/Src/stm32f4xx_hal_tim.c" -mcpu=cortex-m4 -std=gnu11 -g3 -DDEBUG -DUSE_HAL_DRIVER -DSTM32F411xE -c -I../Drivers/STM32F4xx_HAL_Driver/Inc -I../Drivers/STM32F4xx_HAL_Driver/Inc/Legacy -I../Drivers/CMSIS/Device/ST/STM32F4xx/Include -I../Drivers/CMSIS/Include -I"C:/Users/hoang/OneDrive - ut.edu.vn/Desktop/PROJECT/sample code/FREERTOS/workspace/thirdparty/FreeRTOS/include" -I"C:/Users/hoang/OneDrive - ut.edu.vn/Desktop/PROJECT/sample code/FREERTOS/workspace/thirdparty/FreeRTOS/portable/GCC/ARM_CM4F" -I"C:/Users/hoang/OneDrive - ut.edu.vn/Desktop/PROJECT/sample code/FREERTOS/workspace/thirdparty/FreeRTOS" -I"C:/Users/hoang/OneDrive - ut.edu.vn/Desktop/PROJECT/sample code/FREERTOS/workspace/thirdparty/SEGGER VIEW/CONFIG" -I"C:/Users/hoang/OneDrive - ut.edu.vn/Desktop/PROJECT/sample code/FREERTOS/workspace/thirdparty/SEGGER VIEW/OS" -I"C:/Users/hoang/OneDrive - ut.edu.vn/Desktop/PROJECT/sample code/FREERTOS/workspace/thirdparty/SEGGER VIEW/SEGGER" -I"C:/Users/hoang/OneDrive - ut.edu.vn/Desktop/PROJECT/sample code/FREERTOS/workspace/thirdparty/SEGGER VIEW/REC" -I../Core/Inc -I"C:/Users/hoang/OneDrive - ut.edu.vn/Desktop/PROJECT/sample code/FREERTOS/workspace/12_freertos_3tasks_keypad_lcd_rtc/user_drivers/Inc" -O0 -ffunction-sections -fdata-sections -Wall -fstack-usage -MMD -MP -MF"Drivers/STM32F4xx_HAL_Driver/Src/stm32f4xx_hal_tim.d" -MT"Drivers/STM32F4xx_HAL_Driver/Src/stm32f4xx_hal_tim.o" --specs=nano.specs -mfpu=fpv4-sp-d16 -mfloat-abi=hard -mthumb -o "Drivers/STM32F4xx_HAL_Driver/Src/stm32f4xx_hal_tim.o"
arm-none-eabi-gcc "../Drivers/STM32F4xx_HAL_Driver/Src/stm32f4xx_hal_tim_ex.c" -mcpu=cortex-m4 -std=gnu11 -g3 -DDEBUG -DUSE_HAL_DRIVER -DSTM32F411xE -c -I../Drivers/STM32F4xx_HAL_Driver/Inc -I../Drivers/STM32F4xx_HAL_Driver/Inc/Legacy -I../Drivers/CMSIS/Device/ST/STM32F4xx/Include -I../Drivers/CMSIS/Include -I"C:/Users/hoang/OneDrive - ut.edu.vn/Desktop/PROJECT/sample code/FREERTOS/workspace/thirdparty/FreeRTOS/include" -I"C:/Users/hoang/OneDrive - ut.edu.vn/Desktop/PROJECT/sample code/FREERTOS/workspace/thirdparty/FreeRTOS/portable/GCC/ARM_CM4F" -I"C:/Users/hoang/OneDrive - ut.edu.vn/Desktop/PROJECT/sample code/FREERTOS/workspace/thirdparty/FreeRTOS" -I"C:/Users/hoang/OneDrive - ut.edu.vn/Desktop/PROJECT/sample code/FREERTOS/workspace/thirdparty/SEGGER VIEW/CONFIG" -I"C:/Users/hoang/OneDrive - ut.edu.vn/Desktop/PROJECT/sample code/FREERTOS/workspace/thirdparty/SEGGER VIEW/OS" -I"C:/Users/hoang/OneDrive - ut.edu.vn/Desktop/PROJECT/sample code/FREERTOS/workspace/thirdparty/SEGGER VIEW/SEGGER" -I"C:/Users/hoang/OneDrive - ut.edu.vn/Desktop/PROJECT/sample code/FREERTOS/workspace/thirdparty/SEGGER VIEW/REC" -I../Core/Inc -I"C:/Users/hoang/OneDrive - ut.edu.vn/Desktop/PROJECT/sample code/FREERTOS/workspace/12_freertos_3tasks_keypad_lcd_rtc/user_drivers/Inc" -O0 -ffunction-sections -fdata-sections -Wall -fstack-usage -MMD -MP -MF"Drivers/STM32F4xx_HAL_Driver/Src/stm32f4xx_hal_tim_ex.d" -MT"Drivers/STM32F4xx_HAL_Driver/Src/stm32f4xx_hal_tim_ex.o" --specs=nano.specs -mfpu=fpv4-sp-d16 -mfloat-abi=hard -mthumb -o "Drivers/STM32F4xx_HAL_Driver/Src/stm32f4xx_hal_tim_ex.o"
arm-none-eabi-gcc "../Core/Src/main.c" -mcpu=cortex-m4 -std=gnu11 -g3 -DDEBUG -DUSE_HAL_DRIVER -DSTM32F411xE -c -I../Drivers/STM32F4xx_HAL_Driver/Inc -I../Drivers/STM32F4xx_HAL_Driver/Inc/Legacy -I../Drivers/CMSIS/Device/ST/STM32F4xx/Include -I../Drivers/CMSIS/Include -I"C:/Users/hoang/OneDrive - ut.edu.vn/Desktop/PROJECT/sample code/FREERTOS/workspace/thirdparty/FreeRTOS/include" -I"C:/Users/hoang/OneDrive - ut.edu.vn/Desktop/PROJECT/sample code/FREERTOS/workspace/thirdparty/FreeRTOS/portable/GCC/ARM_CM4F" -I"C:/Users/hoang/OneDrive - ut.edu.vn/Desktop/PROJECT/sample code/FREERTOS/workspace/thirdparty/FreeRTOS" -I"C:/Users/hoang/OneDrive - ut.edu.vn/Desktop/PROJECT/sample code/FREERTOS/workspace/thirdparty/SEGGER VIEW/CONFIG" -I"C:/Users/hoang/OneDrive - ut.edu.vn/Desktop/PROJECT/sample code/FREERTOS/workspace/thirdparty/SEGGER VIEW/OS" -I"C:/Users/hoang/OneDrive - ut.edu.vn/Desktop/PROJECT/sample code/FREERTOS/workspace/thirdparty/SEGGER VIEW/SEGGER" -I"C:/Users/hoang/OneDrive - ut.edu.vn/Desktop/PROJECT/sample code/FREERTOS/workspace/thirdparty/SEGGER VIEW/REC" -I../Core/Inc -I"C:/Users/hoang/OneDrive - ut.edu.vn/Desktop/PROJECT/sample code/FREERTOS/workspace/12_freertos_3tasks_keypad_lcd_rtc/user_drivers/Inc" -O0 -ffunction-sections -fdata-sections -Wall -fstack-usage -MMD -MP -MF"Core/Src/main.d" -MT"Core/Src/main.o" --specs=nano.specs -mfpu=fpv4-sp-d16 -mfloat-abi=hard -mthumb -o "Core/Src/main.o"
arm-none-eabi-gcc "../Core/Src/stm32f4xx_hal_msp.c" -mcpu=cortex-m4 -std=gnu11 -g3 -DDEBUG -DUSE_HAL_DRIVER -DSTM32F411xE -c -I../Drivers/STM32F4xx_HAL_Driver/Inc -I../Drivers/STM32F4xx_HAL_Driver/Inc/Legacy -I../Drivers/CMSIS/Device/ST/STM32F4xx/Include -I../Drivers/CMSIS/Include -I"C:/Users/hoang/OneDrive - ut.edu.vn/Desktop/PROJECT/sample code/FREERTOS/workspace/thirdparty/FreeRTOS/include" -I"C:/Users/hoang/OneDrive - ut.edu.vn/Desktop/PROJECT/sample code/FREERTOS/workspace/thirdparty/FreeRTOS/portable/GCC/ARM_CM4F" -I"C:/Users/hoang/OneDrive - ut.edu.vn/Desktop/PROJECT/sample code/FREERTOS/workspace/thirdparty/FreeRTOS" -I"C:/Users/hoang/OneDrive - ut.edu.vn/Desktop/PROJECT/sample code/FREERTOS/workspace/thirdparty/SEGGER VIEW/CONFIG" -I"C:/Users/hoang/OneDrive - ut.edu.vn/Desktop/PROJECT/sample code/FREERTOS/workspace/thirdparty/SEGGER VIEW/OS" -I"C:/Users/hoang/OneDrive - ut.edu.vn/Desktop/PROJECT/sample code/FREERTOS/workspace/thirdparty/SEGGER VIEW/SEGGER" -I"C:/Users/hoang/OneDrive - ut.edu.vn/Desktop/PROJECT/sample code/FREERTOS/workspace/thirdparty/SEGGER VIEW/REC" -I../Core/Inc -I"C:/Users/hoang/OneDrive - ut.edu.vn/Desktop/PROJECT/sample code/FREERTOS/workspace/12_freertos_3tasks_keypad_lcd_rtc/user_drivers/Inc" -O0 -ffunction-sections -fdata-sections -Wall -fstack-usage -MMD -MP -MF"Core/Src/stm32f4xx_hal_msp.d" -MT"Core/Src/stm32f4xx_hal_msp.o" --specs=nano.specs -mfpu=fpv4-sp-d16 -mfloat-abi=hard -mthumb -o "Core/Src/stm32f4xx_hal_msp.o"
arm-none-eabi-gcc "../Core/Src/stm32f4xx_hal_timebase_tim.c" -mcpu=cortex-m4 -std=gnu11 -g3 -DDEBUG -DUSE_HAL_DRIVER -DSTM32F411xE -c -I../Drivers/STM32F4xx_HAL_Driver/Inc -I../Drivers/STM32F4xx_HAL_Driver/Inc/Legacy -I../Drivers/CMSIS/Device/ST/STM32F4xx/Include -I../Drivers/CMSIS/Include -I"C:/Users/hoang/OneDrive - ut.edu.vn/Desktop/PROJECT/sample code/FREERTOS/workspace/thirdparty/FreeRTOS/include" -I"C:/Users/hoang/OneDrive - ut.edu.vn/Desktop/PROJECT/sample code/FREERTOS/workspace/thirdparty/FreeRTOS/portable/GCC/ARM_CM4F" -I"C:/Users/hoang/OneDrive - ut.edu.vn/Desktop/PROJECT/sample code/FREERTOS/workspace/thirdparty/FreeRTOS" -I"C:/Users/hoang/OneDrive - ut.edu.vn/Desktop/PROJECT/sample code/FREERTOS/workspace/thirdparty/SEGGER VIEW/CONFIG" -I"C:/Users/hoang/OneDrive - ut.edu.vn/Desktop/PROJECT/sample code/FREERTOS/workspace/thirdparty/SEGGER VIEW/OS" -I"C:/Users/hoang/OneDrive - ut.edu.vn/Desktop/PROJECT/sample code/FREERTOS/workspace/thirdparty/SEGGER VIEW/SEGGER" -I"C:/Users/hoang/OneDrive - ut.edu.vn/Desktop/PROJECT/sample code/FREERTOS/workspace/thirdparty/SEGGER VIEW/REC" -I../Core/Inc -I"C:/Users/hoang/OneDrive - ut.edu.vn/Desktop/PROJECT/sample code/FREERTOS/workspace/12_freertos_3tasks_keypad_lcd_rtc/user_drivers/Inc" -O0 -ffunction-sections -fdata-sections -Wall -fstack-usage -MMD -MP -MF"Core/Src/stm32f4xx_hal_timebase_tim.d" -MT"Core/Src/stm32f4xx_hal_timebase_tim.o" --specs=nano.specs -mfpu=fpv4-sp-d16 -mfloat-abi=hard -mthumb -o "Core/Src/stm32f4xx_hal_timebase_tim.o"
arm-none-eabi-gcc "../Core/Src/stm32f4xx_it.c" -mcpu=cortex-m4 -std=gnu11 -g3 -DDEBUG -DUSE_HAL_DRIVER -DSTM32F411xE -c -I../Drivers/STM32F4xx_HAL_Driver/Inc -I../Drivers/STM32F4xx_HAL_Driver/Inc/Legacy -I../Drivers/CMSIS/Device/ST/STM32F4xx/Include -I../Drivers/CMSIS/Include -I"C:/Users/hoang/OneDrive - ut.edu.vn/Desktop/PROJECT/sample code/FREERTOS/workspace/thirdparty/FreeRTOS/include" -I"C:/Users/hoang/OneDrive - ut.edu.vn/Desktop/PROJECT/sample code/FREERTOS/workspace/thirdparty/FreeRTOS/portable/GCC/ARM_CM4F" -I"C:/Users/hoang/OneDrive - ut.edu.vn/Desktop/PROJECT/sample code/FREERTOS/workspace/thirdparty/FreeRTOS" -I"C:/Users/hoang/OneDrive - ut.edu.vn/Desktop/PROJECT/sample code/FREERTOS/workspace/thirdparty/SEGGER VIEW/CONFIG" -I"C:/Users/hoang/OneDrive - ut.edu.vn/Desktop/PROJECT/sample code/FREERTOS/workspace/thirdparty/SEGGER VIEW/OS" -I"C:/Users/hoang/OneDrive - ut.edu.vn/Desktop/PROJECT/sample code/FREERTOS/workspace/thirdparty/SEGGER VIEW/SEGGER" -I"C:/Users/hoang/OneDrive - ut.edu.vn/Desktop/PROJECT/sample code/FREERTOS/workspace/thirdparty/SEGGER VIEW/REC" -I../Core/Inc -I"C:/Users/hoang/OneDrive - ut.edu.vn/Desktop/PROJECT/sample code/FREERTOS/workspace/12_freertos_3tasks_keypad_lcd_rtc/user_drivers/Inc" -O0 -ffunction-sections -fdata-sections -Wall -fstack-usage -MMD -MP -MF"Core/Src/stm32f4xx_it.d" -MT"Core/Src/stm32f4xx_it.o" --specs=nano.specs -mfpu=fpv4-sp-d16 -mfloat-abi=hard -mthumb -o "Core/Src/stm32f4xx_it.o"
arm-none-eabi-gcc "../Core/Src/system_stm32f4xx.c" -mcpu=cortex-m4 -std=gnu11 -g3 -DDEBUG -DUSE_HAL_DRIVER -DSTM32F411xE -c -I../Drivers/STM32F4xx_HAL_Driver/Inc -I../Drivers/STM32F4xx_HAL_Driver/Inc/Legacy -I../Drivers/CMSIS/Device/ST/STM32F4xx/Include -I../Drivers/CMSIS/Include -I"C:/Users/hoang/OneDrive - ut.edu.vn/Desktop/PROJECT/sample code/FREERTOS/workspace/thirdparty/FreeRTOS/include" -I"C:/Users/hoang/OneDrive - ut.edu.vn/Desktop/PROJECT/sample code/FREERTOS/workspace/thirdparty/FreeRTOS/portable/GCC/ARM_CM4F" -I"C:/Users/hoang/OneDrive - ut.edu.vn/Desktop/PROJECT/sample code/FREERTOS/workspace/thirdparty/FreeRTOS" -I"C:/Users/hoang/OneDrive - ut.edu.vn/Desktop/PROJECT/sample code/FREERTOS/workspace/thirdparty/SEGGER VIEW/CONFIG" -I"C:/Users/hoang/OneDrive - ut.edu.vn/Desktop/PROJECT/sample code/FREERTOS/workspace/thirdparty/SEGGER VIEW/OS" -I"C:/Users/hoang/OneDrive - ut.edu.vn/Desktop/PROJECT/sample code/FREERTOS/workspace/thirdparty/SEGGER VIEW/SEGGER" -I"C:/Users/hoang/OneDrive - ut.edu.vn/Desktop/PROJECT/sample code/FREERTOS/workspace/thirdparty/SEGGER VIEW/REC" -I../Core/Inc -I"C:/Users/hoang/OneDrive - ut.edu.vn/Desktop/PROJECT/sample code/FREERTOS/workspace/12_freertos_3tasks_keypad_lcd_rtc/user_drivers/Inc" -O0 -ffunction-sections -fdata-sections -Wall -fstack-usage -MMD -MP -MF"Core/Src/system_stm32f4xx.d" -MT"Core/Src/system_stm32f4xx.o" --specs=nano.specs -mfpu=fpv4-sp-d16 -mfloat-abi=hard -mthumb -o "Core/Src/system_stm32f4xx.o"
arm-none-eabi-gcc -o "12_freertos_3tasks_keypad_lcd_rtc.elf" @"objects.list"   -mcpu=cortex-m4 -T"C:\Users\hoang\OneDrive - ut.edu.vn\Desktop\PROJECT\sample code\FREERTOS\workspace\12_freertos_3tasks_keypad_lcd_rtc\STM32F411VETX_FLASH.ld" --specs=nosys.specs -Wl,-Map="12_freertos_3tasks_keypad_lcd_rtc.map" -Wl,--gc-sections -static --specs=nano.specs -mfpu=fpv4-sp-d16 -mfloat-abi=hard -mthumb -Wl,--start-group -lc -lm -Wl,--end-group
Finished building target: 12_freertos_3tasks_keypad_lcd_rtc.elf
 
arm-none-eabi-size   12_freertos_3tasks_keypad_lcd_rtc.elf 
arm-none-eabi-objdump -h -S  12_freertos_3tasks_keypad_lcd_rtc.elf  > "12_freertos_3tasks_keypad_lcd_rtc.list"
arm-none-eabi-objcopy  -O binary  12_freertos_3tasks_keypad_lcd_rtc.elf  "12_freertos_3tasks_keypad_lcd_rtc.bin"
   text	   data	    bss	    dec	    hex	filename
  36540	    160	  96160	 132860	  206fc	12_freertos_3tasks_keypad_lcd_rtc.elf
Finished building: default.size.stdout
 
Finished building: 12_freertos_3tasks_keypad_lcd_rtc.bin
 
Finished building: 12_freertos_3tasks_keypad_lcd_rtc.list
 
16:35:38 **** Incremental Build of configuration Debug for project 12_freertos_3tasks_keypad_lcd_rtc ****
make -j8 all 
arm-none-eabi-size   12_freertos_3tasks_keypad_lcd_rtc.elf 
   text	   data	    bss	    dec	    hex	filename
  36540	    160	  96160	 132860	  206fc	12_freertos_3tasks_keypad_lcd_rtc.elf
Finished building: default.size.stdout
 
16:38:40 **** Incremental Build of configuration Debug for project 12_freertos_3tasks_keypad_lcd_rtc ****
make -j8 all 
arm-none-eabi-size   12_freertos_3tasks_keypad_lcd_rtc.elf 
   text	   data	    bss	    dec	    hex	filename
  36540	    160	  96160	 132860	  206fc	12_freertos_3tasks_keypad_lcd_rtc.elf
Finished building: default.size.stdout
 
16:41:37 **** Incremental Build of configuration Debug for project 12_freertos_3tasks_keypad_lcd_rtc ****
make -j8 all 
arm-none-eabi-gcc "../Core/Src/main.c" -mcpu=cortex-m4 -std=gnu11 -g3 -DDEBUG -DUSE_HAL_DRIVER -DSTM32F411xE -c -I../Drivers/STM32F4xx_HAL_Driver/Inc -I../Drivers/STM32F4xx_HAL_Driver/Inc/Legacy -I../Drivers/CMSIS/Device/ST/STM32F4xx/Include -I../Drivers/CMSIS/Include -I"C:/Users/hoang/OneDrive - ut.edu.vn/Desktop/PROJECT/sample code/FREERTOS/workspace/thirdparty/FreeRTOS/include" -I"C:/Users/hoang/OneDrive - ut.edu.vn/Desktop/PROJECT/sample code/FREERTOS/workspace/thirdparty/FreeRTOS/portable/GCC/ARM_CM4F" -I"C:/Users/hoang/OneDrive - ut.edu.vn/Desktop/PROJECT/sample code/FREERTOS/workspace/thirdparty/FreeRTOS" -I"C:/Users/hoang/OneDrive - ut.edu.vn/Desktop/PROJECT/sample code/FREERTOS/workspace/thirdparty/SEGGER VIEW/CONFIG" -I"C:/Users/hoang/OneDrive - ut.edu.vn/Desktop/PROJECT/sample code/FREERTOS/workspace/thirdparty/SEGGER VIEW/OS" -I"C:/Users/hoang/OneDrive - ut.edu.vn/Desktop/PROJECT/sample code/FREERTOS/workspace/thirdparty/SEGGER VIEW/SEGGER" -I"C:/Users/hoang/OneDrive - ut.edu.vn/Desktop/PROJECT/sample code/FREERTOS/workspace/thirdparty/SEGGER VIEW/REC" -I../Core/Inc -I"C:/Users/hoang/OneDrive - ut.edu.vn/Desktop/PROJECT/sample code/FREERTOS/workspace/12_freertos_3tasks_keypad_lcd_rtc/user_drivers/Inc" -O0 -ffunction-sections -fdata-sections -Wall -fstack-usage -MMD -MP -MF"Core/Src/main.d" -MT"Core/Src/main.o" --specs=nano.specs -mfpu=fpv4-sp-d16 -mfloat-abi=hard -mthumb -o "Core/Src/main.o"
arm-none-eabi-gcc -o "12_freertos_3tasks_keypad_lcd_rtc.elf" @"objects.list"   -mcpu=cortex-m4 -T"C:\Users\hoang\OneDrive - ut.edu.vn\Desktop\PROJECT\sample code\FREERTOS\workspace\12_freertos_3tasks_keypad_lcd_rtc\STM32F411VETX_FLASH.ld" --specs=nosys.specs -Wl,-Map="12_freertos_3tasks_keypad_lcd_rtc.map" -Wl,--gc-sections -static --specs=nano.specs -mfpu=fpv4-sp-d16 -mfloat-abi=hard -mthumb -Wl,--start-group -lc -lm -Wl,--end-group
Finished building target: 12_freertos_3tasks_keypad_lcd_rtc.elf
 
arm-none-eabi-size   12_freertos_3tasks_keypad_lcd_rtc.elf 
arm-none-eabi-objdump -h -S  12_freertos_3tasks_keypad_lcd_rtc.elf  > "12_freertos_3tasks_keypad_lcd_rtc.list"
arm-none-eabi-objcopy  -O binary  12_freertos_3tasks_keypad_lcd_rtc.elf  "12_freertos_3tasks_keypad_lcd_rtc.bin"
   text	   data	    bss	    dec	    hex	filename
  36588	    160	  96160	 132908	  2072c	12_freertos_3tasks_keypad_lcd_rtc.elf
Finished building: default.size.stdout
 
Finished building: 12_freertos_3tasks_keypad_lcd_rtc.bin
 
Finished building: 12_freertos_3tasks_keypad_lcd_rtc.list
 
16:50:04 **** Incremental Build of configuration Debug for project 12_freertos_3tasks_keypad_lcd_rtc ****
make -j8 all 
arm-none-eabi-gcc "../Core/Src/main.c" -mcpu=cortex-m4 -std=gnu11 -g3 -DDEBUG -DUSE_HAL_DRIVER -DSTM32F411xE -c -I../Drivers/STM32F4xx_HAL_Driver/Inc -I../Drivers/STM32F4xx_HAL_Driver/Inc/Legacy -I../Drivers/CMSIS/Device/ST/STM32F4xx/Include -I../Drivers/CMSIS/Include -I"C:/Users/hoang/OneDrive - ut.edu.vn/Desktop/PROJECT/sample code/FREERTOS/workspace/thirdparty/FreeRTOS/include" -I"C:/Users/hoang/OneDrive - ut.edu.vn/Desktop/PROJECT/sample code/FREERTOS/workspace/thirdparty/FreeRTOS/portable/GCC/ARM_CM4F" -I"C:/Users/hoang/OneDrive - ut.edu.vn/Desktop/PROJECT/sample code/FREERTOS/workspace/thirdparty/FreeRTOS" -I"C:/Users/hoang/OneDrive - ut.edu.vn/Desktop/PROJECT/sample code/FREERTOS/workspace/thirdparty/SEGGER VIEW/CONFIG" -I"C:/Users/hoang/OneDrive - ut.edu.vn/Desktop/PROJECT/sample code/FREERTOS/workspace/thirdparty/SEGGER VIEW/OS" -I"C:/Users/hoang/OneDrive - ut.edu.vn/Desktop/PROJECT/sample code/FREERTOS/workspace/thirdparty/SEGGER VIEW/SEGGER" -I"C:/Users/hoang/OneDrive - ut.edu.vn/Desktop/PROJECT/sample code/FREERTOS/workspace/thirdparty/SEGGER VIEW/REC" -I../Core/Inc -I"C:/Users/hoang/OneDrive - ut.edu.vn/Desktop/PROJECT/sample code/FREERTOS/workspace/12_freertos_3tasks_keypad_lcd_rtc/user_drivers/Inc" -O0 -ffunction-sections -fdata-sections -Wall -fstack-usage -MMD -MP -MF"Core/Src/main.d" -MT"Core/Src/main.o" --specs=nano.specs -mfpu=fpv4-sp-d16 -mfloat-abi=hard -mthumb -o "Core/Src/main.o"
arm-none-eabi-gcc -o "12_freertos_3tasks_keypad_lcd_rtc.elf" @"objects.list"   -mcpu=cortex-m4 -T"C:\Users\hoang\OneDrive - ut.edu.vn\Desktop\PROJECT\sample code\FREERTOS\workspace\12_freertos_3tasks_keypad_lcd_rtc\STM32F411VETX_FLASH.ld" --specs=nosys.specs -Wl,-Map="12_freertos_3tasks_keypad_lcd_rtc.map" -Wl,--gc-sections -static --specs=nano.specs -mfpu=fpv4-sp-d16 -mfloat-abi=hard -mthumb -Wl,--start-group -lc -lm -Wl,--end-group
Finished building target: 12_freertos_3tasks_keypad_lcd_rtc.elf
 
arm-none-eabi-size   12_freertos_3tasks_keypad_lcd_rtc.elf 
arm-none-eabi-objdump -h -S  12_freertos_3tasks_keypad_lcd_rtc.elf  > "12_freertos_3tasks_keypad_lcd_rtc.list"
arm-none-eabi-objcopy  -O binary  12_freertos_3tasks_keypad_lcd_rtc.elf  "12_freertos_3tasks_keypad_lcd_rtc.bin"
   text	   data	    bss	    dec	    hex	filename
  36588	    160	  96160	 132908	  2072c	12_freertos_3tasks_keypad_lcd_rtc.elf
Finished building: default.size.stdout
 
Finished building: 12_freertos_3tasks_keypad_lcd_rtc.bin
 
Finished building: 12_freertos_3tasks_keypad_lcd_rtc.list
 
16:54:58 **** Incremental Build of configuration Debug for project 12_freertos_3tasks_keypad_lcd_rtc ****
make -j8 all 
arm-none-eabi-gcc "../Core/Src/main.c" -mcpu=cortex-m4 -std=gnu11 -g3 -DDEBUG -DUSE_HAL_DRIVER -DSTM32F411xE -c -I../Drivers/STM32F4xx_HAL_Driver/Inc -I../Drivers/STM32F4xx_HAL_Driver/Inc/Legacy -I../Drivers/CMSIS/Device/ST/STM32F4xx/Include -I../Drivers/CMSIS/Include -I"C:/Users/hoang/OneDrive - ut.edu.vn/Desktop/PROJECT/sample code/FREERTOS/workspace/thirdparty/FreeRTOS/include" -I"C:/Users/hoang/OneDrive - ut.edu.vn/Desktop/PROJECT/sample code/FREERTOS/workspace/thirdparty/FreeRTOS/portable/GCC/ARM_CM4F" -I"C:/Users/hoang/OneDrive - ut.edu.vn/Desktop/PROJECT/sample code/FREERTOS/workspace/thirdparty/FreeRTOS" -I"C:/Users/hoang/OneDrive - ut.edu.vn/Desktop/PROJECT/sample code/FREERTOS/workspace/thirdparty/SEGGER VIEW/CONFIG" -I"C:/Users/hoang/OneDrive - ut.edu.vn/Desktop/PROJECT/sample code/FREERTOS/workspace/thirdparty/SEGGER VIEW/OS" -I"C:/Users/hoang/OneDrive - ut.edu.vn/Desktop/PROJECT/sample code/FREERTOS/workspace/thirdparty/SEGGER VIEW/SEGGER" -I"C:/Users/hoang/OneDrive - ut.edu.vn/Desktop/PROJECT/sample code/FREERTOS/workspace/thirdparty/SEGGER VIEW/REC" -I../Core/Inc -I"C:/Users/hoang/OneDrive - ut.edu.vn/Desktop/PROJECT/sample code/FREERTOS/workspace/12_freertos_3tasks_keypad_lcd_rtc/user_drivers/Inc" -O0 -ffunction-sections -fdata-sections -Wall -fstack-usage -MMD -MP -MF"Core/Src/main.d" -MT"Core/Src/main.o" --specs=nano.specs -mfpu=fpv4-sp-d16 -mfloat-abi=hard -mthumb -o "Core/Src/main.o"
arm-none-eabi-gcc "../Core/Src/stm32f4xx_it.c" -mcpu=cortex-m4 -std=gnu11 -g3 -DDEBUG -DUSE_HAL_DRIVER -DSTM32F411xE -c -I../Drivers/STM32F4xx_HAL_Driver/Inc -I../Drivers/STM32F4xx_HAL_Driver/Inc/Legacy -I../Drivers/CMSIS/Device/ST/STM32F4xx/Include -I../Drivers/CMSIS/Include -I"C:/Users/hoang/OneDrive - ut.edu.vn/Desktop/PROJECT/sample code/FREERTOS/workspace/thirdparty/FreeRTOS/include" -I"C:/Users/hoang/OneDrive - ut.edu.vn/Desktop/PROJECT/sample code/FREERTOS/workspace/thirdparty/FreeRTOS/portable/GCC/ARM_CM4F" -I"C:/Users/hoang/OneDrive - ut.edu.vn/Desktop/PROJECT/sample code/FREERTOS/workspace/thirdparty/FreeRTOS" -I"C:/Users/hoang/OneDrive - ut.edu.vn/Desktop/PROJECT/sample code/FREERTOS/workspace/thirdparty/SEGGER VIEW/CONFIG" -I"C:/Users/hoang/OneDrive - ut.edu.vn/Desktop/PROJECT/sample code/FREERTOS/workspace/thirdparty/SEGGER VIEW/OS" -I"C:/Users/hoang/OneDrive - ut.edu.vn/Desktop/PROJECT/sample code/FREERTOS/workspace/thirdparty/SEGGER VIEW/SEGGER" -I"C:/Users/hoang/OneDrive - ut.edu.vn/Desktop/PROJECT/sample code/FREERTOS/workspace/thirdparty/SEGGER VIEW/REC" -I../Core/Inc -I"C:/Users/hoang/OneDrive - ut.edu.vn/Desktop/PROJECT/sample code/FREERTOS/workspace/12_freertos_3tasks_keypad_lcd_rtc/user_drivers/Inc" -O0 -ffunction-sections -fdata-sections -Wall -fstack-usage -MMD -MP -MF"Core/Src/stm32f4xx_it.d" -MT"Core/Src/stm32f4xx_it.o" --specs=nano.specs -mfpu=fpv4-sp-d16 -mfloat-abi=hard -mthumb -o "Core/Src/stm32f4xx_it.o"
arm-none-eabi-gcc -o "12_freertos_3tasks_keypad_lcd_rtc.elf" @"objects.list"   -mcpu=cortex-m4 -T"C:\Users\hoang\OneDrive - ut.edu.vn\Desktop\PROJECT\sample code\FREERTOS\workspace\12_freertos_3tasks_keypad_lcd_rtc\STM32F411VETX_FLASH.ld" --specs=nosys.specs -Wl,-Map="12_freertos_3tasks_keypad_lcd_rtc.map" -Wl,--gc-sections -static --specs=nano.specs -mfpu=fpv4-sp-d16 -mfloat-abi=hard -mthumb -Wl,--start-group -lc -lm -Wl,--end-group
Finished building target: 12_freertos_3tasks_keypad_lcd_rtc.elf
 
arm-none-eabi-size   12_freertos_3tasks_keypad_lcd_rtc.elf 
arm-none-eabi-objdump -h -S  12_freertos_3tasks_keypad_lcd_rtc.elf  > "12_freertos_3tasks_keypad_lcd_rtc.list"
   text	   data	    bss	    dec	    hex	filename
  36620	    160	  96160	 132940	  2074c	12_freertos_3tasks_keypad_lcd_rtc.elf
arm-none-eabi-objcopy  -O binary  12_freertos_3tasks_keypad_lcd_rtc.elf  "12_freertos_3tasks_keypad_lcd_rtc.bin"
Finished building: default.size.stdout
 
Finished building: 12_freertos_3tasks_keypad_lcd_rtc.bin
 
Finished building: 12_freertos_3tasks_keypad_lcd_rtc.list
 
16:56:57 **** Incremental Build of configuration Debug for project 12_freertos_3tasks_keypad_lcd_rtc ****
make -j8 all 
arm-none-eabi-gcc "../Core/Src/main.c" -mcpu=cortex-m4 -std=gnu11 -g3 -DDEBUG -DUSE_HAL_DRIVER -DSTM32F411xE -c -I../Drivers/STM32F4xx_HAL_Driver/Inc -I../Drivers/STM32F4xx_HAL_Driver/Inc/Legacy -I../Drivers/CMSIS/Device/ST/STM32F4xx/Include -I../Drivers/CMSIS/Include -I"C:/Users/hoang/OneDrive - ut.edu.vn/Desktop/PROJECT/sample code/FREERTOS/workspace/thirdparty/FreeRTOS/include" -I"C:/Users/hoang/OneDrive - ut.edu.vn/Desktop/PROJECT/sample code/FREERTOS/workspace/thirdparty/FreeRTOS/portable/GCC/ARM_CM4F" -I"C:/Users/hoang/OneDrive - ut.edu.vn/Desktop/PROJECT/sample code/FREERTOS/workspace/thirdparty/FreeRTOS" -I"C:/Users/hoang/OneDrive - ut.edu.vn/Desktop/PROJECT/sample code/FREERTOS/workspace/thirdparty/SEGGER VIEW/CONFIG" -I"C:/Users/hoang/OneDrive - ut.edu.vn/Desktop/PROJECT/sample code/FREERTOS/workspace/thirdparty/SEGGER VIEW/OS" -I"C:/Users/hoang/OneDrive - ut.edu.vn/Desktop/PROJECT/sample code/FREERTOS/workspace/thirdparty/SEGGER VIEW/SEGGER" -I"C:/Users/hoang/OneDrive - ut.edu.vn/Desktop/PROJECT/sample code/FREERTOS/workspace/thirdparty/SEGGER VIEW/REC" -I../Core/Inc -I"C:/Users/hoang/OneDrive - ut.edu.vn/Desktop/PROJECT/sample code/FREERTOS/workspace/12_freertos_3tasks_keypad_lcd_rtc/user_drivers/Inc" -O0 -ffunction-sections -fdata-sections -Wall -fstack-usage -MMD -MP -MF"Core/Src/main.d" -MT"Core/Src/main.o" --specs=nano.specs -mfpu=fpv4-sp-d16 -mfloat-abi=hard -mthumb -o "Core/Src/main.o"
arm-none-eabi-gcc -o "12_freertos_3tasks_keypad_lcd_rtc.elf" @"objects.list"   -mcpu=cortex-m4 -T"C:\Users\hoang\OneDrive - ut.edu.vn\Desktop\PROJECT\sample code\FREERTOS\workspace\12_freertos_3tasks_keypad_lcd_rtc\STM32F411VETX_FLASH.ld" --specs=nosys.specs -Wl,-Map="12_freertos_3tasks_keypad_lcd_rtc.map" -Wl,--gc-sections -static --specs=nano.specs -mfpu=fpv4-sp-d16 -mfloat-abi=hard -mthumb -Wl,--start-group -lc -lm -Wl,--end-group
Finished building target: 12_freertos_3tasks_keypad_lcd_rtc.elf
 
arm-none-eabi-size   12_freertos_3tasks_keypad_lcd_rtc.elf 
arm-none-eabi-objdump -h -S  12_freertos_3tasks_keypad_lcd_rtc.elf  > "12_freertos_3tasks_keypad_lcd_rtc.list"
   text	   data	    bss	    dec	    hex	filename
  36572	    160	  96160	 132892	  2071c	12_freertos_3tasks_keypad_lcd_rtc.elf
arm-none-eabi-objcopy  -O binary  12_freertos_3tasks_keypad_lcd_rtc.elf  "12_freertos_3tasks_keypad_lcd_rtc.bin"
Finished building: default.size.stdout
 
Finished building: 12_freertos_3tasks_keypad_lcd_rtc.bin
 
Finished building: 12_freertos_3tasks_keypad_lcd_rtc.list
 
16:58:29 **** Incremental Build of configuration Debug for project 12_freertos_3tasks_keypad_lcd_rtc ****
make -j8 all 
arm-none-eabi-gcc "../Core/Src/main.c" -mcpu=cortex-m4 -std=gnu11 -g3 -DDEBUG -DUSE_HAL_DRIVER -DSTM32F411xE -c -I../Drivers/STM32F4xx_HAL_Driver/Inc -I../Drivers/STM32F4xx_HAL_Driver/Inc/Legacy -I../Drivers/CMSIS/Device/ST/STM32F4xx/Include -I../Drivers/CMSIS/Include -I"C:/Users/hoang/OneDrive - ut.edu.vn/Desktop/PROJECT/sample code/FREERTOS/workspace/thirdparty/FreeRTOS/include" -I"C:/Users/hoang/OneDrive - ut.edu.vn/Desktop/PROJECT/sample code/FREERTOS/workspace/thirdparty/FreeRTOS/portable/GCC/ARM_CM4F" -I"C:/Users/hoang/OneDrive - ut.edu.vn/Desktop/PROJECT/sample code/FREERTOS/workspace/thirdparty/FreeRTOS" -I"C:/Users/hoang/OneDrive - ut.edu.vn/Desktop/PROJECT/sample code/FREERTOS/workspace/thirdparty/SEGGER VIEW/CONFIG" -I"C:/Users/hoang/OneDrive - ut.edu.vn/Desktop/PROJECT/sample code/FREERTOS/workspace/thirdparty/SEGGER VIEW/OS" -I"C:/Users/hoang/OneDrive - ut.edu.vn/Desktop/PROJECT/sample code/FREERTOS/workspace/thirdparty/SEGGER VIEW/SEGGER" -I"C:/Users/hoang/OneDrive - ut.edu.vn/Desktop/PROJECT/sample code/FREERTOS/workspace/thirdparty/SEGGER VIEW/REC" -I../Core/Inc -I"C:/Users/hoang/OneDrive - ut.edu.vn/Desktop/PROJECT/sample code/FREERTOS/workspace/12_freertos_3tasks_keypad_lcd_rtc/user_drivers/Inc" -O0 -ffunction-sections -fdata-sections -Wall -fstack-usage -MMD -MP -MF"Core/Src/main.d" -MT"Core/Src/main.o" --specs=nano.specs -mfpu=fpv4-sp-d16 -mfloat-abi=hard -mthumb -o "Core/Src/main.o"
arm-none-eabi-gcc -o "12_freertos_3tasks_keypad_lcd_rtc.elf" @"objects.list"   -mcpu=cortex-m4 -T"C:\Users\hoang\OneDrive - ut.edu.vn\Desktop\PROJECT\sample code\FREERTOS\workspace\12_freertos_3tasks_keypad_lcd_rtc\STM32F411VETX_FLASH.ld" --specs=nosys.specs -Wl,-Map="12_freertos_3tasks_keypad_lcd_rtc.map" -Wl,--gc-sections -static --specs=nano.specs -mfpu=fpv4-sp-d16 -mfloat-abi=hard -mthumb -Wl,--start-group -lc -lm -Wl,--end-group
Finished building target: 12_freertos_3tasks_keypad_lcd_rtc.elf
 
arm-none-eabi-size   12_freertos_3tasks_keypad_lcd_rtc.elf 
arm-none-eabi-objdump -h -S  12_freertos_3tasks_keypad_lcd_rtc.elf  > "12_freertos_3tasks_keypad_lcd_rtc.list"
   text	   data	    bss	    dec	    hex	filename
  36588	    160	  96160	 132908	  2072c	12_freertos_3tasks_keypad_lcd_rtc.elf
arm-none-eabi-objcopy  -O binary  12_freertos_3tasks_keypad_lcd_rtc.elf  "12_freertos_3tasks_keypad_lcd_rtc.bin"
Finished building: default.size.stdout
 
Finished building: 12_freertos_3tasks_keypad_lcd_rtc.bin
 
Finished building: 12_freertos_3tasks_keypad_lcd_rtc.list
 
